Extracting support files...
15:34:47 **** Incremental Build of configuration HardwareDebug for project RZ_T_sflash ****
make -j4 all 
'arm-none-eabi-gcc -mcpu=cortex-r4f -march=armv7-r -marm -mthumb-interwork -mlittle-endian -mfloat-abi=softfp -mfpu=vfp -O0 -ffunction-sections -fdata-sections -Wnull-dereference -g3 -I"C:/Users/josch/OneDrive/Studium/Semester/6. Semester/Fachpraktikum/EtherCAT_CiA402/1_Workspace/workspace_selfmade_ssc/1_V2.x/EtherCAT_SSC_CiA402/project/sflash/RZ_T_sflash/../../../inc" -I"C:/Users/josch/OneDrive/Studium/Semester/6. Semester/Fachpraktikum/EtherCAT_CiA402/1_Workspace/workspace_selfmade_ssc/1_V2.x/EtherCAT_SSC_CiA402/project/sflash/RZ_T_sflash/../../../src/sample/src/Src" -DDOUBLE_HAS_64_BITS -MMD -MP -MF"src/sample/src/Src/CiA402Example.d" -MT"src/sample/src/Src/CiA402Example.d" -c -o "src/sample/src/Src/CiA402Example.o" "C:/Users/josch/OneDrive/Studium/Semester/6. Semester/Fachpraktikum/EtherCAT_CiA402/1_Workspace/workspace_selfmade_ssc/1_V2.x/EtherCAT_SSC_CiA402/src/sample/src/Src/CiA402Example.c"'
'arm-none-eabi-gcc -mcpu=cortex-r4f -march=armv7-r -marm -mthumb-interwork -mlittle-endian -mfloat-abi=softfp -mfpu=vfp -O0 -ffunction-sections -fdata-sections -Wnull-dereference -g3 -I"C:/Users/josch/OneDrive/Studium/Semester/6. Semester/Fachpraktikum/EtherCAT_CiA402/1_Workspace/workspace_selfmade_ssc/1_V2.x/EtherCAT_SSC_CiA402/project/sflash/RZ_T_sflash/../../../inc" -I"C:/Users/josch/OneDrive/Studium/Semester/6. Semester/Fachpraktikum/EtherCAT_CiA402/1_Workspace/workspace_selfmade_ssc/1_V2.x/EtherCAT_SSC_CiA402/project/sflash/RZ_T_sflash/../../../src/sample/src/Src" -DDOUBLE_HAS_64_BITS -MMD -MP -MF"src/sample/src/Src/coeappl.d" -MT"src/sample/src/Src/coeappl.d" -c -o "src/sample/src/Src/coeappl.o" "C:/Users/josch/OneDrive/Studium/Semester/6. Semester/Fachpraktikum/EtherCAT_CiA402/1_Workspace/workspace_selfmade_ssc/1_V2.x/EtherCAT_SSC_CiA402/src/sample/src/Src/coeappl.c"'
'arm-none-eabi-gcc -mcpu=cortex-r4f -march=armv7-r -marm -mthumb-interwork -mlittle-endian -mfloat-abi=softfp -mfpu=vfp -O0 -ffunction-sections -fdata-sections -Wnull-dereference -g3 -I"C:/Users/josch/OneDrive/Studium/Semester/6. Semester/Fachpraktikum/EtherCAT_CiA402/1_Workspace/workspace_selfmade_ssc/1_V2.x/EtherCAT_SSC_CiA402/project/sflash/RZ_T_sflash/../../../inc" -I"C:/Users/josch/OneDrive/Studium/Semester/6. Semester/Fachpraktikum/EtherCAT_CiA402/1_Workspace/workspace_selfmade_ssc/1_V2.x/EtherCAT_SSC_CiA402/project/sflash/RZ_T_sflash/../../../src/sample/src/Src" -DDOUBLE_HAS_64_BITS -MMD -MP -MF"src/sample/src/Src/ecatappl.d" -MT"src/sample/src/Src/ecatappl.d" -c -o "src/sample/src/Src/ecatappl.o" "C:/Users/josch/OneDrive/Studium/Semester/6. Semester/Fachpraktikum/EtherCAT_CiA402/1_Workspace/workspace_selfmade_ssc/1_V2.x/EtherCAT_SSC_CiA402/src/sample/src/Src/ecatappl.c"'
'arm-none-eabi-gcc -mcpu=cortex-r4f -march=armv7-r -marm -mthumb-interwork -mlittle-endian -mfloat-abi=softfp -mfpu=vfp -O0 -ffunction-sections -fdata-sections -Wnull-dereference -g3 -I"C:/Users/josch/OneDrive/Studium/Semester/6. Semester/Fachpraktikum/EtherCAT_CiA402/1_Workspace/workspace_selfmade_ssc/1_V2.x/EtherCAT_SSC_CiA402/project/sflash/RZ_T_sflash/../../../inc" -I"C:/Users/josch/OneDrive/Studium/Semester/6. Semester/Fachpraktikum/EtherCAT_CiA402/1_Workspace/workspace_selfmade_ssc/1_V2.x/EtherCAT_SSC_CiA402/project/sflash/RZ_T_sflash/../../../src/sample/src/Src" -DDOUBLE_HAS_64_BITS -MMD -MP -MF"src/sample/src/Src/ecatcoe.d" -MT"src/sample/src/Src/ecatcoe.d" -c -o "src/sample/src/Src/ecatcoe.o" "C:/Users/josch/OneDrive/Studium/Semester/6. Semester/Fachpraktikum/EtherCAT_CiA402/1_Workspace/workspace_selfmade_ssc/1_V2.x/EtherCAT_SSC_CiA402/src/sample/src/Src/ecatcoe.c"'
'arm-none-eabi-gcc -mcpu=cortex-r4f -march=armv7-r -marm -mthumb-interwork -mlittle-endian -mfloat-abi=softfp -mfpu=vfp -O0 -ffunction-sections -fdata-sections -Wnull-dereference -g3 -I"C:/Users/josch/OneDrive/Studium/Semester/6. Semester/Fachpraktikum/EtherCAT_CiA402/1_Workspace/workspace_selfmade_ssc/1_V2.x/EtherCAT_SSC_CiA402/project/sflash/RZ_T_sflash/../../../inc" -I"C:/Users/josch/OneDrive/Studium/Semester/6. Semester/Fachpraktikum/EtherCAT_CiA402/1_Workspace/workspace_selfmade_ssc/1_V2.x/EtherCAT_SSC_CiA402/project/sflash/RZ_T_sflash/../../../src/sample/src/Src" -DDOUBLE_HAS_64_BITS -MMD -MP -MF"src/sample/src/Src/ecatslv.d" -MT"src/sample/src/Src/ecatslv.d" -c -o "src/sample/src/Src/ecatslv.o" "C:/Users/josch/OneDrive/Studium/Semester/6. Semester/Fachpraktikum/EtherCAT_CiA402/1_Workspace/workspace_selfmade_ssc/1_V2.x/EtherCAT_SSC_CiA402/src/sample/src/Src/ecatslv.c"'
'arm-none-eabi-gcc -mcpu=cortex-r4f -march=armv7-r -marm -mthumb-interwork -mlittle-endian -mfloat-abi=softfp -mfpu=vfp -O0 -ffunction-sections -fdata-sections -Wnull-dereference -g3 -I"C:/Users/josch/OneDrive/Studium/Semester/6. Semester/Fachpraktikum/EtherCAT_CiA402/1_Workspace/workspace_selfmade_ssc/1_V2.x/EtherCAT_SSC_CiA402/project/sflash/RZ_T_sflash/../../../inc" -I"C:/Users/josch/OneDrive/Studium/Semester/6. Semester/Fachpraktikum/EtherCAT_CiA402/1_Workspace/workspace_selfmade_ssc/1_V2.x/EtherCAT_SSC_CiA402/project/sflash/RZ_T_sflash/../../../src/sample/src/Src" -DDOUBLE_HAS_64_BITS -MMD -MP -MF"src/sample/src/Src/mailbox.d" -MT"src/sample/src/Src/mailbox.d" -c -o "src/sample/src/Src/mailbox.o" "C:/Users/josch/OneDrive/Studium/Semester/6. Semester/Fachpraktikum/EtherCAT_CiA402/1_Workspace/workspace_selfmade_ssc/1_V2.x/EtherCAT_SSC_CiA402/src/sample/src/Src/mailbox.c"'
'arm-none-eabi-gcc -mcpu=cortex-r4f -march=armv7-r -marm -mthumb-interwork -mlittle-endian -mfloat-abi=softfp -mfpu=vfp -O0 -ffunction-sections -fdata-sections -Wnull-dereference -g3 -I"C:/Users/josch/OneDrive/Studium/Semester/6. Semester/Fachpraktikum/EtherCAT_CiA402/1_Workspace/workspace_selfmade_ssc/1_V2.x/EtherCAT_SSC_CiA402/project/sflash/RZ_T_sflash/../../../inc" -I"C:/Users/josch/OneDrive/Studium/Semester/6. Semester/Fachpraktikum/EtherCAT_CiA402/1_Workspace/workspace_selfmade_ssc/1_V2.x/EtherCAT_SSC_CiA402/project/sflash/RZ_T_sflash/../../../src/sample/src/Src" -DDOUBLE_HAS_64_BITS -MMD -MP -MF"src/sample/src/Src/objdef.d" -MT"src/sample/src/Src/objdef.d" -c -o "src/sample/src/Src/objdef.o" "C:/Users/josch/OneDrive/Studium/Semester/6. Semester/Fachpraktikum/EtherCAT_CiA402/1_Workspace/workspace_selfmade_ssc/1_V2.x/EtherCAT_SSC_CiA402/src/sample/src/Src/objdef.c"'
'arm-none-eabi-gcc -mcpu=cortex-r4f -march=armv7-r -marm -mthumb-interwork -mlittle-endian -mfloat-abi=softfp -mfpu=vfp -O0 -ffunction-sections -fdata-sections -Wnull-dereference -g3 -I"C:/Users/josch/OneDrive/Studium/Semester/6. Semester/Fachpraktikum/EtherCAT_CiA402/1_Workspace/workspace_selfmade_ssc/1_V2.x/EtherCAT_SSC_CiA402/project/sflash/RZ_T_sflash/../../../inc" -I"C:/Users/josch/OneDrive/Studium/Semester/6. Semester/Fachpraktikum/EtherCAT_CiA402/1_Workspace/workspace_selfmade_ssc/1_V2.x/EtherCAT_SSC_CiA402/project/sflash/RZ_T_sflash/../../../src/sample/src/Src" -DDOUBLE_HAS_64_BITS -MMD -MP -MF"src/sample/src/Src/renesashw.d" -MT"src/sample/src/Src/renesashw.d" -c -o "src/sample/src/Src/renesashw.o" "C:/Users/josch/OneDrive/Studium/Semester/6. Semester/Fachpraktikum/EtherCAT_CiA402/1_Workspace/workspace_selfmade_ssc/1_V2.x/EtherCAT_SSC_CiA402/src/sample/src/Src/renesashw.c"'
'arm-none-eabi-gcc -mcpu=cortex-r4f -march=armv7-r -marm -mthumb-interwork -mlittle-endian -mfloat-abi=softfp -mfpu=vfp -O0 -ffunction-sections -fdata-sections -Wnull-dereference -g3 -I"C:/Users/josch/OneDrive/Studium/Semester/6. Semester/Fachpraktikum/EtherCAT_CiA402/1_Workspace/workspace_selfmade_ssc/1_V2.x/EtherCAT_SSC_CiA402/project/sflash/RZ_T_sflash/../../../inc" -I"C:/Users/josch/OneDrive/Studium/Semester/6. Semester/Fachpraktikum/EtherCAT_CiA402/1_Workspace/workspace_selfmade_ssc/1_V2.x/EtherCAT_SSC_CiA402/project/sflash/RZ_T_sflash/../../../src/sample/src/Src" -DDOUBLE_HAS_64_BITS -MMD -MP -MF"src/sample/src/Src/sdoserv.d" -MT"src/sample/src/Src/sdoserv.d" -c -o "src/sample/src/Src/sdoserv.o" "C:/Users/josch/OneDrive/Studium/Semester/6. Semester/Fachpraktikum/EtherCAT_CiA402/1_Workspace/workspace_selfmade_ssc/1_V2.x/EtherCAT_SSC_CiA402/src/sample/src/Src/sdoserv.c"'
'arm-none-eabi-gcc -mcpu=cortex-r4f -march=armv7-r -marm -mthumb-interwork -mlittle-endian -mfloat-abi=softfp -mfpu=vfp -O0 -ffunction-sections -fdata-sections -Wnull-dereference -g3 -I"C:/Users/josch/OneDrive/Studium/Semester/6. Semester/Fachpraktikum/EtherCAT_CiA402/1_Workspace/workspace_selfmade_ssc/1_V2.x/EtherCAT_SSC_CiA402/project/sflash/RZ_T_sflash/../../../inc" -I"C:/Users/josch/OneDrive/Studium/Semester/6. Semester/Fachpraktikum/EtherCAT_CiA402/1_Workspace/workspace_selfmade_ssc/1_V2.x/EtherCAT_SSC_CiA402/project/sflash/RZ_T_sflash/../../../src/sample/src/Src" -DDOUBLE_HAS_64_BITS -MMD -MP -MF"src/sample/src/Src/uart.d" -MT"src/sample/src/Src/uart.d" -c -o "src/sample/src/Src/uart.o" "C:/Users/josch/OneDrive/Studium/Semester/6. Semester/Fachpraktikum/EtherCAT_CiA402/1_Workspace/workspace_selfmade_ssc/1_V2.x/EtherCAT_SSC_CiA402/src/sample/src/Src/uart.c"'
'arm-none-eabi-gcc -mcpu=cortex-r4f -march=armv7-r -marm -mthumb-interwork -mlittle-endian -mfloat-abi=softfp -mfpu=vfp -O0 -ffunction-sections -fdata-sections -Wnull-dereference -g3 -I"C:/Users/josch/OneDrive/Studium/Semester/6. Semester/Fachpraktikum/EtherCAT_CiA402/1_Workspace/workspace_selfmade_ssc/1_V2.x/EtherCAT_SSC_CiA402/project/sflash/RZ_T_sflash/../../../inc" -I"C:/Users/josch/OneDrive/Studium/Semester/6. Semester/Fachpraktikum/EtherCAT_CiA402/1_Workspace/workspace_selfmade_ssc/1_V2.x/EtherCAT_SSC_CiA402/project/sflash/RZ_T_sflash/../../../src/sample/src/Src" -DDOUBLE_HAS_64_BITS -MMD -MP -MF"src/sample/board_RenesasEva.d" -MT"src/sample/board_RenesasEva.d" -c -o "src/sample/board_RenesasEva.o" "C:/Users/josch/OneDrive/Studium/Semester/6. Semester/Fachpraktikum/EtherCAT_CiA402/1_Workspace/workspace_selfmade_ssc/1_V2.x/EtherCAT_SSC_CiA402/src/sample/board_RenesasEva.c"'
C:/Users/josch/OneDrive/Studium/Semester/6. Semester/Fachpraktikum/EtherCAT_CiA402/1_Workspace/workspace_selfmade_ssc/1_V2.x/EtherCAT_SSC_CiA402/src/sample/src/Src/renesashw.c: In function 'HW_Init':
C:/Users/josch/OneDrive/Studium/Semester/6. Semester/Fachpraktikum/EtherCAT_CiA402/1_Workspace/workspace_selfmade_ssc/1_V2.x/EtherCAT_SSC_CiA402/src/sample/src/Src/renesashw.c:141:5: warning: implicit declaration of function 'ResetALEventMask' [-Wimplicit-function-declaration]
     ResetALEventMask( 0 );
     ^~~~~~~~~~~~~~~~
C:/Users/josch/OneDrive/Studium/Semester/6. Semester/Fachpraktikum/EtherCAT_CiA402/1_Workspace/workspace_selfmade_ssc/1_V2.x/EtherCAT_SSC_CiA402/src/sample/src/Src/sdoserv.c: In function 'SdoUploadSegmentInd':
C:/Users/josch/OneDrive/Studium/Semester/6. Semester/Fachpraktikum/EtherCAT_CiA402/1_Workspace/workspace_selfmade_ssc/1_V2.x/EtherCAT_SSC_CiA402/src/sample/src/Src/sdoserv.c:439:44: warning: overflow in implicit constant conversion [-Woverflow]
         pSdoSegRes->SdoHeader.SegHeader &= ~SEGHEADER_MASK;
                                            ^
C:/Users/josch/OneDrive/Studium/Semester/6. Semester/Fachpraktikum/EtherCAT_CiA402/1_Workspace/workspace_selfmade_ssc/1_V2.x/EtherCAT_SSC_CiA402/src/sample/src/Src/sdoserv.c: In function 'SDOS_SdoInd':
C:/Users/josch/OneDrive/Studium/Semester/6. Semester/Fachpraktikum/EtherCAT_CiA402/1_Workspace/workspace_selfmade_ssc/1_V2.x/EtherCAT_SSC_CiA402/src/sample/src/Src/sdoserv.c:840:92: warning: overflow in implicit constant conversion [-Woverflow]
                                 pSdoResStored->SdoHeader.Sdo[SDOHEADER_COMMANDOFFSET]   &= ~SDOHEADER_COMMANDMASK;
                                                                                            ^
C:/Users/josch/OneDrive/Studium/Semester/6. Semester/Fachpraktikum/EtherCAT_CiA402/1_Workspace/workspace_selfmade_ssc/1_V2.x/EtherCAT_SSC_CiA402/src/sample/src/Src/sdoserv.c:889:86: warning: overflow in implicit constant conversion [-Woverflow]
                             pSdoResStored->SdoHeader.Sdo[SDOHEADER_COMMANDOFFSET] &= ~SDOHEADER_COMMANDMASK;
                                                                                      ^
C:/Users/josch/OneDrive/Studium/Semester/6. Semester/Fachpraktikum/EtherCAT_CiA402/1_Workspace/workspace_selfmade_ssc/1_V2.x/EtherCAT_SSC_CiA402/src/sample/src/Src/sdoserv.c:914:86: warning: overflow in implicit constant conversion [-Woverflow]
                             pSdoResStored->SdoHeader.Sdo[SDOHEADER_COMMANDOFFSET] &= ~SDOHEADER_COMMANDMASK;
                                                                                      ^
C:/Users/josch/OneDrive/Studium/Semester/6. Semester/Fachpraktikum/EtherCAT_CiA402/1_Workspace/workspace_selfmade_ssc/1_V2.x/EtherCAT_SSC_CiA402/src/sample/src/Src/uart.c:21:16: warning: 'UART_AKTIV_HANDLER' initialized and declared 'extern'
 extern uint8_t UART_AKTIV_HANDLER = 0;   // Flag, um UART State Maschine zu aktivierem
                ^~~~~~~~~~~~~~~~~~
C:/Users/josch/OneDrive/Studium/Semester/6. Semester/Fachpraktikum/EtherCAT_CiA402/1_Workspace/workspace_selfmade_ssc/1_V2.x/EtherCAT_SSC_CiA402/src/sample/src/Src/uart.c:22:5: warning: data definition has no type or storage class
     SDO_REQ_FLAG = 0,     // Flag ob eine SDO-Request bearbeitet werden soll (dann 0xff)
     ^~~~~~~~~~~~
C:/Users/josch/OneDrive/Studium/Semester/6. Semester/Fachpraktikum/EtherCAT_CiA402/1_Workspace/workspace_selfmade_ssc/1_V2.x/EtherCAT_SSC_CiA402/src/sample/src/Src/uart.c:22:5: warning: type defaults to 'int' in declaration of 'SDO_REQ_FLAG' [-Wimplicit-int]
C:/Users/josch/OneDrive/Studium/Semester/6. Semester/Fachpraktikum/EtherCAT_CiA402/1_Workspace/workspace_selfmade_ssc/1_V2.x/EtherCAT_SSC_CiA402/src/sample/src/Src/uart.c:23:5: warning: type defaults to 'int' in declaration of 'SDO_IND_FLAG' [-Wimplicit-int]
     SDO_IND_FLAG = 0,     // Flag, ob die SDO-Request vom EC-Master an den UART Slave weitergeleitet wurde (Indication)
     ^~~~~~~~~~~~
C:/Users/josch/OneDrive/Studium/Semester/6. Semester/Fachpraktikum/EtherCAT_CiA402/1_Workspace/workspace_selfmade_ssc/1_V2.x/EtherCAT_SSC_CiA402/src/sample/src/Src/uart.c:24:5: warning: type defaults to 'int' in declaration of 'SDO_RES_FLAG' [-Wimplicit-int]
     SDO_RES_FLAG = 0,     // Flag, ob Antowort vom UART-Slave auf die SDO-Request erhalten
     ^~~~~~~~~~~~
C:/Users/josch/OneDrive/Studium/Semester/6. Semester/Fachpraktikum/EtherCAT_CiA402/1_Workspace/workspace_selfmade_ssc/1_V2.x/EtherCAT_SSC_CiA402/src/sample/src/Src/uart.c:25:5: warning: type defaults to 'int' in declaration of 'SDO_TIMEOUT' [-Wimplicit-int]
     SDO_TIMEOUT = 0;     // Flag, ob wartezeit auf SDO-Antwort größer als die Timeoutzeit (UART_TIMEOUT), wird erst im nächsten Sendezyklus resettet
     ^~~~~~~~~~~
C:/Users/josch/OneDrive/Studium/Semester/6. Semester/Fachpraktikum/EtherCAT_CiA402/1_Workspace/workspace_selfmade_ssc/1_V2.x/EtherCAT_SSC_CiA402/src/sample/src/Src/uart.c:27:17: warning: 'controlword' initialized and declared 'extern'
 extern uint16_t controlword = 0,     // Controlword from EtherCAT Master
                 ^~~~~~~~~~~
C:/Users/josch/OneDrive/Studium/Semester/6. Semester/Fachpraktikum/EtherCAT_CiA402/1_Workspace/workspace_selfmade_ssc/1_V2.x/EtherCAT_SSC_CiA402/src/sample/src/Src/uart.c:28:5: warning: 'statusword' initialized and declared 'extern'
     statusword = 0;      // Statusword from UART Slave
     ^~~~~~~~~~
C:/Users/josch/OneDrive/Studium/Semester/6. Semester/Fachpraktikum/EtherCAT_CiA402/1_Workspace/workspace_selfmade_ssc/1_V2.x/EtherCAT_SSC_CiA402/src/sample/src/Src/uart.c:30:17: warning: 'targetPosition' initialized and declared 'extern'
 extern uint32_t targetPosition   = 0,    // Target Position from EchterCAT Master
                 ^~~~~~~~~~~~~~
C:/Users/josch/OneDrive/Studium/Semester/6. Semester/Fachpraktikum/EtherCAT_CiA402/1_Workspace/workspace_selfmade_ssc/1_V2.x/EtherCAT_SSC_CiA402/src/sample/src/Src/uart.c:31:5: warning: 'targetVelocity' initialized and declared 'extern'
     targetVelocity  = 0,   // Target Velocity from EchterCAT Master
     ^~~~~~~~~~~~~~
C:/Users/josch/OneDrive/Studium/Semester/6. Semester/Fachpraktikum/EtherCAT_CiA402/1_Workspace/workspace_selfmade_ssc/1_V2.x/EtherCAT_SSC_CiA402/src/sample/src/Src/uart.c:32:5: warning: 'actuellePosition' initialized and declared 'extern'
     actuellePosition  = 0,   // Aktuelle Position vom UART Slave
     ^~~~~~~~~~~~~~~~
C:/Users/josch/OneDrive/Studium/Semester/6. Semester/Fachpraktikum/EtherCAT_CiA402/1_Workspace/workspace_selfmade_ssc/1_V2.x/EtherCAT_SSC_CiA402/src/sample/src/Src/uart.c:33:5: warning: 'actuelleVelocity' initialized and declared 'extern'
     actuelleVelocity = 0,   // Aktuelle Velocity vom UART Slave
'arm-none-eabi-gcc -mcpu=cortex-r4f -march=armv7-r -marm -mthumb-interwork -mlittle-endian -mfloat-abi=softfp -mfpu=vfp -O0 -ffunction-sections -fdata-sections -Wnull-dereference -g3 -I"C:/Users/josch/OneDrive/Studium/Semester/6. Semester/Fachpraktikum/EtherCAT_CiA402/1_Workspace/workspace_selfmade_ssc/1_V2.x/EtherCAT_SSC_CiA402/project/sflash/RZ_T_sflash/../../../inc" -I"C:/Users/josch/OneDrive/Studium/Semester/6. Semester/Fachpraktikum/EtherCAT_CiA402/1_Workspace/workspace_selfmade_ssc/1_V2.x/EtherCAT_SSC_CiA402/project/sflash/RZ_T_sflash/../../../src/sample/src/Src" -DDOUBLE_HAS_64_BITS -MMD -MP -MF"src/sample/main.d" -MT"src/sample/main.d" -c -o "src/sample/main.o" "C:/Users/josch/OneDrive/Studium/Semester/6. Semester/Fachpraktikum/EtherCAT_CiA402/1_Workspace/workspace_selfmade_ssc/1_V2.x/EtherCAT_SSC_CiA402/src/sample/main.c"'
     ^~~~~~~~~~~~~~~~
C:/Users/josch/OneDrive/Studium/Semester/6. Semester/Fachpraktikum/EtherCAT_CiA402/1_Workspace/workspace_selfmade_ssc/1_V2.x/EtherCAT_SSC_CiA402/src/sample/src/Src/uart.c:34:5: warning: 'headerSDO' initialized and declared 'extern'
     headerSDO    = 0,   // SDO Header (xzy [1], Index [2], Subindex [1])
     ^~~~~~~~~
C:/Users/josch/OneDrive/Studium/Semester/6. Semester/Fachpraktikum/EtherCAT_CiA402/1_Workspace/workspace_selfmade_ssc/1_V2.x/EtherCAT_SSC_CiA402/src/sample/src/Src/uart.c:35:5: warning: 'sdoData' initialized and declared 'extern'
     sdoData    = 0,   // SDO Data
     ^~~~~~~
C:/Users/josch/OneDrive/Studium/Semester/6. Semester/Fachpraktikum/EtherCAT_CiA402/1_Workspace/workspace_selfmade_ssc/1_V2.x/EtherCAT_SSC_CiA402/src/sample/src/Src/uart.c:36:5: warning: 'sdo_res_data' initialized and declared 'extern'
     sdo_res_data  = 0;   // Daten der Antwort vom UART Slave
     ^~~~~~~~~~~~
'arm-none-eabi-gcc -mcpu=cortex-r4f -march=armv7-r -marm -mthumb-interwork -mlittle-endian -mfloat-abi=softfp -mfpu=vfp -O0 -ffunction-sections -fdata-sections -Wnull-dereference -g3 -x assembler-with-cpp -MMD -MP -MF"src/sample/nestintr_wrap.d" -MT"src/sample/nestintr_wrap.d" -c -o "src/sample/nestintr_wrap.o" "C:/Users/josch/OneDrive/Studium/Semester/6. Semester/Fachpraktikum/EtherCAT_CiA402/1_Workspace/workspace_selfmade_ssc/1_V2.x/EtherCAT_SSC_CiA402/src/sample/nestintr_wrap.asm"'
'arm-none-eabi-gcc -mcpu=cortex-r4f -march=armv7-r -marm -mthumb-interwork -mlittle-endian -mfloat-abi=softfp -mfpu=vfp -O0 -ffunction-sections -fdata-sections -Wnull-dereference -g3 -I"C:/Users/josch/OneDrive/Studium/Semester/6. Semester/Fachpraktikum/EtherCAT_CiA402/1_Workspace/workspace_selfmade_ssc/1_V2.x/EtherCAT_SSC_CiA402/project/sflash/RZ_T_sflash/../../../inc" -I"C:/Users/josch/OneDrive/Studium/Semester/6. Semester/Fachpraktikum/EtherCAT_CiA402/1_Workspace/workspace_selfmade_ssc/1_V2.x/EtherCAT_SSC_CiA402/project/sflash/RZ_T_sflash/../../../src/sample/src/Src" -DDOUBLE_HAS_64_BITS -MMD -MP -MF"src/drv/ether/r_ether.d" -MT"src/drv/ether/r_ether.d" -c -o "src/drv/ether/r_ether.o" "C:/Users/josch/OneDrive/Studium/Semester/6. Semester/Fachpraktikum/EtherCAT_CiA402/1_Workspace/workspace_selfmade_ssc/1_V2.x/EtherCAT_SSC_CiA402/src/drv/ether/r_ether.c"'
'arm-none-eabi-gcc -mcpu=cortex-r4f -march=armv7-r -marm -mthumb-interwork -mlittle-endian -mfloat-abi=softfp -mfpu=vfp -O0 -ffunction-sections -fdata-sections -Wnull-dereference -g3 -I"C:/Users/josch/OneDrive/Studium/Semester/6. Semester/Fachpraktikum/EtherCAT_CiA402/1_Workspace/workspace_selfmade_ssc/1_V2.x/EtherCAT_SSC_CiA402/project/sflash/RZ_T_sflash/../../../inc" -I"C:/Users/josch/OneDrive/Studium/Semester/6. Semester/Fachpraktikum/EtherCAT_CiA402/1_Workspace/workspace_selfmade_ssc/1_V2.x/EtherCAT_SSC_CiA402/project/sflash/RZ_T_sflash/../../../src/sample/src/Src" -DDOUBLE_HAS_64_BITS -MMD -MP -MF"src/drv/cmt/cmt_userdef.d" -MT"src/drv/cmt/cmt_userdef.d" -c -o "src/drv/cmt/cmt_userdef.o" "C:/Users/josch/OneDrive/Studium/Semester/6. Semester/Fachpraktikum/EtherCAT_CiA402/1_Workspace/workspace_selfmade_ssc/1_V2.x/EtherCAT_SSC_CiA402/src/drv/cmt/cmt_userdef.c"'
'arm-none-eabi-gcc -mcpu=cortex-r4f -march=armv7-r -marm -mthumb-interwork -mlittle-endian -mfloat-abi=softfp -mfpu=vfp -O0 -ffunction-sections -fdata-sections -Wnull-dereference -g3 -I"C:/Users/josch/OneDrive/Studium/Semester/6. Semester/Fachpraktikum/EtherCAT_CiA402/1_Workspace/workspace_selfmade_ssc/1_V2.x/EtherCAT_SSC_CiA402/project/sflash/RZ_T_sflash/../../../inc" -I"C:/Users/josch/OneDrive/Studium/Semester/6. Semester/Fachpraktikum/EtherCAT_CiA402/1_Workspace/workspace_selfmade_ssc/1_V2.x/EtherCAT_SSC_CiA402/project/sflash/RZ_T_sflash/../../../src/sample/src/Src" -DDOUBLE_HAS_64_BITS -MMD -MP -MF"src/drv/cmt/r_cmt.d" -MT"src/drv/cmt/r_cmt.d" -c -o "src/drv/cmt/r_cmt.o" "C:/Users/josch/OneDrive/Studium/Semester/6. Semester/Fachpraktikum/EtherCAT_CiA402/1_Workspace/workspace_selfmade_ssc/1_V2.x/EtherCAT_SSC_CiA402/src/drv/cmt/r_cmt.c"'
'arm-none-eabi-gcc -mcpu=cortex-r4f -march=armv7-r -marm -mthumb-interwork -mlittle-endian -mfloat-abi=softfp -mfpu=vfp -O0 -ffunction-sections -fdata-sections -Wnull-dereference -g3 -I"C:/Users/josch/OneDrive/Studium/Semester/6. Semester/Fachpraktikum/EtherCAT_CiA402/1_Workspace/workspace_selfmade_ssc/1_V2.x/EtherCAT_SSC_CiA402/project/sflash/RZ_T_sflash/../../../inc" -I"C:/Users/josch/OneDrive/Studium/Semester/6. Semester/Fachpraktikum/EtherCAT_CiA402/1_Workspace/workspace_selfmade_ssc/1_V2.x/EtherCAT_SSC_CiA402/project/sflash/RZ_T_sflash/../../../src/sample/src/Src" -DDOUBLE_HAS_64_BITS -MMD -MP -MF"src/drv/heapend.d" -MT"src/drv/heapend.d" -c -o "src/drv/heapend.o" "C:/Users/josch/OneDrive/Studium/Semester/6. Semester/Fachpraktikum/EtherCAT_CiA402/1_Workspace/workspace_selfmade_ssc/1_V2.x/EtherCAT_SSC_CiA402/src/drv/heapend.c"'
'arm-none-eabi-gcc -mcpu=cortex-r4f -march=armv7-r -marm -mthumb-interwork -mlittle-endian -mfloat-abi=softfp -mfpu=vfp -O0 -ffunction-sections -fdata-sections -Wnull-dereference -g3 -I"C:/Users/josch/OneDrive/Studium/Semester/6. Semester/Fachpraktikum/EtherCAT_CiA402/1_Workspace/workspace_selfmade_ssc/1_V2.x/EtherCAT_SSC_CiA402/project/sflash/RZ_T_sflash/../../../inc" -I"C:/Users/josch/OneDrive/Studium/Semester/6. Semester/Fachpraktikum/EtherCAT_CiA402/1_Workspace/workspace_selfmade_ssc/1_V2.x/EtherCAT_SSC_CiA402/project/sflash/RZ_T_sflash/../../../src/sample/src/Src" -DDOUBLE_HAS_64_BITS -MMD -MP -MF"src/drv/r_ecm.d" -MT"src/drv/r_ecm.d" -c -o "src/drv/r_ecm.o" "C:/Users/josch/OneDrive/Studium/Semester/6. Semester/Fachpraktikum/EtherCAT_CiA402/1_Workspace/workspace_selfmade_ssc/1_V2.x/EtherCAT_SSC_CiA402/src/drv/r_ecm.c"'
'arm-none-eabi-gcc -mcpu=cortex-r4f -march=armv7-r -marm -mthumb-interwork -mlittle-endian -mfloat-abi=softfp -mfpu=vfp -O0 -ffunction-sections -fdata-sections -Wnull-dereference -g3 -I"C:/Users/josch/OneDrive/Studium/Semester/6. Semester/Fachpraktikum/EtherCAT_CiA402/1_Workspace/workspace_selfmade_ssc/1_V2.x/EtherCAT_SSC_CiA402/project/sflash/RZ_T_sflash/../../../inc" -I"C:/Users/josch/OneDrive/Studium/Semester/6. Semester/Fachpraktikum/EtherCAT_CiA402/1_Workspace/workspace_selfmade_ssc/1_V2.x/EtherCAT_SSC_CiA402/project/sflash/RZ_T_sflash/../../../src/sample/src/Src" -DDOUBLE_HAS_64_BITS -MMD -MP -MF"src/drv/r_icu_init.d" -MT"src/drv/r_icu_init.d" -c -o "src/drv/r_icu_init.o" "C:/Users/josch/OneDrive/Studium/Semester/6. Semester/Fachpraktikum/EtherCAT_CiA402/1_Workspace/workspace_selfmade_ssc/1_V2.x/EtherCAT_SSC_CiA402/src/drv/r_icu_init.c"'
'arm-none-eabi-gcc -mcpu=cortex-r4f -march=armv7-r -marm -mthumb-interwork -mlittle-endian -mfloat-abi=softfp -mfpu=vfp -O0 -ffunction-sections -fdata-sections -Wnull-dereference -g3 -I"C:/Users/josch/OneDrive/Studium/Semester/6. Semester/Fachpraktikum/EtherCAT_CiA402/1_Workspace/workspace_selfmade_ssc/1_V2.x/EtherCAT_SSC_CiA402/project/sflash/RZ_T_sflash/../../../inc" -I"C:/Users/josch/OneDrive/Studium/Semester/6. Semester/Fachpraktikum/EtherCAT_CiA402/1_Workspace/workspace_selfmade_ssc/1_V2.x/EtherCAT_SSC_CiA402/project/sflash/RZ_T_sflash/../../../src/sample/src/Src" -DDOUBLE_HAS_64_BITS -MMD -MP -MF"src/drv/r_mpc2.d" -MT"src/drv/r_mpc2.d" -c -o "src/drv/r_mpc2.o" "C:/Users/josch/OneDrive/Studium/Semester/6. Semester/Fachpraktikum/EtherCAT_CiA402/1_Workspace/workspace_selfmade_ssc/1_V2.x/EtherCAT_SSC_CiA402/src/drv/r_mpc2.c"'
'arm-none-eabi-gcc -mcpu=cortex-r4f -march=armv7-r -marm -mthumb-interwork -mlittle-endian -mfloat-abi=softfp -mfpu=vfp -O0 -ffunction-sections -fdata-sections -Wnull-dereference -g3 -I"C:/Users/josch/OneDrive/Studium/Semester/6. Semester/Fachpraktikum/EtherCAT_CiA402/1_Workspace/workspace_selfmade_ssc/1_V2.x/EtherCAT_SSC_CiA402/project/sflash/RZ_T_sflash/../../../inc" -I"C:/Users/josch/OneDrive/Studium/Semester/6. Semester/Fachpraktikum/EtherCAT_CiA402/1_Workspace/workspace_selfmade_ssc/1_V2.x/EtherCAT_SSC_CiA402/project/sflash/RZ_T_sflash/../../../src/sample/src/Src" -DDOUBLE_HAS_64_BITS -MMD -MP -MF"src/drv/r_ram_init.d" -MT"src/drv/r_ram_init.d" -c -o "src/drv/r_ram_init.o" "C:/Users/josch/OneDrive/Studium/Semester/6. Semester/Fachpraktikum/EtherCAT_CiA402/1_Workspace/workspace_selfmade_ssc/1_V2.x/EtherCAT_SSC_CiA402/src/drv/r_ram_init.c"'
'arm-none-eabi-gcc -mcpu=cortex-r4f -march=armv7-r -marm -mthumb-interwork -mlittle-endian -mfloat-abi=softfp -mfpu=vfp -O0 -ffunction-sections -fdata-sections -Wnull-dereference -g3 -I"C:/Users/josch/OneDrive/Studium/Semester/6. Semester/Fachpraktikum/EtherCAT_CiA402/1_Workspace/workspace_selfmade_ssc/1_V2.x/EtherCAT_SSC_CiA402/project/sflash/RZ_T_sflash/../../../inc" -I"C:/Users/josch/OneDrive/Studium/Semester/6. Semester/Fachpraktikum/EtherCAT_CiA402/1_Workspace/workspace_selfmade_ssc/1_V2.x/EtherCAT_SSC_CiA402/project/sflash/RZ_T_sflash/../../../src/sample/src/Src" -DDOUBLE_HAS_64_BITS -MMD -MP -MF"src/drv/r_reset2.d" -MT"src/drv/r_reset2.d" -c -o "src/drv/r_reset2.o" "C:/Users/josch/OneDrive/Studium/Semester/6. Semester/Fachpraktikum/EtherCAT_CiA402/1_Workspace/workspace_selfmade_ssc/1_V2.x/EtherCAT_SSC_CiA402/src/drv/r_reset2.c"'
'arm-none-eabi-gcc -mcpu=cortex-r4f -march=armv7-r -marm -mthumb-interwork -mlittle-endian -mfloat-abi=softfp -mfpu=vfp -O0 -ffunction-sections -fdata-sections -Wnull-dereference -g3 -I"C:/Users/josch/OneDrive/Studium/Semester/6. Semester/Fachpraktikum/EtherCAT_CiA402/1_Workspace/workspace_selfmade_ssc/1_V2.x/EtherCAT_SSC_CiA402/project/sflash/RZ_T_sflash/../../../inc" -I"C:/Users/josch/OneDrive/Studium/Semester/6. Semester/Fachpraktikum/EtherCAT_CiA402/1_Workspace/workspace_selfmade_ssc/1_V2.x/EtherCAT_SSC_CiA402/project/sflash/RZ_T_sflash/../../../src/sample/src/Src" -DDOUBLE_HAS_64_BITS -MMD -MP -MF"src/common/sflash_boot/bus_init_serial_boot.d" -MT"src/common/sflash_boot/bus_init_serial_boot.d" -c -o "src/common/sflash_boot/bus_init_serial_boot.o" "C:/Users/josch/OneDrive/Studium/Semester/6. Semester/Fachpraktikum/EtherCAT_CiA402/1_Workspace/workspace_selfmade_ssc/1_V2.x/EtherCAT_SSC_CiA402/src/common/sflash_boot/bus_init_serial_boot.c"'
'arm-none-eabi-gcc -mcpu=cortex-r4f -march=armv7-r -marm -mthumb-interwork -mlittle-endian -mfloat-abi=softfp -mfpu=vfp -O0 -ffunction-sections -fdata-sections -Wnull-dereference -g3 -I"C:/Users/josch/OneDrive/Studium/Semester/6. Semester/Fachpraktikum/EtherCAT_CiA402/1_Workspace/workspace_selfmade_ssc/1_V2.x/EtherCAT_SSC_CiA402/project/sflash/RZ_T_sflash/../../../inc" -I"C:/Users/josch/OneDrive/Studium/Semester/6. Semester/Fachpraktikum/EtherCAT_CiA402/1_Workspace/workspace_selfmade_ssc/1_V2.x/EtherCAT_SSC_CiA402/project/sflash/RZ_T_sflash/../../../src/sample/src/Src" -DDOUBLE_HAS_64_BITS -MMD -MP -MF"src/common/sflash_boot/loader_param.d" -MT"src/common/sflash_boot/loader_param.d" -c -o "src/common/sflash_boot/loader_param.o" "C:/Users/josch/OneDrive/Studium/Semester/6. Semester/Fachpraktikum/EtherCAT_CiA402/1_Workspace/workspace_selfmade_ssc/1_V2.x/EtherCAT_SSC_CiA402/src/common/sflash_boot/loader_param.c"'
'arm-none-eabi-gcc -mcpu=cortex-r4f -march=armv7-r -marm -mthumb-interwork -mlittle-endian -mfloat-abi=softfp -mfpu=vfp -O0 -ffunction-sections -fdata-sections -Wnull-dereference -g3 -I"C:/Users/josch/OneDrive/Studium/Semester/6. Semester/Fachpraktikum/EtherCAT_CiA402/1_Workspace/workspace_selfmade_ssc/1_V2.x/EtherCAT_SSC_CiA402/project/sflash/RZ_T_sflash/../../../inc" -I"C:/Users/josch/OneDrive/Studium/Semester/6. Semester/Fachpraktikum/EtherCAT_CiA402/1_Workspace/workspace_selfmade_ssc/1_V2.x/EtherCAT_SSC_CiA402/project/sflash/RZ_T_sflash/../../../src/sample/src/Src" -DDOUBLE_HAS_64_BITS -MMD -MP -MF"src/common/sflash_boot/spibsc_flash_api.d" -MT"src/common/sflash_boot/spibsc_flash_api.d" -c -o "src/common/sflash_boot/spibsc_flash_api.o" "C:/Users/josch/OneDrive/Studium/Semester/6. Semester/Fachpraktikum/EtherCAT_CiA402/1_Workspace/workspace_selfmade_ssc/1_V2.x/EtherCAT_SSC_CiA402/src/common/sflash_boot/spibsc_flash_api.c"'
'arm-none-eabi-gcc -mcpu=cortex-r4f -march=armv7-r -marm -mthumb-interwork -mlittle-endian -mfloat-abi=softfp -mfpu=vfp -O0 -ffunction-sections -fdata-sections -Wnull-dereference -g3 -I"C:/Users/josch/OneDrive/Studium/Semester/6. Semester/Fachpraktikum/EtherCAT_CiA402/1_Workspace/workspace_selfmade_ssc/1_V2.x/EtherCAT_SSC_CiA402/project/sflash/RZ_T_sflash/../../../inc" -I"C:/Users/josch/OneDrive/Studium/Semester/6. Semester/Fachpraktikum/EtherCAT_CiA402/1_Workspace/workspace_selfmade_ssc/1_V2.x/EtherCAT_SSC_CiA402/project/sflash/RZ_T_sflash/../../../src/sample/src/Src" -DDOUBLE_HAS_64_BITS -MMD -MP -MF"src/common/sflash_boot/spibsc_flash_userdef.d" -MT"src/common/sflash_boot/spibsc_flash_userdef.d" -c -o "src/common/sflash_boot/spibsc_flash_userdef.o" "C:/Users/josch/OneDrive/Studium/Semester/6. Semester/Fachpraktikum/EtherCAT_CiA402/1_Workspace/workspace_selfmade_ssc/1_V2.x/EtherCAT_SSC_CiA402/src/common/sflash_boot/spibsc_flash_userdef.c"'
'arm-none-eabi-gcc -mcpu=cortex-r4f -march=armv7-r -marm -mthumb-interwork -mlittle-endian -mfloat-abi=softfp -mfpu=vfp -O0 -ffunction-sections -fdata-sections -Wnull-dereference -g3 -I"C:/Users/josch/OneDrive/Studium/Semester/6. Semester/Fachpraktikum/EtherCAT_CiA402/1_Workspace/workspace_selfmade_ssc/1_V2.x/EtherCAT_SSC_CiA402/project/sflash/RZ_T_sflash/../../../inc" -I"C:/Users/josch/OneDrive/Studium/Semester/6. Semester/Fachpraktikum/EtherCAT_CiA402/1_Workspace/workspace_selfmade_ssc/1_V2.x/EtherCAT_SSC_CiA402/project/sflash/RZ_T_sflash/../../../src/sample/src/Src" -DDOUBLE_HAS_64_BITS -MMD -MP -MF"src/common/sflash_boot/spibsc_ioset_api.d" -MT"src/common/sflash_boot/spibsc_ioset_api.d" -c -o "src/common/sflash_boot/spibsc_ioset_api.o" "C:/Users/josch/OneDrive/Studium/Semester/6. Semester/Fachpraktikum/EtherCAT_CiA402/1_Workspace/workspace_selfmade_ssc/1_V2.x/EtherCAT_SSC_CiA402/src/common/sflash_boot/spibsc_ioset_api.c"'
'arm-none-eabi-gcc -mcpu=cortex-r4f -march=armv7-r -marm -mthumb-interwork -mlittle-endian -mfloat-abi=softfp -mfpu=vfp -O0 -ffunction-sections -fdata-sections -Wnull-dereference -g3 -I"C:/Users/josch/OneDrive/Studium/Semester/6. Semester/Fachpraktikum/EtherCAT_CiA402/1_Workspace/workspace_selfmade_ssc/1_V2.x/EtherCAT_SSC_CiA402/project/sflash/RZ_T_sflash/../../../inc" -I"C:/Users/josch/OneDrive/Studium/Semester/6. Semester/Fachpraktikum/EtherCAT_CiA402/1_Workspace/workspace_selfmade_ssc/1_V2.x/EtherCAT_SSC_CiA402/project/sflash/RZ_T_sflash/../../../src/sample/src/Src" -DDOUBLE_HAS_64_BITS -MMD -MP -MF"src/common/sflash_boot/spibsc_ioset_drv.d" -MT"src/common/sflash_boot/spibsc_ioset_drv.d" -c -o "src/common/sflash_boot/spibsc_ioset_drv.o" "C:/Users/josch/OneDrive/Studium/Semester/6. Semester/Fachpraktikum/EtherCAT_CiA402/1_Workspace/workspace_selfmade_ssc/1_V2.x/EtherCAT_SSC_CiA402/src/common/sflash_boot/spibsc_ioset_drv.c"'
'arm-none-eabi-gcc -mcpu=cortex-r4f -march=armv7-r -marm -mthumb-interwork -mlittle-endian -mfloat-abi=softfp -mfpu=vfp -O0 -ffunction-sections -fdata-sections -Wnull-dereference -g3 -I"C:/Users/josch/OneDrive/Studium/Semester/6. Semester/Fachpraktikum/EtherCAT_CiA402/1_Workspace/workspace_selfmade_ssc/1_V2.x/EtherCAT_SSC_CiA402/project/sflash/RZ_T_sflash/../../../inc" -I"C:/Users/josch/OneDrive/Studium/Semester/6. Semester/Fachpraktikum/EtherCAT_CiA402/1_Workspace/workspace_selfmade_ssc/1_V2.x/EtherCAT_SSC_CiA402/project/sflash/RZ_T_sflash/../../../src/sample/src/Src" -DDOUBLE_HAS_64_BITS -MMD -MP -MF"src/common/sflash_boot/spibsc_ioset_userdef.d" -MT"src/common/sflash_boot/spibsc_ioset_userdef.d" -c -o "src/common/sflash_boot/spibsc_ioset_userdef.o" "C:/Users/josch/OneDrive/Studium/Semester/6. Semester/Fachpraktikum/EtherCAT_CiA402/1_Workspace/workspace_selfmade_ssc/1_V2.x/EtherCAT_SSC_CiA402/src/common/sflash_boot/spibsc_ioset_userdef.c"'
'arm-none-eabi-gcc -mcpu=cortex-r4f -march=armv7-r -marm -mthumb-interwork -mlittle-endian -mfloat-abi=softfp -mfpu=vfp -O0 -ffunction-sections -fdata-sections -Wnull-dereference -g3 -I"C:/Users/josch/OneDrive/Studium/Semester/6. Semester/Fachpraktikum/EtherCAT_CiA402/1_Workspace/workspace_selfmade_ssc/1_V2.x/EtherCAT_SSC_CiA402/project/sflash/RZ_T_sflash/../../../inc" -I"C:/Users/josch/OneDrive/Studium/Semester/6. Semester/Fachpraktikum/EtherCAT_CiA402/1_Workspace/workspace_selfmade_ssc/1_V2.x/EtherCAT_SSC_CiA402/project/sflash/RZ_T_sflash/../../../src/sample/src/Src" -DDOUBLE_HAS_64_BITS -MMD -MP -MF"src/common/exit.d" -MT"src/common/exit.d" -c -o "src/common/exit.o" "C:/Users/josch/OneDrive/Studium/Semester/6. Semester/Fachpraktikum/EtherCAT_CiA402/1_Workspace/workspace_selfmade_ssc/1_V2.x/EtherCAT_SSC_CiA402/src/common/exit.c"'
'arm-none-eabi-gcc -mcpu=cortex-r4f -march=armv7-r -marm -mthumb-interwork -mlittle-endian -mfloat-abi=softfp -mfpu=vfp -O0 -ffunction-sections -fdata-sections -Wnull-dereference -g3 -x assembler-with-cpp -MMD -MP -MF"src/common/loader_init.d" -MT"src/common/loader_init.d" -c -o "src/common/loader_init.o" "C:/Users/josch/OneDrive/Studium/Semester/6. Semester/Fachpraktikum/EtherCAT_CiA402/1_Workspace/workspace_selfmade_ssc/1_V2.x/EtherCAT_SSC_CiA402/src/common/loader_init.asm"'
'arm-none-eabi-gcc -mcpu=cortex-r4f -march=armv7-r -marm -mthumb-interwork -mlittle-endian -mfloat-abi=softfp -mfpu=vfp -O0 -ffunction-sections -fdata-sections -Wnull-dereference -g3 -I"C:/Users/josch/OneDrive/Studium/Semester/6. Semester/Fachpraktikum/EtherCAT_CiA402/1_Workspace/workspace_selfmade_ssc/1_V2.x/EtherCAT_SSC_CiA402/project/sflash/RZ_T_sflash/../../../inc" -I"C:/Users/josch/OneDrive/Studium/Semester/6. Semester/Fachpraktikum/EtherCAT_CiA402/1_Workspace/workspace_selfmade_ssc/1_V2.x/EtherCAT_SSC_CiA402/project/sflash/RZ_T_sflash/../../../src/sample/src/Src" -DDOUBLE_HAS_64_BITS -MMD -MP -MF"src/common/loader_init2.d" -MT"src/common/loader_init2.d" -c -o "src/common/loader_init2.o" "C:/Users/josch/OneDrive/Studium/Semester/6. Semester/Fachpraktikum/EtherCAT_CiA402/1_Workspace/workspace_selfmade_ssc/1_V2.x/EtherCAT_SSC_CiA402/src/common/loader_init2.c"'
'arm-none-eabi-gcc -mcpu=cortex-r4f -march=armv7-r -marm -mthumb-interwork -mlittle-endian -mfloat-abi=softfp -mfpu=vfp -O0 -ffunction-sections -fdata-sections -Wnull-dereference -g3 -I"C:/Users/josch/OneDrive/Studium/Semester/6. Semester/Fachpraktikum/EtherCAT_CiA402/1_Workspace/workspace_selfmade_ssc/1_V2.x/EtherCAT_SSC_CiA402/project/sflash/RZ_T_sflash/../../../inc" -I"C:/Users/josch/OneDrive/Studium/Semester/6. Semester/Fachpraktikum/EtherCAT_CiA402/1_Workspace/workspace_selfmade_ssc/1_V2.x/EtherCAT_SSC_CiA402/project/sflash/RZ_T_sflash/../../../src/sample/src/Src" -DDOUBLE_HAS_64_BITS -MMD -MP -MF"src/common/r_atcm_init.d" -MT"src/common/r_atcm_init.d" -c -o "src/common/r_atcm_init.o" "C:/Users/josch/OneDrive/Studium/Semester/6. Semester/Fachpraktikum/EtherCAT_CiA402/1_Workspace/workspace_selfmade_ssc/1_V2.x/EtherCAT_SSC_CiA402/src/common/r_atcm_init.c"'
'arm-none-eabi-gcc -mcpu=cortex-r4f -march=armv7-r -marm -mthumb-interwork -mlittle-endian -mfloat-abi=softfp -mfpu=vfp -O0 -ffunction-sections -fdata-sections -Wnull-dereference -g3 -I"C:/Users/josch/OneDrive/Studium/Semester/6. Semester/Fachpraktikum/EtherCAT_CiA402/1_Workspace/workspace_selfmade_ssc/1_V2.x/EtherCAT_SSC_CiA402/project/sflash/RZ_T_sflash/../../../inc" -I"C:/Users/josch/OneDrive/Studium/Semester/6. Semester/Fachpraktikum/EtherCAT_CiA402/1_Workspace/workspace_selfmade_ssc/1_V2.x/EtherCAT_SSC_CiA402/project/sflash/RZ_T_sflash/../../../src/sample/src/Src" -DDOUBLE_HAS_64_BITS -MMD -MP -MF"src/common/r_cpg.d" -MT"src/common/r_cpg.d" -c -o "src/common/r_cpg.o" "C:/Users/josch/OneDrive/Studium/Semester/6. Semester/Fachpraktikum/EtherCAT_CiA402/1_Workspace/workspace_selfmade_ssc/1_V2.x/EtherCAT_SSC_CiA402/src/common/r_cpg.c"'
'arm-none-eabi-gcc -mcpu=cortex-r4f -march=armv7-r -marm -mthumb-interwork -mlittle-endian -mfloat-abi=softfp -mfpu=vfp -O0 -ffunction-sections -fdata-sections -Wnull-dereference -g3 -I"C:/Users/josch/OneDrive/Studium/Semester/6. Semester/Fachpraktikum/EtherCAT_CiA402/1_Workspace/workspace_selfmade_ssc/1_V2.x/EtherCAT_SSC_CiA402/project/sflash/RZ_T_sflash/../../../inc" -I"C:/Users/josch/OneDrive/Studium/Semester/6. Semester/Fachpraktikum/EtherCAT_CiA402/1_Workspace/workspace_selfmade_ssc/1_V2.x/EtherCAT_SSC_CiA402/project/sflash/RZ_T_sflash/../../../src/sample/src/Src" -DDOUBLE_HAS_64_BITS -MMD -MP -MF"src/common/r_mpc.d" -MT"src/common/r_mpc.d" -c -o "src/common/r_mpc.o" "C:/Users/josch/OneDrive/Studium/Semester/6. Semester/Fachpraktikum/EtherCAT_CiA402/1_Workspace/workspace_selfmade_ssc/1_V2.x/EtherCAT_SSC_CiA402/src/common/r_mpc.c"'
'arm-none-eabi-gcc -mcpu=cortex-r4f -march=armv7-r -marm -mthumb-interwork -mlittle-endian -mfloat-abi=softfp -mfpu=vfp -O0 -ffunction-sections -fdata-sections -Wnull-dereference -g3 -I"C:/Users/josch/OneDrive/Studium/Semester/6. Semester/Fachpraktikum/EtherCAT_CiA402/1_Workspace/workspace_selfmade_ssc/1_V2.x/EtherCAT_SSC_CiA402/project/sflash/RZ_T_sflash/../../../inc" -I"C:/Users/josch/OneDrive/Studium/Semester/6. Semester/Fachpraktikum/EtherCAT_CiA402/1_Workspace/workspace_selfmade_ssc/1_V2.x/EtherCAT_SSC_CiA402/project/sflash/RZ_T_sflash/../../../src/sample/src/Src" -DDOUBLE_HAS_64_BITS -MMD -MP -MF"src/common/r_reset.d" -MT"src/common/r_reset.d" -c -o "src/common/r_reset.o" "C:/Users/josch/OneDrive/Studium/Semester/6. Semester/Fachpraktikum/EtherCAT_CiA402/1_Workspace/workspace_selfmade_ssc/1_V2.x/EtherCAT_SSC_CiA402/src/common/r_reset.c"'
'arm-none-eabi-gcc -mcpu=cortex-r4f -march=armv7-r -marm -mthumb-interwork -mlittle-endian -mfloat-abi=softfp -mfpu=vfp -O0 -ffunction-sections -fdata-sections -Wnull-dereference -g3 -x assembler-with-cpp -MMD -MP -MF"src/common/vector.d" -MT"src/common/vector.d" -c -o "src/common/vector.o" "C:/Users/josch/OneDrive/Studium/Semester/6. Semester/Fachpraktikum/EtherCAT_CiA402/1_Workspace/workspace_selfmade_ssc/1_V2.x/EtherCAT_SSC_CiA402/src/common/vector.asm"'
'arm-none-eabi-gcc -mcpu=cortex-r4f -march=armv7-r -marm -mthumb-interwork -mlittle-endian -mfloat-abi=softfp -mfpu=vfp -O0 -ffunction-sections -fdata-sections -Wnull-dereference -g3 -o "RZ_T_sflash_sample.x"  ./src/sample/src/Src/CiA402Example.o ./src/sample/src/Src/coeappl.o ./src/sample/src/Src/ecatappl.o ./src/sample/src/Src/ecatcoe.o ./src/sample/src/Src/ecatslv.o ./src/sample/src/Src/mailbox.o ./src/sample/src/Src/objdef.o ./src/sample/src/Src/renesashw.o ./src/sample/src/Src/sdoserv.o ./src/sample/src/Src/uart.o  ./src/sample/board_RenesasEva.o ./src/sample/main.o ./src/sample/nestintr_wrap.o  ./src/drv/ether/r_ether.o  ./src/drv/cmt/cmt_userdef.o ./src/drv/cmt/r_cmt.o  ./src/drv/heapend.o ./src/drv/r_ecm.o ./src/drv/r_icu_init.o ./src/drv/r_mpc2.o ./src/drv/r_ram_init.o ./src/drv/r_reset2.o  ./src/common/sflash_boot/bus_init_serial_boot.o ./src/common/sflash_boot/loader_param.o ./src/common/sflash_boot/spibsc_flash_api.o ./src/common/sflash_boot/spibsc_flash_userdef.o ./src/common/sflash_boot/spibsc_ioset_api.o ./src/common/sflash_boot/spibsc_ioset_drv.o ./src/common/sflash_boot/spibsc_ioset_userdef.o  ./src/common/exit.o ./src/common/loader_init.o ./src/common/loader_init2.o ./src/common/r_atcm_init.o ./src/common/r_cpg.o ./src/common/r_mpc.o ./src/common/r_reset.o ./src/common/vector.o   -T "C:/Users/josch/OneDrive/Studium/Semester/6. Semester/Fachpraktikum/EtherCAT_CiA402/1_Workspace/workspace_selfmade_ssc/1_V2.x/EtherCAT_SSC_CiA402/project/sflash/RZ_T_sflash/../../../linker_script/sflash_boot.ld" -L "C:\\\\Users\\\\josch\\\\OneDrive\\\\Studium\\\\Semester\\\\6. Semester\\\\Fachpraktikum\\\\EtherCAT_CiA402\\\\1_Workspace\\\\workspace_selfmade_ssc\\\\1_V2.x\\\\EtherCAT_SSC_CiA402\\\\project\\\\sflash\\\\RZ_T_sflash\\\\HardwareDebug" -Wl,--start-group -lRZ_T_sflash_sample -lgcc -lgcc -Wl,--end-group -nostartfiles -Xlinker --gc-sections -Wl,-Map,"RZ_T_sflash_sample.map" -Wl,-e_PowerON_Reset --specs=rdimon.specs'
arm-none-eabi-gcc @"RZ_T_sflash_sample.x.in"
arm-none-eabi-objcopy -O ihex "RZ_T_sflash_sample.x"  "RZ_T_sflash_sample.hex"
arm-none-eabi-size --format=berkeley "RZ_T_sflash_sample.x"
   text	   data	    bss	    dec	    hex	filename
  78892	   2076	 148052	 229020	  37e9c	RZ_T_sflash_sample.x
