Archive member included to satisfy reference by file (symbol)

C:\\Users\\josch\\OneDrive\\Studium\\Semester\\6. Semester\\Fachpraktikum\\EtherCAT_CiA402\\1_Workspace\\workspace_selfmade_ssc\\1_V2.2\\EtherCAT_SSC_CiA402\\project\\sflash\\RZ_T_sflash\\HardwareDebug\libRZ_T_sflash_sample.a(_memcpy.o)
                              ./src/sample/src/Src/coeappl.o (memcpy)
C:\\Users\\josch\\OneDrive\\Studium\\Semester\\6. Semester\\Fachpraktikum\\EtherCAT_CiA402\\1_Workspace\\workspace_selfmade_ssc\\1_V2.2\\EtherCAT_SSC_CiA402\\project\\sflash\\RZ_T_sflash\\HardwareDebug\libRZ_T_sflash_sample.a(_memset.o)
                              ./src/sample/src/Src/mailbox.o (memset)
C:\\Users\\josch\\OneDrive\\Studium\\Semester\\6. Semester\\Fachpraktikum\\EtherCAT_CiA402\\1_Workspace\\workspace_selfmade_ssc\\1_V2.2\\EtherCAT_SSC_CiA402\\project\\sflash\\RZ_T_sflash\\HardwareDebug\libRZ_T_sflash_sample.a(_strlen.o)
                              ./src/sample/src/Src/objdef.o (strlen)
C:\\Users\\josch\\OneDrive\\Studium\\Semester\\6. Semester\\Fachpraktikum\\EtherCAT_CiA402\\1_Workspace\\workspace_selfmade_ssc\\1_V2.2\\EtherCAT_SSC_CiA402\\project\\sflash\\RZ_T_sflash\\HardwareDebug\libRZ_T_sflash_sample.a(newfree.o)
                              ./src/sample/src/Src/coeappl.o (free)
C:\\Users\\josch\\OneDrive\\Studium\\Semester\\6. Semester\\Fachpraktikum\\EtherCAT_CiA402\\1_Workspace\\workspace_selfmade_ssc\\1_V2.2\\EtherCAT_SSC_CiA402\\project\\sflash\\RZ_T_sflash\\HardwareDebug\libRZ_T_sflash_sample.a(newmalloc.o)
                              ./src/sample/src/Src/ecatcoe.o (malloc)
c:/program files (x86)/gnu tools arm embedded/6 2017-q2-update/bin/../lib/gcc/arm-none-eabi/6.3.1\libgcc.a(_udivsi3.o)
                              ./src/sample/src/Src/ecatslv.o (__aeabi_uidiv)
c:/program files (x86)/gnu tools arm embedded/6 2017-q2-update/bin/../lib/gcc/arm-none-eabi/6.3.1\libgcc.a(_divsi3.o)
                              ./src/sample/src/Src/sdoserv.o (__aeabi_idiv)
c:/program files (x86)/gnu tools arm embedded/6 2017-q2-update/bin/../lib/gcc/arm-none-eabi/6.3.1\libgcc.a(_dvmd_tls.o)
                              c:/program files (x86)/gnu tools arm embedded/6 2017-q2-update/bin/../lib/gcc/arm-none-eabi/6.3.1\libgcc.a(_udivsi3.o) (__aeabi_idiv0)

Allocating common symbols
Common symbol       size              file

b3BufferMode        0x1               ./src/sample/src/Src/ecatslv.o
nEcatStateTrans     0x2               ./src/sample/src/Src/ecatslv.o
bApplEsmPending     0x1               ./src/sample/src/Src/ecatslv.o
pCoeSendStored      0x4               ./src/sample/src/Src/ecatcoe.o
nSdoInfoIndex       0x2               ./src/sample/src/Src/sdoserv.o
pStoreData          0x4               ./src/sample/src/Src/sdoserv.o
u8MbxReadCounter    0x1               ./src/sample/src/Src/mailbox.o
nAlStatus           0x1               ./src/sample/src/Src/ecatslv.o
nPdOutputSize       0x2               ./src/sample/src/Src/ecatslv.o
u16LocalErrorCode   0x2               ./src/sample/src/Src/ecatslv.o
nSdoSegBytesToHandle
                    0x4               ./src/sample/src/Src/sdoserv.o
sMbxSendQueue       0x34              ./src/sample/src/Src/mailbox.o
sMbxReceiveQueue    0x34              ./src/sample/src/Src/mailbox.o
bNoMbxMemoryAvailable
                    0x1               ./src/sample/src/Src/mailbox.o
Sync0WdCounter      0x2               ./src/sample/src/Src/ecatslv.o
bMinCycleTimeMeasurementStarted
                    0x1               ./src/sample/src/Src/ecatappl.o
bLocalErrorFlag     0x1               ./src/sample/src/Src/ecatslv.o
bSendMbxIsFull      0x1               ./src/sample/src/Src/mailbox.o
u32CycleTimeStartValue
                    0x4               ./src/sample/src/Src/ecatappl.o
LatchInputSync0Counter
                    0x2               ./src/sample/src/Src/ecatslv.o
i16WaitForPllRunningCnt
                    0x2               ./src/sample/src/Src/ecatslv.o
nEscAddrOutputData  0x2               ./src/sample/src/Src/ecatslv.o
bMbxRunning         0x1               ./src/sample/src/Src/mailbox.o
Sync0WdValue        0x2               ./src/sample/src/Src/ecatslv.o
u8EcatRunLed        0x1               ./src/sample/src/Src/ecatslv.o
i16WaitForPllRunningTimeout
                    0x2               ./src/sample/src/Src/ecatslv.o
bSdoSegAccess       0x1               ./src/sample/src/Src/sdoserv.o
Sync1WdValue        0x2               ./src/sample/src/Src/ecatslv.o
bSdoSegFollows      0x1               ./src/sample/src/Src/sdoserv.o
nSdoSegCompleteSize
                    0x4               ./src/sample/src/Src/sdoserv.o
u8dummy             0x1               ./src/sample/src/Src/ecatslv.o
u16ALEventMask      0x2               ./src/sample/src/Src/ecatslv.o
pSdoPendFunc        0x4               ./src/sample/src/Src/sdoserv.o
bDcRunning          0x1               ./src/sample/src/Src/ecatslv.o
bRunApplication     0x1               ./src/sample/src/Src/ecatappl.o
u16EscAddrReceiveMbx
[...]
Memory Configuration

Name             Origin             Length             Attributes
ATCM             0x00000000         0x00080000
BTCM             0x00800000         0x00008000
INST_RAM         0x04000000         0x00080000
SPIBSC           0x10000000         0x04000000
DATA_RAM         0x20000000         0x00080000
DATA_RAM_MIRROR  0x22000000         0x00080000
INST_RAM_MIRROR  0x24000000         0x00080000
SPIBSC_MIRROR    0x30000000         0x04000000
CSx_MIRROR       0x40000000         0x18000000
CSx              0x60000000         0x18000000
*default*        0x00000000         0xffffffff

Linker script and memory map

LOAD ./src/sample/src/Src/CiA402Example.o
LOAD ./src/sample/src/Src/coeappl.o
LOAD ./src/sample/src/Src/ecatappl.o
LOAD ./src/sample/src/Src/ecatcoe.o
LOAD ./src/sample/src/Src/ecatslv.o
LOAD ./src/sample/src/Src/mailbox.o
LOAD ./src/sample/src/Src/objdef.o
LOAD ./src/sample/src/Src/renesashw.o
LOAD ./src/sample/src/Src/sdoserv.o
LOAD ./src/sample/src/Src/uart.o
LOAD ./src/sample/board_RenesasEva.o
LOAD ./src/sample/main.o
LOAD ./src/sample/nestintr_wrap.o
LOAD ./src/drv/ether/r_ether.o
LOAD ./src/drv/cmt/cmt_userdef.o
LOAD ./src/drv/cmt/r_cmt.o
LOAD ./src/drv/heapend.o
LOAD ./src/drv/r_ecm.o
LOAD ./src/drv/r_icu_init.o
LOAD ./src/drv/r_mpc2.o
LOAD ./src/drv/r_ram_init.o
LOAD ./src/drv/r_reset2.o
LOAD ./src/common/sflash_boot/bus_init_serial_boot.o
LOAD ./src/common/sflash_boot/loader_param.o
LOAD ./src/common/sflash_boot/spibsc_flash_api.o
LOAD ./src/common/sflash_boot/spibsc_flash_userdef.o
LOAD ./src/common/sflash_boot/spibsc_ioset_api.o
LOAD ./src/common/sflash_boot/spibsc_ioset_drv.o
LOAD ./src/common/sflash_boot/spibsc_ioset_userdef.o
LOAD ./src/common/exit.o
LOAD ./src/common/loader_init.o
LOAD ./src/common/loader_init2.o
LOAD ./src/common/r_atcm_init.o
LOAD ./src/common/r_cpg.o
LOAD ./src/common/r_mpc.o
LOAD ./src/common/r_reset.o
LOAD ./src/common/vector.o
START GROUP
LOAD C:\\Users\\josch\\OneDrive\\Studium\\Semester\\6. Semester\\Fachpraktikum\\EtherCAT_CiA402\\1_Workspace\\workspace_selfmade_ssc\\1_V2.2\\EtherCAT_SSC_CiA402\\project\\sflash\\RZ_T_sflash\\HardwareDebug\libRZ_T_sflash_sample.a
LOAD c:/program files (x86)/gnu tools arm embedded/6 2017-q2-update/bin/../lib/gcc/arm-none-eabi/6.3.1\libgcc.a
LOAD c:/program files (x86)/gnu tools arm embedded/6 2017-q2-update/bin/../lib/gcc/arm-none-eabi/6.3.1\libgcc.a
END GROUP
START GROUP
LOAD c:/program files (x86)/gnu tools arm embedded/6 2017-q2-update/bin/../lib/gcc/arm-none-eabi/6.3.1\libgcc.a
LOAD c:/program files (x86)/gnu tools arm embedded/6 2017-q2-update/bin/../lib/gcc/arm-none-eabi/6.3.1/../../../../arm-none-eabi/lib\libg.a
LOAD c:/program files (x86)/gnu tools arm embedded/6 2017-q2-update/bin/../lib/gcc/arm-none-eabi/6.3.1/../../../../arm-none-eabi/lib\libc.a
END GROUP
START GROUP
LOAD c:/program files (x86)/gnu tools arm embedded/6 2017-q2-update/bin/../lib/gcc/arm-none-eabi/6.3.1\libgcc.a
LOAD c:/program files (x86)/gnu tools arm embedded/6 2017-q2-update/bin/../lib/gcc/arm-none-eabi/6.3.1/../../../../arm-none-eabi/lib\libc.a
LOAD c:/program files (x86)/gnu tools arm embedded/6 2017-q2-update/bin/../lib/gcc/arm-none-eabi/6.3.1/../../../../arm-none-eabi/lib\librdimon.a
END GROUP

.loader_param   0x30000000       0x4c
 *(.loader_param)
 .loader_param  0x30000000       0x4c ./src/common/sflash_boot/loader_param.o
                0x30000000                Loader_Param

.flash_contents
                0x3000004c    0x14208
                0x3000004c                _mloader_text = .
                0x3000424c                . = (. + (_loader_text_end - _loader_text_start))
 *fill*         0x3000004c     0x4200 
                0x3000424c                _mfvector = .
                0x30004278                . = (. + (_fvector_end - _fvector_start))
 *fill*         0x3000424c       0x2c 
                0x30004278                _mtext = .
                0x30013a78                . = (. + (_text_end - _text_start))
 *fill*         0x30004278     0xf800 
                0x30013a78                _mdata = .
                0x30014254                . = (. + (_data_end - _data_start))
 *fill*         0x30013a78      0x7dc 
                0x30014254                flash_contents_end = .

.loader_text    0x00802000      0x308 load address 0x3000004c
                0x00802000                _loader_text_start = .
 *(.loader_text)
 .loader_text   0x00802000      0x308 ./src/common/loader_init.o
                0x00802000                loader_init1
                0x00802000                _PowerON_Reset
                0x008020a8                copy_to_atcm
                0x00802134                cache_init
                0x00802278                mpu_init
                0x0080229c                set_low_vec

.loader_text2   0x00802308     0x3d40 load address 0x30000354
 *(.loader_text2)
 .loader_text2  0x00802308     0x1708 ./src/common/sflash_boot/bus_init_serial_boot.o
                0x00802308                bus_init
                0x00802320                bsc_init
                0x00802840                spibsc_init
                0x0080293c                set_bus_port_serial_boot
 .loader_text2  0x00803a10      0x1fc ./src/common/sflash_boot/spibsc_flash_api.o
                0x00803a10                sflash_erase_sector
                0x00803abc                sflash_byte_program
                0x00803bb4                sflash_spibsc_transfer
                0x00803bdc                sflash_ctrl_protect
 .loader_text2  0x00803c0c      0x84c ./src/common/sflash_boot/spibsc_flash_userdef.o
                0x00803c0c                Userdef_SFLASH_Set_Mode
                0x00803c40                Userdef_SFLASH_Write_Enable
                0x00803c64                Userdef_SFLASH_Busy_Wait
                0x00803cb0                Userdef_SFLASH_Ctrl_Protect
 .loader_text2  0x00804458      0x2d4 ./src/common/sflash_boot/spibsc_ioset_api.o
                0x00804514                sflash_exmode
                0x00804538                sflash_spimode
                0x0080455c                sflash_spibsc_stop
                0x00804580                sflash_spimode_init
                0x008045e4                sflash_exmode_init
                0x0080462c                sflash_exmode_setting
                0x008046e4                sflash_wait_tend
                0x008046f8                sflash_set_config
 .loader_text2  0x0080472c     0x1208 ./src/common/sflash_boot/spibsc_ioset_drv.o
                0x0080494c                spibsc_bsz_set
                0x008049b4                spibsc_common_init
                0x00804bc4                spibsc_wait_tend
                0x00804bfc                spibsc_dr_init
                0x00804f04                spibsc_exmode
                0x00804f60                spibsc_spimode
                0x00804fbc                spibsc_stop
                0x00805010                spibsc_transfer
                0x008054e0                spibsc_transfer_erase
                0x00805648                spibsc_transfer_program_1
                0x008057a8                spibsc_transfer_program_2
 .loader_text2  0x00805934       0xf8 ./src/common/sflash_boot/spibsc_ioset_userdef.o
                0x00805934                Userdef_SPIBSC_Set_Config
 .loader_text2  0x00805a2c      0x268 ./src/common/loader_init2.o
                0x00805a2c                loader_init2
                0x00805a6c                reset_check
                0x00805be0                cpg_init
 .loader_text2  0x00805c94       0x70 ./src/common/r_atcm_init.o
                0x00805c94                atcm_waitset
 .loader_text2  0x00805d04      0x228 ./src/common/r_cpg.o
                0x00805d04                cpg_write_enable
                0x00805d40                cpg_write_disable
                0x00805d7c                cpg_pll_wait
 .loader_text2  0x00805f2c       0xa4 ./src/common/r_mpc.o
                0x00805f2c                mpc_write_enable
                0x00805f90                mpc_write_disable
 .loader_text2  0x00805fd0       0x78 ./src/common/r_reset.o
                0x00805fd0                rst_write_enable
                0x0080600c                rst_write_disable

.loader_data    0x00806048      0x1b8 load address 0x30004094
 ./src/common/*.o(.data)
                0x00806048                __loader_bss_start = .
 ./src/common/*.o(.bss)
 ./src/common/*.o(COMMON)
 COMMON         0x00806048       0x40 ./src/common/sflash_boot/bus_init_serial_boot.o
                0x00806048                g_spibsc_cfg
 COMMON         0x00806088       0x70 ./src/common/sflash_boot/spibsc_flash_api.o
                0x00806088                g_spibsc_spimd_reg
                0x008060f8                __loader_bss_end = .
                0x00806200                . = (. + (0x200 - ((. - _loader_text_start) % 0x200)))
 *fill*         0x008060f8      0x108 
                0x00806200                _loader_text_end = .

.fvectors       0x00000000       0x2c load address 0x3000424c
                0x00000000                _fvector_start = .
 *(.fvectors)
 .fvectors      0x00000000       0x2c ./src/common/vector.o
                0x0000002c                _fvector_end = .

.text           0x00000030     0xed3c load address 0x30004278
                0x00000030                _text_start = .
 *(.text)
 .text          0x00000030      0x114 c:/program files (x86)/gnu tools arm embedded/6 2017-q2-update/bin/../lib/gcc/arm-none-eabi/6.3.1\libgcc.a(_udivsi3.o)
                0x00000030                __aeabi_uidiv
                0x00000030                __udivsi3
                0x00000124                __aeabi_uidivmod
 .text          0x00000144      0x148 c:/program files (x86)/gnu tools arm embedded/6 2017-q2-update/bin/../lib/gcc/arm-none-eabi/6.3.1\libgcc.a(_divsi3.o)
                0x00000144                __divsi3
                0x00000144                __aeabi_idiv
                0x0000026c                __aeabi_idivmod
 .text          0x0000028c        0x4 c:/program files (x86)/gnu tools arm embedded/6 2017-q2-update/bin/../lib/gcc/arm-none-eabi/6.3.1\libgcc.a(_dvmd_tls.o)
                0x0000028c                __aeabi_idiv0
                0x0000028c                __aeabi_ldiv0
 *(.text.*)
 .text.APPL_AckErrorInd
                0x00000290       0x24 ./src/sample/src/Src/CiA402Example.o
                0x00000290                APPL_AckErrorInd
 .text.APPL_StartMailboxHandler
                0x000002b4       0x1c ./src/sample/src/Src/CiA402Example.o
                0x000002b4                APPL_StartMailboxHandler
 .text.APPL_StopMailboxHandler
                0x000002d0       0x1c ./src/sample/src/Src/CiA402Example.o
                0x000002d0                APPL_StopMailboxHandler
 .text.APPL_StartInputHandler
                0x000002ec       0x24 ./src/sample/src/Src/CiA402Example.o
                0x000002ec                APPL_StartInputHandler
 .text.APPL_StopInputHandler
                0x00000310       0x1c ./src/sample/src/Src/CiA402Example.o
                0x00000310                APPL_StopInputHandler
 .text.APPL_StartOutputHandler
                0x0000032c       0x1c ./src/sample/src/Src/CiA402Example.o
                0x0000032c                APPL_StartOutputHandler
 .text.APPL_StopOutputHandler
                0x00000348       0x1c ./src/sample/src/Src/CiA402Example.o
                0x00000348                APPL_StopOutputHandler
 .text.APPL_GenerateMapping
                0x00000364      0x2d8 ./src/sample/src/Src/CiA402Example.o
                0x00000364                APPL_GenerateMapping
 .text.APPL_InputMapping
                0x0000063c      0x164 ./src/sample/src/Src/CiA402Example.o
                0x0000063c                APPL_InputMapping
 .text.APPL_OutputMapping
                0x000007a0      0x174 ./src/sample/src/Src/CiA402Example.o
                0x000007a0                APPL_OutputMapping
 .text.APPL_Application
                0x00000914       0x18 ./src/sample/src/Src/CiA402Example.o
                0x00000914                APPL_Application
 .text.ModeRead
                0x0000092c       0xc4 ./src/sample/src/Src/CiA402Example.o
                0x0000092c                ModeRead
 .text.ModeWrite
                0x000009f0       0xc4 ./src/sample/src/Src/CiA402Example.o
                0x000009f0                ModeWrite
 .text.setStatuswordValue
                0x00000ab4       0x34 ./src/sample/src/Src/CiA402Example.o
                0x00000ab4                setStatuswordValue
 .text.setPositionActualValue
                0x00000ae8       0x30 ./src/sample/src/Src/CiA402Example.o
                0x00000ae8                setPositionActualValue
 .text.getTargetPosition
                0x00000b18       0x24 ./src/sample/src/Src/CiA402Example.o
                0x00000b18                getTargetPosition
 .text.getTargetVelocity
                0x00000b3c       0x24 ./src/sample/src/Src/CiA402Example.o
                0x00000b3c                getTargetVelocity
 .text.getControlword
                0x00000b60       0x24 ./src/sample/src/Src/CiA402Example.o
                0x00000b60                getControlword
 .text.Read0x10F8
                0x00000b84       0x9c ./src/sample/src/Src/coeappl.o
                0x00000b84                Read0x10F8
 .text.COE_SyncTimeStamp
                0x00000c20      0x110 ./src/sample/src/Src/coeappl.o
                0x00000c20                COE_SyncTimeStamp
 .text.COE_GetObjectDictionary
                0x00000d30       0x24 ./src/sample/src/Src/coeappl.o
                0x00000d30                COE_GetObjectDictionary
 .text.COE_UpdateSyncErrorStatus
                0x00000d54       0xc8 ./src/sample/src/Src/coeappl.o
                0x00000d54                COE_UpdateSyncErrorStatus
 .text.COE_ObjInit
                0x00000e1c      0x2b8 ./src/sample/src/Src/coeappl.o
                0x00000e1c                COE_ObjInit
 .text.COE_AddObjectToDic
                0x000010d4      0x1e0 ./src/sample/src/Src/coeappl.o
                0x000010d4                COE_AddObjectToDic
 .text.COE_RemoveDicEntry
                0x000012b4       0xfc ./src/sample/src/Src/coeappl.o
                0x000012b4                COE_RemoveDicEntry
 .text.COE_ClearObjDictionary
                0x000013b0       0x74 ./src/sample/src/Src/coeappl.o
                0x000013b0                COE_ClearObjDictionary
 .text.AddObjectsToObjDictionary
                0x00001424       0x78 ./src/sample/src/Src/coeappl.o
                0x00001424                AddObjectsToObjDictionary
 .text.COE_ObjDictionaryInit
                0x0000149c       0x70 ./src/sample/src/Src/coeappl.o
                0x0000149c                COE_ObjDictionaryInit
 .text.COE_Main
                0x0000150c      0x204 ./src/sample/src/Src/coeappl.o
                0x0000150c                COE_Main
 .text.PDO_InputMapping
                0x00001710      0x11c ./src/sample/src/Src/ecatappl.o
                0x00001710                PDO_InputMapping
 .text.PDO_OutputMapping
                0x0000182c      0x138 ./src/sample/src/Src/ecatappl.o
                0x0000182c                PDO_OutputMapping
 *fill*         0x00001964        0x4 
 .text.ECAT_CheckTimer
                0x00001968      0x128 ./src/sample/src/Src/ecatappl.o
                0x00001968                ECAT_CheckTimer
 .text.HandleCycleTimeMeasurement
                0x00001a90      0x10c ./src/sample/src/Src/ecatappl.o
                0x00001a90                HandleCycleTimeMeasurement
 .text.GetSystemTimeDelay
                0x00001b9c       0xd4 ./src/sample/src/Src/ecatappl.o
                0x00001b9c                GetSystemTimeDelay
 .text.PDI_Isr  0x00001c70      0x2f8 ./src/sample/src/Src/ecatappl.o
                0x00001c70                PDI_Isr
 .text.Sync0_Isr
                0x00001f68      0x2d8 ./src/sample/src/Src/ecatappl.o
                0x00001f68                Sync0_Isr
 .text.Sync1_Isr
                0x00002240       0x70 ./src/sample/src/Src/ecatappl.o
                0x00002240                Sync1_Isr
 .text.ECAT_SetLedIndication
                0x000022b0      0x610 ./src/sample/src/Src/ecatappl.o
                0x000022b0                ECAT_SetLedIndication
 .text.MainInit
                0x000028c0      0x170 ./src/sample/src/Src/ecatappl.o
                0x000028c0                MainInit
 .text.MainLoop
                0x00002a30      0x198 ./src/sample/src/Src/ecatappl.o
                0x00002a30                MainLoop
 .text.ECAT_Application
                0x00002bc8       0x5c ./src/sample/src/Src/ecatappl.o
                0x00002bc8                ECAT_Application
 .text.COE_Init
                0x00002c24       0x38 ./src/sample/src/Src/ecatcoe.o
                0x00002c24                COE_Init
 .text.COE_ServiceInd
                0x00002c5c       0xa8 ./src/sample/src/Src/ecatcoe.o
                0x00002c5c                COE_ServiceInd
 .text.COE_ContinueInd
                0x00002d04       0xa0 ./src/sample/src/Src/ecatcoe.o
                0x00002d04                COE_ContinueInd
 .text.ResetALEventMask
                0x00002da4       0x68 ./src/sample/src/Src/ecatslv.o
                0x00002da4                ResetALEventMask
 .text.SetALEventMask
                0x00002e0c       0x68 ./src/sample/src/Src/ecatslv.o
                0x00002e0c                SetALEventMask
 .text.UpdateEEPROMLoadedState
                0x00002e74       0x84 ./src/sample/src/Src/ecatslv.o
                0x00002e74                UpdateEEPROMLoadedState
 .text.GetSyncMan
                0x00002ef8       0x58 ./src/sample/src/Src/ecatslv.o
                0x00002ef8                GetSyncMan
 .text.DisableSyncManChannel
                0x00002f50       0x98 ./src/sample/src/Src/ecatslv.o
                0x00002f50                DisableSyncManChannel
 .text.EnableSyncManChannel
                0x00002fe8       0x98 ./src/sample/src/Src/ecatslv.o
                0x00002fe8                EnableSyncManChannel
 .text.CheckSmSettings
                0x00003080      0x66c ./src/sample/src/Src/ecatslv.o
                0x00003080                CheckSmSettings
 .text.StartInputHandler
                0x000036ec      0xea0 ./src/sample/src/Src/ecatslv.o
                0x000036ec                StartInputHandler
 .text.StartOutputHandler
                0x0000458c       0xc0 ./src/sample/src/Src/ecatslv.o
                0x0000458c                StartOutputHandler
 .text.StopOutputHandler
                0x0000464c       0x38 ./src/sample/src/Src/ecatslv.o
                0x0000464c                StopOutputHandler
 .text.StopInputHandler
                0x00004684      0x1f4 ./src/sample/src/Src/ecatslv.o
                0x00004684                StopInputHandler
 .text.BackToInitTransition
                0x00004878       0x28 ./src/sample/src/Src/ecatslv.o
                0x00004878                BackToInitTransition
 .text.SetALStatus
                0x000048a0      0x15c ./src/sample/src/Src/ecatslv.o
                0x000048a0                SetALStatus
 .text.AL_ControlInd
                0x000049fc      0xab8 ./src/sample/src/Src/ecatslv.o
                0x000049fc                AL_ControlInd
 .text.AL_ControlRes
                0x000054b4      0x51c ./src/sample/src/Src/ecatslv.o
                0x000054b4                AL_ControlRes
 .text.DC_CheckWatchdog
                0x000059d0      0x248 ./src/sample/src/Src/ecatslv.o
                0x000059d0                DC_CheckWatchdog
 .text.CheckIfEcatError
                0x00005c18      0x110 ./src/sample/src/Src/ecatslv.o
                0x00005c18                CheckIfEcatError
 .text.ECAT_Init
                0x00005d28      0x234 ./src/sample/src/Src/ecatslv.o
                0x00005d28                ECAT_Init
 .text.ECAT_Main
                0x00005f5c      0x2b0 ./src/sample/src/Src/ecatslv.o
                0x00005f5c                ECAT_Main
 .text.PutInMbxQueue
                0x0000620c       0x98 ./src/sample/src/Src/mailbox.o
                0x0000620c                PutInMbxQueue
 .text.GetOutOfMbxQueue
                0x000062a4       0xa4 ./src/sample/src/Src/mailbox.o
                0x000062a4                GetOutOfMbxQueue
 .text.MBX_Init
                0x00006348      0x1b0 ./src/sample/src/Src/mailbox.o
                0x00006348                MBX_Init
 .text.MBX_StartMailboxHandler
                0x000064f8      0x1f0 ./src/sample/src/Src/mailbox.o
                0x000064f8                MBX_StartMailboxHandler
 .text.MBX_StopMailboxHandler
                0x000066e8      0x258 ./src/sample/src/Src/mailbox.o
                0x000066e8                MBX_StopMailboxHandler
 .text.MailboxServiceInd
                0x00006940       0x54 ./src/sample/src/Src/mailbox.o
                0x00006940                MailboxServiceInd
 .text.MBX_MailboxWriteInd
                0x00006994      0x154 ./src/sample/src/Src/mailbox.o
                0x00006994                MBX_MailboxWriteInd
 .text.MBX_MailboxReadInd
                0x00006ae8      0x188 ./src/sample/src/Src/mailbox.o
                0x00006ae8                MBX_MailboxReadInd
 .text.MBX_MailboxRepeatReq
                0x00006c70       0xe0 ./src/sample/src/Src/mailbox.o
                0x00006c70                MBX_MailboxRepeatReq
 .text.MBX_MailboxSendReq
                0x00006d50      0x194 ./src/sample/src/Src/mailbox.o
                0x00006d50                MBX_MailboxSendReq
 .text.MBX_CheckAndCopyMailbox
                0x00006ee4      0x270 ./src/sample/src/Src/mailbox.o
                0x00006ee4                MBX_CheckAndCopyMailbox
 .text.MBX_CopyToSendMailbox
                0x00007154      0x180 ./src/sample/src/Src/mailbox.o
                0x00007154                MBX_CopyToSendMailbox
 .text.MBX_Main
                0x000072d4       0xd0 ./src/sample/src/Src/mailbox.o
                0x000072d4                MBX_Main
 .text.OBJ_GetObjectHandle
                0x000073a4       0x64 ./src/sample/src/Src/objdef.o
                0x000073a4                OBJ_GetObjectHandle
 .text.OBJ_GetObjectLength
                0x00007408      0x220 ./src/sample/src/Src/objdef.o
                0x00007408                OBJ_GetObjectLength
 .text.OBJ_CopyNumberToString
                0x00007628      0x120 ./src/sample/src/Src/objdef.o
                0x00007628                OBJ_CopyNumberToString
 .text.OBJ_GetNoOfObjects
                0x00007748      0x118 ./src/sample/src/Src/objdef.o
                0x00007748                OBJ_GetNoOfObjects
 .text.OBJ_GetObjectList
                0x00007860      0x1c8 ./src/sample/src/Src/objdef.o
                0x00007860                OBJ_GetObjectList
 .text.OBJ_GetDesc
                0x00007a28      0x1f8 ./src/sample/src/Src/objdef.o
                0x00007a28                OBJ_GetDesc
 .text.OBJ_GetEntryDesc
                0x00007c20       0xa4 ./src/sample/src/Src/objdef.o
                0x00007c20                OBJ_GetEntryDesc
 .text.OBJ_GetObjDesc
                0x00007cc4       0x28 ./src/sample/src/Src/objdef.o
                0x00007cc4                OBJ_GetObjDesc
 .text.OBJ_GetEntryOffset
                0x00007cec      0x2a4 ./src/sample/src/Src/objdef.o
                0x00007cec                OBJ_GetEntryOffset
 .text.CheckSyncTypeValue
                0x00007f90      0x290 ./src/sample/src/Src/objdef.o
                0x00007f90                CheckSyncTypeValue
 .text.OBJ_Read
                0x00008220      0xa08 ./src/sample/src/Src/objdef.o
                0x00008220                OBJ_Read
 .text.OBJ_Write
                0x00008c28      0xc44 ./src/sample/src/Src/objdef.o
                0x00008c28                OBJ_Write
 .text.HW_GetTimer
                0x0000986c       0x40 ./src/sample/src/Src/renesashw.o
                0x0000986c                HW_GetTimer
 .text.HW_ClearTimer
                0x000098ac       0x38 ./src/sample/src/Src/renesashw.o
                0x000098ac                HW_ClearTimer
 .text.HW_Init  0x000098e4       0xbc ./src/sample/src/Src/renesashw.o
                0x000098e4                HW_Init
 .text.HW_Release
                0x000099a0       0x18 ./src/sample/src/Src/renesashw.o
                0x000099a0                HW_Release
 .text.HW_SetLed
                0x000099b8       0xec ./src/sample/src/Src/renesashw.o
                0x000099b8                HW_SetLed
 .text.DISABLE_ESC_INT
                0x00009aa4       0x28 ./src/sample/src/Src/renesashw.o
                0x00009aa4                DISABLE_ESC_INT
 .text.ENABLE_ESC_INT
                0x00009acc       0x28 ./src/sample/src/Src/renesashw.o
                0x00009acc                ENABLE_ESC_INT
 .text.SdoDownloadSegmentInd
                0x00009af4      0x4dc ./src/sample/src/Src/sdoserv.o
 .text.SdoUploadSegmentInd
                0x00009fd0      0x2bc ./src/sample/src/Src/sdoserv.o
 .text.SdoRes   0x0000a28c      0x2a0 ./src/sample/src/Src/sdoserv.o
                0x0000a28c                SdoRes
 .text.SDOS_SdoInd
                0x0000a52c      0xc5c ./src/sample/src/Src/sdoserv.o
                0x0000a52c                SDOS_SdoInd
 .text.SDOS_SdoRes
                0x0000b188      0x20c ./src/sample/src/Src/sdoserv.o
                0x0000b188                SDOS_SdoRes
 .text.SODS_ClearPendingResponse
                0x0000b394      0x174 ./src/sample/src/Src/sdoserv.o
                0x0000b394                SODS_ClearPendingResponse
 .text.SDOS_SdoInfoInd
                0x0000b508      0x70c ./src/sample/src/Src/sdoserv.o
                0x0000b508                SDOS_SdoInfoInd
 .text.setStoreData
                0x0000bc14       0x6c ./src/sample/src/Src/sdoserv.o
                0x0000bc14                setStoreData
 .text.SDOResAfterUART
                0x0000bc80       0x98 ./src/sample/src/Src/sdoserv.o
                0x0000bc80                SDOResAfterUART
 .text.initUartModul
                0x0000bd18       0x94 ./src/sample/src/Src/uart.o
                0x0000bd18                initUartModul
 .text.initUartIO
                0x0000bdac      0x124 ./src/sample/src/Src/uart.o
                0x0000bdac                initUartIO
 .text.createCmt1
                0x0000bed0       0x38 ./src/sample/src/Src/uart.o
                0x0000bed0                createCmt1
 .text.startCmt1
                0x0000bf08       0x2c ./src/sample/src/Src/uart.o
                0x0000bf08                startCmt1
 .text.stopCmt1
                0x0000bf34       0x2c ./src/sample/src/Src/uart.o
                0x0000bf34                stopCmt1
 .text.creatUartCh1
                0x0000bf60      0x168 ./src/sample/src/Src/uart.o
                0x0000bf60                creatUartCh1
 .text.sendUartCh1
                0x0000c0c8       0xfc ./src/sample/src/Src/uart.o
                0x0000c0c8                sendUartCh1
 .text.receiveUartCh1
                0x0000c1c4      0x16c ./src/sample/src/Src/uart.o
                0x0000c1c4                receiveUartCh1
 .text.uartHandlerFsm
                0x0000c330      0x7f4 ./src/sample/src/Src/uart.o
                0x0000c330                uartHandlerFsm
 .text.board_init
                0x0000cb24      0x6ec ./src/sample/board_RenesasEva.o
                0x0000cb24                board_init
 .text.main     0x0000d210       0xa0 ./src/sample/main.o
                0x0000d210                main
 .text.cmt_standby
                0x0000d2b0       0x6c ./src/sample/main.o
 .text.port_init
                0x0000d31c      0x11c ./src/sample/main.o
 .text.ecm_init
                0x0000d438       0x14 ./src/sample/main.o
 .text.icu_init
                0x0000d44c       0x34 ./src/sample/main.o
 .text.EtherCAT_init
                0x0000d480      0x288 ./src/drv/ether/r_ether.o
                0x0000d480                EtherCAT_init
 .text.R_ETHER_IRQ_Init
                0x0000d708       0x24 ./src/drv/ether/r_ether.o
                0x0000d708                R_ETHER_IRQ_Init
 .text.ether_irq_init
                0x0000d72c       0x9c ./src/drv/ether/r_ether.o
                0x0000d72c                ether_irq_init
 .text.ecat_sync0_isr
                0x0000d7c8       0x44 ./src/drv/ether/r_ether.o
                0x0000d7c8                ecat_sync0_isr
 .text.ecat_sync1_isr
                0x0000d80c       0x44 ./src/drv/ether/r_ether.o
                0x0000d80c                ecat_sync1_isr
 .text.ecat_isr
                0x0000d850       0x30 ./src/drv/ether/r_ether.o
                0x0000d850                ecat_isr
 .text.ether_write_phyreg
                0x0000d880      0x180 ./src/drv/ether/r_ether.o
                0x0000d880                ether_write_phyreg
 .text.ether_wait_ns
                0x0000da00       0xa4 ./src/drv/ether/r_ether.o
                0x0000da00                ether_wait_ns
 .text.userdef_cmt_init
                0x0000daa4      0x2ac ./src/drv/cmt/cmt_userdef.o
                0x0000daa4                userdef_cmt_init
 .text.userdef_cmt_stop
                0x0000dd50       0xb8 ./src/drv/cmt/cmt_userdef.o
                0x0000dd50                userdef_cmt_stop
 .text.userdef_cmt_isr_cmi
                0x0000de08       0x70 ./src/drv/cmt/cmt_userdef.o
                0x0000de08                userdef_cmt_isr_cmi
 .text.cmt0_isr
                0x0000de78       0x48 ./src/drv/cmt/cmt_userdef.o
                0x0000de78                cmt0_isr
 .text.cmt1_isr
                0x0000dec0       0x48 ./src/drv/cmt/cmt_userdef.o
                0x0000dec0                cmt1_isr
 .text.cmt2_isr
                0x0000df08       0x48 ./src/drv/cmt/cmt_userdef.o
                0x0000df08                cmt2_isr
 .text.cmt3_isr
                0x0000df50       0x48 ./src/drv/cmt/cmt_userdef.o
                0x0000df50                cmt3_isr
 .text.R_CMT_Init
                0x0000df98       0x50 ./src/drv/cmt/r_cmt.o
                0x0000df98                R_CMT_Init
 .text._top_of_heap
                0x0000dfe8       0x20 ./src/drv/heapend.o
                0x0000dfe8                _top_of_heap
 .text.R_ECM_Init
                0x0000e008      0x1c0 ./src/drv/r_ecm.o
                0x0000e008                R_ECM_Init
 .text.R_ECM_CompareError_Wait
                0x0000e1c8      0x1b0 ./src/drv/r_ecm.o
                0x0000e1c8                R_ECM_CompareError_Wait
 .text.R_ECM_Write_Reg8
                0x0000e378       0xb0 ./src/drv/r_ecm.o
                0x0000e378                R_ECM_Write_Reg8
 .text.R_ECM_Write_Reg32
                0x0000e428       0xa4 ./src/drv/r_ecm.o
                0x0000e428                R_ECM_Write_Reg32
 .text.R_ICU_Disable
                0x0000e4cc       0xb0 ./src/drv/r_icu_init.o
                0x0000e4cc                R_ICU_Disable
 .text.R_ICU_Enable
                0x0000e57c       0xb0 ./src/drv/r_icu_init.o
                0x0000e57c                R_ICU_Enable
 .text.R_ICU_Regist
                0x0000e62c      0x1bc ./src/drv/r_icu_init.o
                0x0000e62c                R_ICU_Regist
 .text.R_RST_WriteEnable
                0x0000e7e8       0x3c ./src/drv/r_reset2.o
                0x0000e7e8                R_RST_WriteEnable
 .text.R_RST_WriteDisable
                0x0000e824       0x3c ./src/drv/r_reset2.o
                0x0000e824                R_RST_WriteDisable
 .text.__exit   0x0000e860       0x14 ./src/common/exit.o
                0x0000e860                __exit
 .text.memcpy   0x0000e874       0x7c C:\\Users\\josch\\OneDrive\\Studium\\Semester\\6. Semester\\Fachpraktikum\\EtherCAT_CiA402\\1_Workspace\\workspace_selfmade_ssc\\1_V2.2\\EtherCAT_SSC_CiA402\\project\\sflash\\RZ_T_sflash\\HardwareDebug\libRZ_T_sflash_sample.a(_memcpy.o)
                0x0000e874                memcpy
 .text.memset   0x0000e8f0       0x64 C:\\Users\\josch\\OneDrive\\Studium\\Semester\\6. Semester\\Fachpraktikum\\EtherCAT_CiA402\\1_Workspace\\workspace_selfmade_ssc\\1_V2.2\\EtherCAT_SSC_CiA402\\project\\sflash\\RZ_T_sflash\\HardwareDebug\libRZ_T_sflash_sample.a(_memset.o)
                0x0000e8f0                memset
 .text.strlen   0x0000e954       0x54 C:\\Users\\josch\\OneDrive\\Studium\\Semester\\6. Semester\\Fachpraktikum\\EtherCAT_CiA402\\1_Workspace\\workspace_selfmade_ssc\\1_V2.2\\EtherCAT_SSC_CiA402\\project\\sflash\\RZ_T_sflash\\HardwareDebug\libRZ_T_sflash_sample.a(_strlen.o)
                0x0000e954                strlen
 .text.free     0x0000e9a8      0x190 C:\\Users\\josch\\OneDrive\\Studium\\Semester\\6. Semester\\Fachpraktikum\\EtherCAT_CiA402\\1_Workspace\\workspace_selfmade_ssc\\1_V2.2\\EtherCAT_SSC_CiA402\\project\\sflash\\RZ_T_sflash\\HardwareDebug\libRZ_T_sflash_sample.a(newfree.o)
                0x0000e9a8                free
 .text._make_new_mem_hole
                0x0000eb38       0x78 C:\\Users\\josch\\OneDrive\\Studium\\Semester\\6. Semester\\Fachpraktikum\\EtherCAT_CiA402\\1_Workspace\\workspace_selfmade_ssc\\1_V2.2\\EtherCAT_SSC_CiA402\\project\\sflash\\RZ_T_sflash\\HardwareDebug\libRZ_T_sflash_sample.a(newmalloc.o)
                0x0000eb38                _make_new_mem_hole
 .text.malloc   0x0000ebb0      0x1bc C:\\Users\\josch\\OneDrive\\Studium\\Semester\\6. Semester\\Fachpraktikum\\EtherCAT_CiA402\\1_Workspace\\workspace_selfmade_ssc\\1_V2.2\\EtherCAT_SSC_CiA402\\project\\sflash\\RZ_T_sflash\\HardwareDebug\libRZ_T_sflash_sample.a(newmalloc.o)
                0x0000ebb0                malloc

.glue_7         0x0000ed6c        0x0 load address 0x30012fb4
 .glue_7        0x0000ed6c        0x0 linker stubs

.glue_7t        0x0000ed6c        0x0 load address 0x30012fb4
 .glue_7t       0x0000ed6c        0x0 linker stubs

.vfp11_veneer   0x0000ed6c        0x0 load address 0x30012fb4
 .vfp11_veneer  0x0000ed6c        0x0 linker stubs

.v4_bx          0x0000ed6c        0x0 load address 0x30012fb4
 .v4_bx         0x0000ed6c        0x0 linker stubs

.iplt           0x0000ed6c        0x0 load address 0x30012fb4
 .iplt          0x0000ed6c        0x0 ./src/sample/src/Src/CiA402Example.o

.rvectors       0x0000ed6c        0x0
                0x0000ed6c                _rvectors_start = .
 *(.rvectors)
                0x0000ed6c                _rvectors_end = .

.init           0x0000ed6c        0x0
 *(.init)
                [!provide]                PROVIDE (__exidx_start, .)
                [!provide]                PROVIDE (__exidx_end, .)

.fini
 *(.fini)

.got
 *(.got)
 *(.got.plt)

.rodata         0x0000ed6c      0xac4 load address 0x30012fb4
 *(.rodata)
 *(.rodata.*)
 .rodata.asEntryDesc0x1600
                0x0000ed6c       0x24 ./src/sample/src/Src/coeappl.o
                0x0000ed6c                asEntryDesc0x1600
 .rodata.aName0x1600
                0x0000ed90       0x56 ./src/sample/src/Src/coeappl.o
                0x0000ed90                aName0x1600
 *fill*         0x0000ede6        0x2 
 .rodata.asEntryDesc0x1601
                0x0000ede8       0x18 ./src/sample/src/Src/coeappl.o
                0x0000ede8                asEntryDesc0x1601
 .rodata.aName0x1601
                0x0000ee00       0x39 ./src/sample/src/Src/coeappl.o
                0x0000ee00                aName0x1601
 *fill*         0x0000ee39        0x3 
 .rodata.asEntryDesc0x1602
                0x0000ee3c       0x18 ./src/sample/src/Src/coeappl.o
                0x0000ee3c                asEntryDesc0x1602
 .rodata.aName0x1602
                0x0000ee54       0x39 ./src/sample/src/Src/coeappl.o
                0x0000ee54                aName0x1602
 *fill*         0x0000ee8d        0x3 
 .rodata.asEntryDesc0x1A00
                0x0000ee90       0x24 ./src/sample/src/Src/coeappl.o
                0x0000ee90                asEntryDesc0x1A00
 .rodata.aName0x1A00
                0x0000eeb4       0x56 ./src/sample/src/Src/coeappl.o
                0x0000eeb4                aName0x1A00
 *fill*         0x0000ef0a        0x2 
 .rodata.asEntryDesc0x1A01
                0x0000ef0c       0x18 ./src/sample/src/Src/coeappl.o
                0x0000ef0c                asEntryDesc0x1A01
 .rodata.aName0x1A01
                0x0000ef24       0x39 ./src/sample/src/Src/coeappl.o
                0x0000ef24                aName0x1A01
 *fill*         0x0000ef5d        0x3 
 .rodata.asEntryDesc0x1A02
                0x0000ef60       0x18 ./src/sample/src/Src/coeappl.o
                0x0000ef60                asEntryDesc0x1A02
 .rodata.aName0x1A02
                0x0000ef78       0x39 ./src/sample/src/Src/coeappl.o
                0x0000ef78                aName0x1A02
 *fill*         0x0000efb1        0x3 
 .rodata.asEntryDesc0x1C12
                0x0000efb4        0xc ./src/sample/src/Src/coeappl.o
                0x0000efb4                asEntryDesc0x1C12
 .rodata.aName0x1C12
                0x0000efc0       0x11 ./src/sample/src/Src/coeappl.o
                0x0000efc0                aName0x1C12
 *fill*         0x0000efd1        0x3 
 .rodata.asEntryDesc0x1C13
                0x0000efd4        0xc ./src/sample/src/Src/coeappl.o
                0x0000efd4                asEntryDesc0x1C13
 .rodata.aName0x1C13
                0x0000efe0       0x11 ./src/sample/src/Src/coeappl.o
                0x0000efe0                aName0x1C13
 *fill*         0x0000eff1        0x3 
 .rodata.sEntryDesc0x3500
                0x0000eff4        0x6 ./src/sample/src/Src/coeappl.o
                0x0000eff4                sEntryDesc0x3500
 *fill*         0x0000effa        0x2 
 .rodata.aName0x3500
                0x0000effc        0xb ./src/sample/src/Src/coeappl.o
                0x0000effc                aName0x3500
 *fill*         0x0000f007        0x1 
 .rodata.sEntryDesc0x3501
                0x0000f008        0x6 ./src/sample/src/Src/coeappl.o
                0x0000f008                sEntryDesc0x3501
 *fill*         0x0000f00e        0x2 
 .rodata.aName0x3501
                0x0000f010        0xb ./src/sample/src/Src/coeappl.o
                0x0000f010                aName0x3501
 *fill*         0x0000f01b        0x1 
 .rodata.sEntryDesc0x3502
                0x0000f01c        0x6 ./src/sample/src/Src/coeappl.o
                0x0000f01c                sEntryDesc0x3502
 *fill*         0x0000f022        0x2 
 .rodata.aName0x3502
                0x0000f024        0xb ./src/sample/src/Src/coeappl.o
                0x0000f024                aName0x3502
 *fill*         0x0000f02f        0x1 
 .rodata.sEntryDesc0x603F
                0x0000f030        0x6 ./src/sample/src/Src/coeappl.o
                0x0000f030                sEntryDesc0x603F
 *fill*         0x0000f036        0x2 
 .rodata.aName0x603F
                0x0000f038        0xd ./src/sample/src/Src/coeappl.o
                0x0000f038                aName0x603F
 *fill*         0x0000f045        0x3 
 .rodata.sEntryDesc0x6040
                0x0000f048        0x6 ./src/sample/src/Src/coeappl.o
                0x0000f048                sEntryDesc0x6040
 *fill*         0x0000f04e        0x2 
 .rodata.aName0x6040
                0x0000f050        0xe ./src/sample/src/Src/coeappl.o
                0x0000f050                aName0x6040
 *fill*         0x0000f05e        0x2 
 .rodata.sEntryDesc0x6041
                0x0000f060        0x6 ./src/sample/src/Src/coeappl.o
                0x0000f060                sEntryDesc0x6041
 *fill*         0x0000f066        0x2 
 .rodata.aName0x6041
                0x0000f068        0xd ./src/sample/src/Src/coeappl.o
                0x0000f068                aName0x6041
 *fill*         0x0000f075        0x3 
 .rodata.sEntryDesc0x605A
                0x0000f078        0x6 ./src/sample/src/Src/coeappl.o
                0x0000f078                sEntryDesc0x605A
 *fill*         0x0000f07e        0x2 
 .rodata.aName0x605A
                0x0000f080       0x19 ./src/sample/src/Src/coeappl.o
                0x0000f080                aName0x605A
 *fill*         0x0000f099        0x3 
 .rodata.sEntryDesc0x605B
                0x0000f09c        0x6 ./src/sample/src/Src/coeappl.o
                0x0000f09c                sEntryDesc0x605B
 *fill*         0x0000f0a2        0x2 
 .rodata.aName0x605B
                0x0000f0a4       0x17 ./src/sample/src/Src/coeappl.o
                0x0000f0a4                aName0x605B
 *fill*         0x0000f0bb        0x1 
 .rodata.sEntryDesc0x605C
                0x0000f0bc        0x6 ./src/sample/src/Src/coeappl.o
                0x0000f0bc                sEntryDesc0x605C
 *fill*         0x0000f0c2        0x2 
 .rodata.aName0x605C
                0x0000f0c4       0x20 ./src/sample/src/Src/coeappl.o
                0x0000f0c4                aName0x605C
 .rodata.sEntryDesc0x605E
                0x0000f0e4        0x6 ./src/sample/src/Src/coeappl.o
                0x0000f0e4                sEntryDesc0x605E
 *fill*         0x0000f0ea        0x2 
 .rodata.aName0x605E
                0x0000f0ec       0x1d ./src/sample/src/Src/coeappl.o
                0x0000f0ec                aName0x605E
 *fill*         0x0000f109        0x3 
 .rodata.sEntryDesc0x6060
                0x0000f10c        0x6 ./src/sample/src/Src/coeappl.o
                0x0000f10c                sEntryDesc0x6060
 *fill*         0x0000f112        0x2 
 .rodata.aName0x6060
                0x0000f114       0x15 ./src/sample/src/Src/coeappl.o
                0x0000f114                aName0x6060
 *fill*         0x0000f129        0x3 
 .rodata.sEntryDesc0x6061
                0x0000f12c        0x6 ./src/sample/src/Src/coeappl.o
                0x0000f12c                sEntryDesc0x6061
 *fill*         0x0000f132        0x2 
 .rodata.aName0x6061
                0x0000f134       0x1d ./src/sample/src/Src/coeappl.o
                0x0000f134                aName0x6061
 *fill*         0x0000f151        0x3 
 .rodata.sEntryDesc0x6064
                0x0000f154        0x6 ./src/sample/src/Src/coeappl.o
                0x0000f154                sEntryDesc0x6064
 *fill*         0x0000f15a        0x2 
 .rodata.aName0x6064
                0x0000f15c       0x18 ./src/sample/src/Src/coeappl.o
                0x0000f15c                aName0x6064
 .rodata.sEntryDesc0x606C
                0x0000f174        0x6 ./src/sample/src/Src/coeappl.o
                0x0000f174                sEntryDesc0x606C
 *fill*         0x0000f17a        0x2 
 .rodata.aName0x606C
                0x0000f17c       0x18 ./src/sample/src/Src/coeappl.o
                0x0000f17c                aName0x606C
 .rodata.sEntryDesc0x6077
                0x0000f194        0x6 ./src/sample/src/Src/coeappl.o
                0x0000f194                sEntryDesc0x6077
 *fill*         0x0000f19a        0x2 
 .rodata.aName0x6077
                0x0000f19c       0x16 ./src/sample/src/Src/coeappl.o
                0x0000f19c                aName0x6077
 *fill*         0x0000f1b2        0x2 
 .rodata.sEntryDesc0x607A
                0x0000f1b4        0x6 ./src/sample/src/Src/coeappl.o
                0x0000f1b4                sEntryDesc0x607A
 *fill*         0x0000f1ba        0x2 
 .rodata.aName0x607A
                0x0000f1bc       0x12 ./src/sample/src/Src/coeappl.o
                0x0000f1bc                aName0x607A
 *fill*         0x0000f1ce        0x2 
 .rodata.asEntryDesc0x607D
                0x0000f1d0       0x12 ./src/sample/src/Src/coeappl.o
                0x0000f1d0                asEntryDesc0x607D
 *fill*         0x0000f1e2        0x2 
 .rodata.aName0x607D
                0x0000f1e4       0x40 ./src/sample/src/Src/coeappl.o
                0x0000f1e4                aName0x607D
 .rodata.sEntryDesc0x6085
                0x0000f224        0x6 ./src/sample/src/Src/coeappl.o
                0x0000f224                sEntryDesc0x6085
 *fill*         0x0000f22a        0x2 
 .rodata.aName0x6085
                0x0000f22c       0x1a ./src/sample/src/Src/coeappl.o
                0x0000f22c                aName0x6085
 *fill*         0x0000f246        0x2 
 .rodata.asEntryDesc0x60C2
                0x0000f248       0x12 ./src/sample/src/Src/coeappl.o
                0x0000f248                asEntryDesc0x60C2
 *fill*         0x0000f25a        0x2 
 .rodata.aName0x60C2
                0x0000f25c       0x55 ./src/sample/src/Src/coeappl.o
                0x0000f25c                aName0x60C2
 *fill*         0x0000f2b1        0x3 
 .rodata.sEntryDesc0x60FF
                0x0000f2b4        0x6 ./src/sample/src/Src/coeappl.o
                0x0000f2b4                sEntryDesc0x60FF
 *fill*         0x0000f2ba        0x2 
 .rodata.aName0x60FF
                0x0000f2bc       0x12 ./src/sample/src/Src/coeappl.o
                0x0000f2bc                aName0x60FF
 *fill*         0x0000f2ce        0x2 
 .rodata.sEntryDesc0x6502
                0x0000f2d0        0x6 ./src/sample/src/Src/coeappl.o
                0x0000f2d0                sEntryDesc0x6502
 *fill*         0x0000f2d6        0x2 
 .rodata.aName0x6502
                0x0000f2d8       0x18 ./src/sample/src/Src/coeappl.o
                0x0000f2d8                aName0x6502
 .rodata.asEntryDesc0xF000
                0x0000f2f0       0x12 ./src/sample/src/Src/coeappl.o
                0x0000f2f0                asEntryDesc0xF000
 *fill*         0x0000f302        0x2 
 .rodata.aName0xF000
                0x0000f304       0x44 ./src/sample/src/Src/coeappl.o
                0x0000f304                aName0xF000
 .rodata.asEntryDesc0xF010
                0x0000f348        0xc ./src/sample/src/Src/coeappl.o
                0x0000f348                asEntryDesc0xF010
 .rodata.aName0xF010
                0x0000f354       0x16 ./src/sample/src/Src/coeappl.o
                0x0000f354                aName0xF010
 *fill*         0x0000f36a        0x2 
 .rodata.sEntryDesc0x1000
                0x0000f36c        0x6 ./src/sample/src/Src/coeappl.o
                0x0000f36c                sEntryDesc0x1000
 *fill*         0x0000f372        0x2 
 .rodata.aName0x1000
                0x0000f374        0xc ./src/sample/src/Src/coeappl.o
                0x0000f374                aName0x1000
 .rodata.sEntryDesc0x1001
                0x0000f380        0x6 ./src/sample/src/Src/coeappl.o
                0x0000f380                sEntryDesc0x1001
 *fill*         0x0000f386        0x2 
 .rodata.aName0x1001
                0x0000f388        0xf ./src/sample/src/Src/coeappl.o
                0x0000f388                aName0x1001
 *fill*         0x0000f397        0x1 
 .rodata.sEntryDesc0x1008
                0x0000f398        0x6 ./src/sample/src/Src/coeappl.o
                0x0000f398                sEntryDesc0x1008
 *fill*         0x0000f39e        0x2 
 .rodata.aName0x1008
                0x0000f3a0        0xc ./src/sample/src/Src/coeappl.o
                0x0000f3a0                aName0x1008
 .rodata.sEntryDesc0x1009
                0x0000f3ac        0x6 ./src/sample/src/Src/coeappl.o
                0x0000f3ac                sEntryDesc0x1009
 *fill*         0x0000f3b2        0x2 
 .rodata.aName0x1009
                0x0000f3b4       0x11 ./src/sample/src/Src/coeappl.o
                0x0000f3b4                aName0x1009
 *fill*         0x0000f3c5        0x3 
 .rodata.sEntryDesc0x100A
                0x0000f3c8        0x6 ./src/sample/src/Src/coeappl.o
                0x0000f3c8                sEntryDesc0x100A
 *fill*         0x0000f3ce        0x2 
 .rodata.aName0x100A
                0x0000f3d0       0x11 ./src/sample/src/Src/coeappl.o
                0x0000f3d0                aName0x100A
 *fill*         0x0000f3e1        0x3 
 .rodata.asEntryDesc0x1018
                0x0000f3e4       0x1e ./src/sample/src/Src/coeappl.o
                0x0000f3e4                asEntryDesc0x1018
 *fill*         0x0000f402        0x2 
 .rodata.aName0x1018
                0x0000f404       0x39 ./src/sample/src/Src/coeappl.o
                0x0000f404                aName0x1018
 *fill*         0x0000f43d        0x3 
 .rodata.asEntryDesc0x10F1
                0x0000f440       0x12 ./src/sample/src/Src/coeappl.o
                0x0000f440                asEntryDesc0x10F1
 *fill*         0x0000f452        0x2 
 .rodata.aName0x10F1
                0x0000f454       0x3f ./src/sample/src/Src/coeappl.o
                0x0000f454                aName0x10F1
 *fill*         0x0000f493        0x1 
 .rodata.sEntryDesc0x10F8
                0x0000f494        0x6 ./src/sample/src/Src/coeappl.o
                0x0000f494                sEntryDesc0x10F8
 *fill*         0x0000f49a        0x2 
 .rodata.aName0x10F8
                0x0000f49c       0x13 ./src/sample/src/Src/coeappl.o
                0x0000f49c                aName0x10F8
 *fill*         0x0000f4af        0x1 
 .rodata.asEntryDesc0x1C00
                0x0000f4b0        0xc ./src/sample/src/Src/coeappl.o
                0x0000f4b0                asEntryDesc0x1C00
 .rodata.aName0x1C00
                0x0000f4bc       0x12 ./src/sample/src/Src/coeappl.o
                0x0000f4bc                aName0x1C00
 *fill*         0x0000f4ce        0x2 
 .rodata.asEntryDesc0x1C3x
                0x0000f4d0       0xc6 ./src/sample/src/Src/coeappl.o
                0x0000f4d0                asEntryDesc0x1C3x
 *fill*         0x0000f596        0x2 
 .rodata.aName0x1C32
                0x0000f598      0x100 ./src/sample/src/Src/coeappl.o
                0x0000f598                aName0x1C32
 .rodata.aName0x1C33
                0x0000f698       0xff ./src/sample/src/Src/coeappl.o
                0x0000f698                aName0x1C33
 *fill*         0x0000f797        0x1 
 .rodata.cBitMask
                0x0000f798       0x20 ./src/sample/src/Src/objdef.o
                0x0000f798                cBitMask
 .rodata.cAbortCode
                0x0000f7b8       0x78 ./src/sample/src/Src/sdoserv.o
                0x0000f7b8                cAbortCode
                0x0000f830                _erodata = .

.rel.dyn        0x0000f830        0x0 load address 0x30013a78
 .rel.iplt      0x0000f830        0x0 ./src/sample/src/Src/CiA402Example.o

.eh_frame_hdr
 *(.eh_frame_hdr)

.eh_frame
 *(.eh_frame)

.jcr
 *(.jcr)

.tors           0x0000f830        0x0
                0x0000f830                __CTOR_LIST__ = .
                0x0000f830                . = ALIGN (0x2)
                0x0000f830                __ctors = .
 *(.ctors)
                0x0000f830                __ctors_end = .
                0x0000f830                __CTOR_END__ = .
                0x0000f830                __DTOR_LIST__ = .
                0x0000f830                ___dtors = .
 *(.dtors)
                0x0000f830                ___dtors_end = .
                0x0000f830                __DTOR_END__ = .
                0x0000f830                . = ALIGN (0x2)
                0x0000f830                _text_end = .

.data           0x0000f830      0x7dc load address 0x30013a78
                0x0000f830                _data_start = .
 *(.data)
 *(.data.*)
 .data.RxPdoMappingCspCsV0x1600
                0x0000f830       0x18 ./src/sample/src/Src/CiA402Example.o
                0x0000f830                RxPdoMappingCspCsV0x1600
 .data.RxPdoMappingCsp0x1601
                0x0000f848       0x10 ./src/sample/src/Src/CiA402Example.o
                0x0000f848                RxPdoMappingCsp0x1601
 .data.RxPdoMappingCsv0x1602
                0x0000f858       0x10 ./src/sample/src/Src/CiA402Example.o
                0x0000f858                RxPdoMappingCsv0x1602
 .data.TxPdoMappingCspCsV0x1A00
                0x0000f868       0x18 ./src/sample/src/Src/CiA402Example.o
                0x0000f868                TxPdoMappingCspCsV0x1A00
 .data.TxPdoMappingCsp0x1A01
                0x0000f880       0x10 ./src/sample/src/Src/CiA402Example.o
                0x0000f880                TxPdoMappingCsp0x1A01
 .data.TxPdoMappingCsv0x1A02
                0x0000f890       0x10 ./src/sample/src/Src/CiA402Example.o
                0x0000f890                TxPdoMappingCsv0x1A02
 .data.sRxPDOassign
                0x0000f8a0        0x4 ./src/sample/src/Src/CiA402Example.o
                0x0000f8a0                sRxPDOassign
 .data.sTxPDOassign
                0x0000f8a4        0x4 ./src/sample/src/Src/CiA402Example.o
                0x0000f8a4                sTxPDOassign
 .data.SoftwarePositionLimit0x607D
                0x0000f8a8        0xc ./src/sample/src/Src/CiA402Example.o
                0x0000f8a8                SoftwarePositionLimit0x607D
 .data.InterpolationTimePeriod0x60C2
                0x0000f8b4        0x4 ./src/sample/src/Src/CiA402Example.o
                0x0000f8b4                InterpolationTimePeriod0x60C2
 .data.SupportedDriveModes0x6502
                0x0000f8b8        0x4 ./src/sample/src/Src/CiA402Example.o
                0x0000f8b8                SupportedDriveModes0x6502
 .data.ModularDeviceProfile0xF000
                0x0000f8bc        0x6 ./src/sample/src/Src/CiA402Example.o
                0x0000f8bc                ModularDeviceProfile0xF000
 *fill*         0x0000f8c2        0x2 
 .data.ModuleProfileList0xF010
                0x0000f8c4        0x8 ./src/sample/src/Src/CiA402Example.o
                0x0000f8c4                ModuleProfileList0xF010
 .data.ApplicationObjDic
                0x0000f8cc      0x500 ./src/sample/src/Src/coeappl.o
                0x0000f8cc                ApplicationObjDic
 .data.u32Devicetype
                0x0000fdcc        0x4 ./src/sample/src/Src/coeappl.o
                0x0000fdcc                u32Devicetype
 .data.acDevicename
                0x0000fdd0        0x9 ./src/sample/src/Src/coeappl.o
                0x0000fdd0                acDevicename
 *fill*         0x0000fdd9        0x3 
 .data.acHardwareversion
                0x0000fddc        0x4 ./src/sample/src/Src/coeappl.o
                0x0000fddc                acHardwareversion
 .data.acSoftwareversion
                0x0000fde0        0x5 ./src/sample/src/Src/coeappl.o
                0x0000fde0                acSoftwareversion
 *fill*         0x0000fde5        0x3 
 .data.sIdentity
                0x0000fde8       0x14 ./src/sample/src/Src/coeappl.o
                0x0000fde8                sIdentity
 .data.sSyncmanagertype
                0x0000fdfc        0x6 ./src/sample/src/Src/coeappl.o
                0x0000fdfc                sSyncmanagertype
 *fill*         0x0000fe02        0x2 
 .data.GenObjDic
                0x0000fe04      0x1e0 ./src/sample/src/Src/coeappl.o
                0x0000fe04                GenObjDic
 .data.sErrorSettings
                0x0000ffe4        0xc ./src/sample/src/Src/objdef.o
                0x0000ffe4                sErrorSettings
 .data.aSubindexDesc
                0x0000fff0        0xd ./src/sample/src/Src/objdef.o
                0x0000fff0                aSubindexDesc
 *fill*         0x0000fffd        0x3 
 .data.g_pcmd_reg_adrr
                0x00010000        0xc ./src/drv/r_ecm.o
                0x0001000c                _data_end = .

.igot.plt       0x0001000c        0x0 load address 0x30014254
 .igot.plt      0x0001000c        0x0 ./src/sample/src/Src/CiA402Example.o

.bss            0x00010010      0x2bd load address 0x30014258
                0x00010010                PROVIDE (__bss_start__, .)
                0x00010010                _bss = .
 *(.bss)
 *(.bss.*)
 .bss.SdoData00x3500
                0x00010010        0x4 ./src/sample/src/Src/CiA402Example.o
                0x00010010                SdoData00x3500
 .bss.SdoData10x3501
                0x00010014        0x4 ./src/sample/src/Src/CiA402Example.o
                0x00010014                SdoData10x3501
 .bss.SdoData20x3502
                0x00010018        0x4 ./src/sample/src/Src/CiA402Example.o
                0x00010018                SdoData20x3502
 .bss.ErrorCode0x603F
                0x0001001c        0x2 ./src/sample/src/Src/CiA402Example.o
                0x0001001c                ErrorCode0x603F
 .bss.Controlword0x6040
                0x0001001e        0x2 ./src/sample/src/Src/CiA402Example.o
                0x0001001e                Controlword0x6040
 .bss.Statusword0x6041
                0x00010020        0x2 ./src/sample/src/Src/CiA402Example.o
                0x00010020                Statusword0x6041
 .bss.QuickStopOptionCode0x605A
                0x00010022        0x2 ./src/sample/src/Src/CiA402Example.o
                0x00010022                QuickStopOptionCode0x605A
 .bss.ShutdownOptionCode0x605B
                0x00010024        0x2 ./src/sample/src/Src/CiA402Example.o
                0x00010024                ShutdownOptionCode0x605B
 .bss.DisableOperationOptionCode0x605C
                0x00010026        0x2 ./src/sample/src/Src/CiA402Example.o
                0x00010026                DisableOperationOptionCode0x605C
 .bss.FaultReactionOptionCode0x605E
                0x00010028        0x2 ./src/sample/src/Src/CiA402Example.o
                0x00010028                FaultReactionOptionCode0x605E
 .bss.ModesOfOperation0x6060
                0x0001002a        0x1 ./src/sample/src/Src/CiA402Example.o
                0x0001002a                ModesOfOperation0x6060
 .bss.ModesOfOperationDisplay0x6061
                0x0001002b        0x1 ./src/sample/src/Src/CiA402Example.o
                0x0001002b                ModesOfOperationDisplay0x6061
 .bss.PositionActualValue0x6064
                0x0001002c        0x4 ./src/sample/src/Src/CiA402Example.o
                0x0001002c                PositionActualValue0x6064
 .bss.VelocityActualValue0x606C
                0x00010030        0x4 ./src/sample/src/Src/CiA402Example.o
                0x00010030                VelocityActualValue0x606C
 .bss.TorqueActualValue0x6077
                0x00010034        0x4 ./src/sample/src/Src/CiA402Example.o
                0x00010034                TorqueActualValue0x6077
 .bss.TargetPosition0x607A
                0x00010038        0x4 ./src/sample/src/Src/CiA402Example.o
                0x00010038                TargetPosition0x607A
 .bss.QuickStopDeceleration0x6085
                0x0001003c        0x4 ./src/sample/src/Src/CiA402Example.o
                0x0001003c                QuickStopDeceleration0x6085
 .bss.TargetVelocity0x60FF
                0x00010040        0x4 ./src/sample/src/Src/CiA402Example.o
                0x00010040                TargetVelocity0x60FF
 *fill*         0x00010044        0x4 
 .bss.u64Timestamp
                0x00010048        0x8 ./src/sample/src/Src/coeappl.o
                0x00010048                u64Timestamp
 .bss.u16ErrorRegister
                0x00010050        0x2 ./src/sample/src/Src/coeappl.o
                0x00010050                u16ErrorRegister
 *fill*         0x00010052        0x2 
 .bss.ObjDicList
                0x00010054        0x4 ./src/sample/src/Src/coeappl.o
                0x00010054                ObjDicList
 .bss.bInitFinished
                0x00010058        0x1 ./src/sample/src/Src/ecatappl.o
                0x00010058                bInitFinished
 *fill*         0x00010059        0x1 
 .bss.ms.6936   0x0001005a        0x2 ./src/sample/src/Src/ecatappl.o
 .bss.u8PrevRunLed.6940
                0x0001005c        0x1 ./src/sample/src/Src/ecatappl.o
 *fill*         0x0001005d        0x1 
 .bss.RunCounter.6937
                0x0001005e        0x2 ./src/sample/src/Src/ecatappl.o
 .bss.u8PrevErrorLed.6939
                0x00010060        0x1 ./src/sample/src/Src/ecatappl.o
 *fill*         0x00010061        0x1 
 .bss.ErrorCounter.6938
                0x00010062        0x2 ./src/sample/src/Src/ecatappl.o
 .bss.SMActivate
                0x00010064        0x1 ./src/sample/src/Src/ecatslv.o
                0x00010064                SMActivate
 .bss.EepromLoaded
                0x00010065        0x1 ./src/sample/src/Src/ecatslv.o
                0x00010065                EepromLoaded
 *fill*         0x00010066        0x2 
 .bss.BaseTime  0x00010068        0x4 ./src/sample/src/Src/renesashw.o
                0x00010068                BaseTime
 .bss.bSdoInWork
                0x0001006c        0x1 ./src/sample/src/Src/sdoserv.o
                0x0001006c                bSdoInWork
 .bss.UART_AKTIV_HANDLER
                0x0001006d        0x1 ./src/sample/src/Src/uart.o
                0x0001006d                UART_AKTIV_HANDLER
 *fill*         0x0001006e        0x2 
 .bss.SDO_REQ_FLAG
                0x00010070        0x4 ./src/sample/src/Src/uart.o
                0x00010070                SDO_REQ_FLAG
 .bss.SDO_IND_FLAG
                0x00010074        0x4 ./src/sample/src/Src/uart.o
                0x00010074                SDO_IND_FLAG
 .bss.SDO_RES_FLAG
                0x00010078        0x4 ./src/sample/src/Src/uart.o
                0x00010078                SDO_RES_FLAG
 .bss.SDO_TIMEOUT
                0x0001007c        0x4 ./src/sample/src/Src/uart.o
                0x0001007c                SDO_TIMEOUT
 .bss.controlword
                0x00010080        0x2 ./src/sample/src/Src/uart.o
                0x00010080                controlword
 .bss.statusword
                0x00010082        0x2 ./src/sample/src/Src/uart.o
                0x00010082                statusword
 .bss.targetPosition
                0x00010084        0x4 ./src/sample/src/Src/uart.o
                0x00010084                targetPosition
 .bss.targetVelocity
                0x00010088        0x4 ./src/sample/src/Src/uart.o
                0x00010088                targetVelocity
 .bss.actuellePosition
                0x0001008c        0x4 ./src/sample/src/Src/uart.o
                0x0001008c                actuellePosition
 .bss.headerSDO
                0x00010090        0x4 ./src/sample/src/Src/uart.o
                0x00010090                headerSDO
 .bss.sdoData   0x00010094        0x4 ./src/sample/src/Src/uart.o
                0x00010094                sdoData
 .bss.sdo_res_data
                0x00010098        0x4 ./src/sample/src/Src/uart.o
                0x00010098                sdo_res_data
 .bss.state.45816
                0x0001009c        0x1 ./src/sample/src/Src/uart.o
 *fill*         0x0001009d        0x3 
 .bss.g_cmt_modes
                0x000100a0       0x10 ./src/drv/cmt/cmt_userdef.o
 .bss.g_cmt_callbacks
                0x000100b0       0x10 ./src/drv/cmt/cmt_userdef.o
 .bss._heap_of_memory
                0x000100c0        0x4 ./src/drv/heapend.o
                0x000100c0                _heap_of_memory
 .bss._last_heap_object
                0x000100c4        0x4 ./src/drv/heapend.o
                0x000100c4                _last_heap_object
 *(COMMON)
 COMMON         0x000100c8        0x8 ./src/sample/src/Src/coeappl.o
                0x000100c8                u32LastDc32Value
                0x000100cc                u32CheckForDcOverrunCnt
 COMMON         0x000100d0       0x35 ./src/sample/src/Src/ecatappl.o
                0x000100d0                bMinCycleTimeMeasurementStarted
                0x000100d4                u32CycleTimeStartValue
                0x000100d8                bRunApplication
                0x000100dc                u32SystemTimeReadFailure
                0x000100e0                bEcatWaitForInputUpdate
                0x000100e4                u32MinCycleTimeValue
                0x000100e8                aPdOutputData
                0x000100f0                pAPPL_MainLoop
                0x000100f4                bEtherCATErrorLed
                0x000100f8                u32MinCycleTimeStartValue
                0x000100fc                aPdInputData
                0x00010104                bEtherCATRunLed
 *fill*         0x00010105        0x3 
 COMMON         0x00010108        0x4 ./src/sample/src/Src/ecatcoe.o
                0x00010108                pCoeSendStored
 COMMON         0x0001010c       0x4c ./src/sample/src/Src/ecatslv.o
                0x0001010c                b3BufferMode
                0x0001010e                nEcatStateTrans
                0x00010110                bApplEsmPending
                0x00010111                nAlStatus
                0x00010112                nPdOutputSize
                0x00010114                u16LocalErrorCode
                0x00010116                Sync0WdCounter
                0x00010118                bLocalErrorFlag
                0x0001011a                LatchInputSync0Counter
                0x0001011c                i16WaitForPllRunningCnt
                0x0001011e                nEscAddrOutputData
                0x00010120                Sync0WdValue
                0x00010122                u8EcatRunLed
                0x00010124                i16WaitForPllRunningTimeout
                0x00010126                Sync1WdValue
                0x00010128                u8dummy
                0x0001012a                u16ALEventMask
                0x0001012c                bDcRunning
                0x00010130                SyncManInfo
                0x00010138                b32BitDc
                0x0001013a                LatchInputSync0Value
                0x0001013c                bEcatWaitForAlControlRes
                0x0001013e                nPdInputSize
                0x00010140                u16SmSync0Value
                0x00010142                nMaxEscAddress
                0x00010144                bEcatFirstOutputsReceived
                0x00010145                bSmSyncSequenceValid
                0x00010146                EsmTimeoutCounter
                0x00010148                bDcSyncActive
                0x00010149                bEcatOutputUpdateRunning
                0x0001014a                Sync1WdCounter
                0x0001014c                EcatWdValue
                0x0001014e                bEcatInputUpdateRunning
                0x0001014f                bEscIntEnabled
                0x00010150                bWdTrigger
                0x00010152                u16SmSync0Counter
                0x00010154                nMaxSyncMan
                0x00010155                u8EcatErrorLed
                0x00010156                nEscAddrInputData
 COMMON         0x00010158       0x94 ./src/sample/src/Src/mailbox.o
                0x00010158                u8MbxReadCounter
                0x0001015c                sMbxSendQueue
                0x00010190                sMbxReceiveQueue
                0x000101c4                bNoMbxMemoryAvailable
                0x000101c5                bSendMbxIsFull
                0x000101c6                bMbxRunning
                0x000101c8                u16EscAddrReceiveMbx
                0x000101cc                psStoreMbx
                0x000101d0                u16SendMbxSize
                0x000101d4                psReadMbx
                0x000101d8                bReceiveMbxIsLocked
                0x000101da                u16EscAddrSendMbx
                0x000101dc                psWriteMbx
                0x000101e0                u8MbxWriteCounter
                0x000101e1                u8MailboxSendReqStored
                0x000101e2                u16ReceiveMbxSize
                0x000101e4                bMbxRepeatToggle
                0x000101e8                psRepeatMbx
 COMMON         0x000101ec       0x8e ./src/sample/src/Src/objdef.o
                0x000101ec                sSyncManInPar
                0x00010230                sSyncManOutPar
                0x00010274                bSyncSetByUser
                0x00010278                sCycleDiag
 *fill*         0x0001027a        0x2 
 COMMON         0x0001027c        0x4 ./src/sample/src/Src/renesashw.o
                0x0001027c                pEsc
 COMMON         0x00010280       0x4d ./src/sample/src/Src/sdoserv.o
                0x00010280                nSdoInfoIndex
                0x00010284                pStoreData
                0x00010288                nSdoSegBytesToHandle
                0x0001028c                bSdoSegAccess
                0x0001028d                bSdoSegFollows
                0x00010290                nSdoSegCompleteSize
                0x00010294                pSdoPendFunc
                0x00010298                u8PendingSdo
                0x00010299                bStoreCompleteAccess
                0x0001029a                bSdoSegLastToggle
                0x0001029b                nSdoSegService
                0x0001029c                pSdoInfoObjEntry
                0x000102a0                nSdoInfoFragmentsLeft
                0x000102a4                pSdoResStored
                0x000102a8                u32StoreDataSize
                0x000102ac                pSdoSegData
                0x000102b0                nSdoSegIndex
                0x000102b4                aSdoInfoHeader
                0x000102c4                pSdoSegObjEntry
                0x000102c8                nSdoSegSubindex
                0x000102ca                u16StoreIndex
                0x000102cc                u8StoreSubindex
                0x000102cd                PROVIDE (__bss_end__, .)
                0x000102cd                _ebss = .
                0x000102cd                _end = .

.heap           0x000102cd     0x8003 load address 0x30014515
                0x000102d0                . = ALIGN (0x10)
 *fill*         0x000102cd        0x3 
                0x000102d0                PROVIDE (end, .)
                0x000102d0                _HeapStart = .
                0x000182d0                . = (. + 0x8000)
 *fill*         0x000102d0     0x8000 
                0x000182d0                PROVIDE (_HeapEnd, .)

.sys_stack      0x000182d0     0x2000 load address 0x3001c518
 *(.sys_stack)
                0x000182d0                . = ALIGN (0x10)
                0x000182d0                _sys_stack_start = .
                0x0001a2d0                . = (. + 0x2000)
 *fill*         0x000182d0     0x2000 
                0x0001a2d0                _sys_stack = .

.svc_stack      0x0001a2d0     0x2000 load address 0x3001e518
 *(.svc_stack)
                0x0001a2d0                . = ALIGN (0x10)
                0x0001a2d0                _svc_stack_start = .
                0x0001c2d0                . = (. + 0x2000)
 *fill*         0x0001a2d0     0x2000 
                0x0001c2d0                _svc_stack = .

.irq_stack      0x0001c2d0     0x1000 load address 0x30020518
 *(.irq_stack)
                0x0001c2d0                . = ALIGN (0x10)
                0x0001c2d0                _irq_stack_start = .
                0x0001d2d0                . = (. + 0x1000)
 *fill*         0x0001c2d0     0x1000 
                0x0001d2d0                _irq_stack = .

.fiq_stack      0x0001d2d0     0x1000 load address 0x30021518
 *(.fiq_stack)
                0x0001d2d0                . = ALIGN (0x10)
                0x0001d2d0                _fiq_stack_start = .
                0x0001e2d0                . = (. + 0x1000)
 *fill*         0x0001d2d0     0x1000 
                0x0001e2d0                _fiq_stack = .

.und_stack      0x0001e2d0     0x1000 load address 0x30022518
 *(.und_stack)
                0x0001e2d0                . = ALIGN (0x10)
                0x0001e2d0                _und_stack_start = .
                0x0001f2d0                . = (. + 0x1000)
 *fill*         0x0001e2d0     0x1000 
                0x0001f2d0                _und_stack = .

.abt_stack      0x0001f2d0     0x1000 load address 0x30023518
 *(.und_stack)
                0x0001f2d0                . = ALIGN (0x10)
                0x0001f2d0                _abt_stack_start = .
                0x000202d0                . = (. + 0x1000)
 *fill*         0x0001f2d0     0x1000 
                0x000202d0                _abt_stack = .
OUTPUT(RZ_T_sflash_sample.x elf32-littlearm)

.debug_info     0x00000000    0xe1110
 .debug_info    0x00000000     0x1876 ./src/sample/src/Src/CiA402Example.o
 .debug_info    0x00001876     0x20eb ./src/sample/src/Src/coeappl.o
 .debug_info    0x00003961     0x1736 ./src/sample/src/Src/ecatappl.o
 .debug_info    0x00005097      0xe1f ./src/sample/src/Src/ecatcoe.o
 .debug_info    0x00005eb6     0x1a1c ./src/sample/src/Src/ecatslv.o
 .debug_info    0x000078d2     0x115a ./src/sample/src/Src/mailbox.o
 .debug_info    0x00008a2c     0x1832 ./src/sample/src/Src/objdef.o
 .debug_info    0x0000a25e     0x1c92 ./src/sample/src/Src/renesashw.o
 .debug_info    0x0000bef0     0x1a39 ./src/sample/src/Src/sdoserv.o
 .debug_info    0x0000d929    0x1ca10 ./src/sample/src/Src/uart.o
 .debug_info    0x0002a339     0x799a ./src/sample/board_RenesasEva.o
 .debug_info    0x00031cd3    0x18f2a ./src/sample/main.o
 .debug_info    0x0004abfd    0x1eaa5 ./src/drv/ether/r_ether.o
 .debug_info    0x000696a2    0x161b6 ./src/drv/cmt/cmt_userdef.o
 .debug_info    0x0007f858      0x1e7 ./src/drv/cmt/r_cmt.o
 .debug_info    0x0007fa3f      0x8e9 ./src/drv/heapend.o
 .debug_info    0x00080328    0x17c38 ./src/drv/r_ecm.o
 .debug_info    0x00097f60    0x16b3f ./src/drv/r_icu_init.o
 .debug_info    0x000aea9f      0xec6 ./src/drv/r_reset2.o
 .debug_info    0x000af965     0xa028 ./src/common/sflash_boot/bus_init_serial_boot.o
 .debug_info    0x000b998d       0x57 ./src/common/sflash_boot/loader_param.o
 .debug_info    0x000b99e4      0x35f ./src/common/sflash_boot/spibsc_flash_api.o
 .debug_info    0x000b9d43      0xef9 ./src/common/sflash_boot/spibsc_flash_userdef.o
 .debug_info    0x000bac3c      0x331 ./src/common/sflash_boot/spibsc_ioset_api.o
 .debug_info    0x000baf6d     0x5efa ./src/common/sflash_boot/spibsc_ioset_drv.o
 .debug_info    0x000c0e67      0xb7e ./src/common/sflash_boot/spibsc_ioset_userdef.o
 .debug_info    0x000c19e5       0x51 ./src/common/exit.o
 .debug_info    0x000c1a36      0x18e ./src/common/loader_init.o
 .debug_info    0x000c1bc4     0x1bea ./src/common/loader_init2.o
 .debug_info    0x000c37ae      0xeb0 ./src/common/r_atcm_init.o
 .debug_info    0x000c465e    0x16e01 ./src/common/r_cpg.o
 .debug_info    0x000db45f     0x4c62 ./src/common/r_mpc.o
 .debug_info    0x000e00c1      0xec6 ./src/common/r_reset.o
 .debug_info    0x000e0f87      0x189 ./src/common/vector.o

.debug_abbrev   0x00000000     0x3b26
 .debug_abbrev  0x00000000      0x2d9 ./src/sample/src/Src/CiA402Example.o
 .debug_abbrev  0x000002d9      0x2ca ./src/sample/src/Src/coeappl.o
 .debug_abbrev  0x000005a3      0x2cd ./src/sample/src/Src/ecatappl.o
 .debug_abbrev  0x00000870      0x214 ./src/sample/src/Src/ecatcoe.o
 .debug_abbrev  0x00000a84      0x2e8 ./src/sample/src/Src/ecatslv.o
 .debug_abbrev  0x00000d6c      0x28b ./src/sample/src/Src/mailbox.o
 .debug_abbrev  0x00000ff7      0x2ad ./src/sample/src/Src/objdef.o
 .debug_abbrev  0x000012a4      0x2d9 ./src/sample/src/Src/renesashw.o
 .debug_abbrev  0x0000157d      0x305 ./src/sample/src/Src/sdoserv.o
 .debug_abbrev  0x00001882      0x22c ./src/sample/src/Src/uart.o
 .debug_abbrev  0x00001aae      0x121 ./src/sample/board_RenesasEva.o
 .debug_abbrev  0x00001bcf      0x2e1 ./src/sample/main.o
 .debug_abbrev  0x00001eb0      0x32e ./src/drv/ether/r_ether.o
 .debug_abbrev  0x000021de      0x204 ./src/drv/cmt/cmt_userdef.o
 .debug_abbrev  0x000023e2       0xb4 ./src/drv/cmt/r_cmt.o
 .debug_abbrev  0x00002496      0x1bb ./src/drv/heapend.o
 .debug_abbrev  0x00002651      0x1f7 ./src/drv/r_ecm.o
 .debug_abbrev  0x00002848      0x16b ./src/drv/r_icu_init.o
 .debug_abbrev  0x000029b3      0x144 ./src/drv/r_reset2.o
 .debug_abbrev  0x00002af7      0x207 ./src/common/sflash_boot/bus_init_serial_boot.o
 .debug_abbrev  0x00002cfe       0x46 ./src/common/sflash_boot/loader_param.o
 .debug_abbrev  0x00002d44       0xf2 ./src/common/sflash_boot/spibsc_flash_api.o
 .debug_abbrev  0x00002e36      0x1ed ./src/common/sflash_boot/spibsc_flash_userdef.o
 .debug_abbrev  0x00003023       0xd6 ./src/common/sflash_boot/spibsc_ioset_api.o
 .debug_abbrev  0x000030f9      0x254 ./src/common/sflash_boot/spibsc_ioset_drv.o
 .debug_abbrev  0x0000334d      0x123 ./src/common/sflash_boot/spibsc_ioset_userdef.o
 .debug_abbrev  0x00003470       0x49 ./src/common/exit.o
 .debug_abbrev  0x000034b9       0x14 ./src/common/loader_init.o
 .debug_abbrev  0x000034cd      0x153 ./src/common/loader_init2.o
 .debug_abbrev  0x00003620      0x139 ./src/common/r_atcm_init.o
 .debug_abbrev  0x00003759      0x16d ./src/common/r_cpg.o
 .debug_abbrev  0x000038c6      0x108 ./src/common/r_mpc.o
 .debug_abbrev  0x000039ce      0x144 ./src/common/r_reset.o
 .debug_abbrev  0x00003b12       0x14 ./src/common/vector.o

.debug_aranges  0x00000000      0x9e0
 .debug_aranges
                0x00000000       0xb0 ./src/sample/src/Src/CiA402Example.o
 .debug_aranges
                0x000000b0       0x70 ./src/sample/src/Src/coeappl.o
 .debug_aranges
                0x00000120       0x78 ./src/sample/src/Src/ecatappl.o
 .debug_aranges
                0x00000198       0x30 ./src/sample/src/Src/ecatcoe.o
 .debug_aranges
                0x000001c8       0xb8 ./src/sample/src/Src/ecatslv.o
 .debug_aranges
                0x00000280       0x80 ./src/sample/src/Src/mailbox.o
 .debug_aranges
                0x00000300       0x78 ./src/sample/src/Src/objdef.o
 .debug_aranges
                0x00000378       0x50 ./src/sample/src/Src/renesashw.o
 .debug_aranges
                0x000003c8       0x60 ./src/sample/src/Src/sdoserv.o
 .debug_aranges
                0x00000428       0x68 ./src/sample/src/Src/uart.o
 .debug_aranges
                0x00000490       0x20 ./src/sample/board_RenesasEva.o
 .debug_aranges
                0x000004b0       0x60 ./src/sample/main.o
 .debug_aranges
                0x00000510       0x60 ./src/drv/ether/r_ether.o
 .debug_aranges
                0x00000570       0x58 ./src/drv/cmt/cmt_userdef.o
 .debug_aranges
                0x000005c8       0x38 ./src/drv/cmt/r_cmt.o
 .debug_aranges
                0x00000600       0x20 ./src/drv/heapend.o
 .debug_aranges
                0x00000620       0x38 ./src/drv/r_ecm.o
 .debug_aranges
                0x00000658       0x38 ./src/drv/r_icu_init.o
 .debug_aranges
                0x00000690       0x28 ./src/drv/r_reset2.o
 .debug_aranges
                0x000006b8       0x38 ./src/common/sflash_boot/bus_init_serial_boot.o
 .debug_aranges
                0x000006f0       0x18 ./src/common/sflash_boot/loader_param.o
 .debug_aranges
                0x00000708       0x38 ./src/common/sflash_boot/spibsc_flash_api.o
 .debug_aranges
                0x00000740       0x68 ./src/common/sflash_boot/spibsc_flash_userdef.o
 .debug_aranges
                0x000007a8       0x60 ./src/common/sflash_boot/spibsc_ioset_api.o
 .debug_aranges
                0x00000808       0x88 ./src/common/sflash_boot/spibsc_ioset_drv.o
 .debug_aranges
                0x00000890       0x20 ./src/common/sflash_boot/spibsc_ioset_userdef.o
 .debug_aranges
                0x000008b0       0x20 ./src/common/exit.o
 .debug_aranges
                0x000008d0       0x20 ./src/common/loader_init.o
 .debug_aranges
                0x000008f0       0x30 ./src/common/loader_init2.o
 .debug_aranges
                0x00000920       0x20 ./src/common/r_atcm_init.o
 .debug_aranges
                0x00000940       0x30 ./src/common/r_cpg.o
 .debug_aranges
                0x00000970       0x28 ./src/common/r_mpc.o
 .debug_aranges
                0x00000998       0x28 ./src/common/r_reset.o
 .debug_aranges
                0x000009c0       0x20 ./src/common/vector.o

.debug_ranges   0x00000000      0x808
 .debug_ranges  0x00000000       0xa0 ./src/sample/src/Src/CiA402Example.o
 .debug_ranges  0x000000a0       0x78 ./src/sample/src/Src/coeappl.o
 .debug_ranges  0x00000118       0x80 ./src/sample/src/Src/ecatappl.o
 .debug_ranges  0x00000198       0x20 ./src/sample/src/Src/ecatcoe.o
 .debug_ranges  0x000001b8       0xa8 ./src/sample/src/Src/ecatslv.o
 .debug_ranges  0x00000260       0x70 ./src/sample/src/Src/mailbox.o
 .debug_ranges  0x000002d0       0x68 ./src/sample/src/Src/objdef.o
 .debug_ranges  0x00000338       0x40 ./src/sample/src/Src/renesashw.o
 .debug_ranges  0x00000378       0x78 ./src/sample/src/Src/sdoserv.o
 .debug_ranges  0x000003f0       0x70 ./src/sample/src/Src/uart.o
 .debug_ranges  0x00000460       0x10 ./src/sample/board_RenesasEva.o
 .debug_ranges  0x00000470       0x50 ./src/sample/main.o
 .debug_ranges  0x000004c0       0x50 ./src/drv/ether/r_ether.o
 .debug_ranges  0x00000510       0x48 ./src/drv/cmt/cmt_userdef.o
 .debug_ranges  0x00000558       0x28 ./src/drv/cmt/r_cmt.o
 .debug_ranges  0x00000580       0x10 ./src/drv/heapend.o
 .debug_ranges  0x00000590       0x28 ./src/drv/r_ecm.o
 .debug_ranges  0x000005b8       0x28 ./src/drv/r_icu_init.o
 .debug_ranges  0x000005e0       0x18 ./src/drv/r_reset2.o
 .debug_ranges  0x000005f8       0x28 ./src/common/sflash_boot/bus_init_serial_boot.o
 .debug_ranges  0x00000620       0x28 ./src/common/sflash_boot/spibsc_flash_api.o
 .debug_ranges  0x00000648       0x58 ./src/common/sflash_boot/spibsc_flash_userdef.o
 .debug_ranges  0x000006a0       0x50 ./src/common/sflash_boot/spibsc_ioset_api.o
 .debug_ranges  0x000006f0       0x78 ./src/common/sflash_boot/spibsc_ioset_drv.o
 .debug_ranges  0x00000768       0x10 ./src/common/sflash_boot/spibsc_ioset_userdef.o
 .debug_ranges  0x00000778       0x10 ./src/common/exit.o
 .debug_ranges  0x00000788       0x20 ./src/common/loader_init2.o
 .debug_ranges  0x000007a8       0x10 ./src/common/r_atcm_init.o
 .debug_ranges  0x000007b8       0x20 ./src/common/r_cpg.o
 .debug_ranges  0x000007d8       0x18 ./src/common/r_mpc.o
 .debug_ranges  0x000007f0       0x18 ./src/common/r_reset.o

.debug_macro    0x00000000     0x809e
 .debug_macro   0x00000000      0x1b9 ./src/sample/src/Src/CiA402Example.o
 .debug_macro   0x000001b9      0x8b0 ./src/sample/src/Src/CiA402Example.o
 .debug_macro   0x00000a69       0x22 ./src/sample/src/Src/CiA402Example.o
 .debug_macro   0x00000a8b       0x52 ./src/sample/src/Src/CiA402Example.o
 .debug_macro   0x00000add       0x8d ./src/sample/src/Src/CiA402Example.o
 .debug_macro   0x00000b6a       0x35 ./src/sample/src/Src/CiA402Example.o
 .debug_macro   0x00000b9f       0x9c ./src/sample/src/Src/CiA402Example.o
 .debug_macro   0x00000c3b       0x16 ./src/sample/src/Src/CiA402Example.o
 .debug_macro   0x00000c51      0x10e ./src/sample/src/Src/CiA402Example.o
 .debug_macro   0x00000d5f       0x8d ./src/sample/src/Src/CiA402Example.o
 .debug_macro   0x00000dec       0x57 ./src/sample/src/Src/CiA402Example.o
 .debug_macro   0x00000e43       0x58 ./src/sample/src/Src/CiA402Example.o
 .debug_macro   0x00000e9b       0x1f ./src/sample/src/Src/CiA402Example.o
 .debug_macro   0x00000eba       0x43 ./src/sample/src/Src/CiA402Example.o
 .debug_macro   0x00000efd       0x20 ./src/sample/src/Src/CiA402Example.o
 .debug_macro   0x00000f1d      0x187 ./src/sample/src/Src/CiA402Example.o
 .debug_macro   0x000010a4      0x330 ./src/sample/src/Src/CiA402Example.o
 .debug_macro   0x000013d4       0x16 ./src/sample/src/Src/CiA402Example.o
 .debug_macro   0x000013ea       0x29 ./src/sample/src/Src/CiA402Example.o
 .debug_macro   0x00001413       0x16 ./src/sample/src/Src/CiA402Example.o
 .debug_macro   0x00001429       0x35 ./src/sample/src/Src/CiA402Example.o
 .debug_macro   0x0000145e      0x446 ./src/sample/src/Src/CiA402Example.o
 .debug_macro   0x000018a4      0x1bf ./src/sample/src/Src/CiA402Example.o
 .debug_macro   0x00001a63       0xec ./src/sample/src/Src/CiA402Example.o
 .debug_macro   0x00001b4f      0x4ad ./src/sample/src/Src/CiA402Example.o
 .debug_macro   0x00001ffc       0xde ./src/sample/src/Src/CiA402Example.o
 .debug_macro   0x000020da       0x64 ./src/sample/src/Src/CiA402Example.o
 .debug_macro   0x0000213e      0x4b4 ./src/sample/src/Src/CiA402Example.o
 .debug_macro   0x000025f2      0x1f0 ./src/sample/src/Src/CiA402Example.o
 .debug_macro   0x000027e2       0xad ./src/sample/src/Src/CiA402Example.o
 .debug_macro   0x0000288f       0x10 ./src/sample/src/Src/CiA402Example.o
 .debug_macro   0x0000289f       0x11 ./src/sample/src/Src/CiA402Example.o
 .debug_macro   0x000028b0       0x18 ./src/sample/src/Src/CiA402Example.o
 .debug_macro   0x000028c8       0x10 ./src/sample/src/Src/CiA402Example.o
 .debug_macro   0x000028d8      0x1b3 ./src/sample/src/Src/coeappl.o
 .debug_macro   0x00002a8b       0x1c ./src/sample/src/Src/coeappl.o
 .debug_macro   0x00002aa7       0x18 ./src/sample/src/Src/coeappl.o
 .debug_macro   0x00002abf       0x10 ./src/sample/src/Src/coeappl.o
 .debug_macro   0x00002acf      0x220 ./src/sample/src/Src/ecatappl.o
 .debug_macro   0x00002cef       0xad ./src/sample/src/Src/ecatappl.o
 .debug_macro   0x00002d9c       0x1c ./src/sample/src/Src/ecatappl.o
 .debug_macro   0x00002db8       0xa4 ./src/sample/src/Src/ecatappl.o
 .debug_macro   0x00002e5c       0x19 ./src/sample/src/Src/ecatappl.o
 .debug_macro   0x00002e75       0x12 ./src/sample/src/Src/ecatappl.o
 .debug_macro   0x00002e87       0x10 ./src/sample/src/Src/ecatappl.o
 .debug_macro   0x00002e97       0x12 ./src/sample/src/Src/ecatappl.o
 .debug_macro   0x00002ea9       0x12 ./src/sample/src/Src/ecatappl.o
 .debug_macro   0x00002ebb       0x10 ./src/sample/src/Src/ecatappl.o
 .debug_macro   0x00002ecb      0x16c ./src/sample/src/Src/ecatcoe.o
 .debug_macro   0x00003037       0x10 ./src/sample/src/Src/ecatcoe.o
 .debug_macro   0x00003047      0x1c9 ./src/sample/src/Src/ecatslv.o
 .debug_macro   0x00003210      0x4ad ./src/sample/src/Src/ecatslv.o
 .debug_macro   0x000036bd      0x195 ./src/sample/src/Src/mailbox.o
 .debug_macro   0x00003852       0xde ./src/sample/src/Src/mailbox.o
 .debug_macro   0x00003930      0x1b8 ./src/sample/src/Src/objdef.o
 .debug_macro   0x00003ae8       0x12 ./src/sample/src/Src/objdef.o
 .debug_macro   0x00003afa      0x1d4 ./src/sample/src/Src/renesashw.o
 .debug_macro   0x00003cce       0x87 ./src/sample/src/Src/renesashw.o
 .debug_macro   0x00003d55       0x51 ./src/sample/src/Src/renesashw.o
 .debug_macro   0x00003da6       0xef ./src/sample/src/Src/renesashw.o
 .debug_macro   0x00003e95       0x6a ./src/sample/src/Src/renesashw.o
 .debug_macro   0x00003eff      0x1df ./src/sample/src/Src/renesashw.o
 .debug_macro   0x000040de       0x22 ./src/sample/src/Src/renesashw.o
 .debug_macro   0x00004100      0x3a2 ./src/sample/src/Src/renesashw.o
 .debug_macro   0x000044a2       0x16 ./src/sample/src/Src/renesashw.o
 .debug_macro   0x000044b8      0x87c ./src/sample/src/Src/renesashw.o
 .debug_macro   0x00004d34       0x58 ./src/sample/src/Src/renesashw.o
 .debug_macro   0x00004d8c       0xec ./src/sample/src/Src/renesashw.o
 .debug_macro   0x00004e78       0x16 ./src/sample/src/Src/renesashw.o
 .debug_macro   0x00004e8e      0x17c ./src/sample/src/Src/sdoserv.o
 .debug_macro   0x0000500a      0x4b4 ./src/sample/src/Src/sdoserv.o
 .debug_macro   0x000054be       0x58 ./src/sample/src/Src/uart.o
 .debug_macro   0x00005516       0x10 ./src/sample/src/Src/uart.o
 .debug_macro   0x00005526      0x622 ./src/sample/src/Src/uart.o
 .debug_macro   0x00005b48      0x14a ./src/sample/src/Src/uart.o
 .debug_macro   0x00005c92       0x6c ./src/sample/board_RenesasEva.o
 .debug_macro   0x00005cfe      0x282 ./src/sample/main.o
 .debug_macro   0x00005f80       0x5e ./src/sample/main.o
 .debug_macro   0x00005fde      0x15a ./src/sample/main.o
 .debug_macro   0x00006138       0x1c ./src/sample/main.o
 .debug_macro   0x00006154       0x52 ./src/sample/main.o
 .debug_macro   0x000061a6       0x10 ./src/sample/main.o
 .debug_macro   0x000061b6       0x16 ./src/sample/main.o
 .debug_macro   0x000061cc      0x174 ./src/sample/main.o
 .debug_macro   0x00006340       0x10 ./src/sample/main.o
 .debug_macro   0x00006350       0x10 ./src/sample/main.o
 .debug_macro   0x00006360       0x10 ./src/sample/main.o
 .debug_macro   0x00006370      0x5c8 ./src/sample/main.o
 .debug_macro   0x00006938      0x197 ./src/drv/ether/r_ether.o
 .debug_macro   0x00006acf       0xaf ./src/drv/cmt/cmt_userdef.o
 .debug_macro   0x00006b7e       0x91 ./src/drv/cmt/r_cmt.o
 .debug_macro   0x00006c0f       0xf7 ./src/drv/heapend.o
 .debug_macro   0x00006d06       0xd0 ./src/drv/r_ecm.o
 .debug_macro   0x00006dd6       0xa3 ./src/drv/r_icu_init.o
 .debug_macro   0x00006e79       0xa6 ./src/drv/r_reset2.o
 .debug_macro   0x00006f1f       0xf6 ./src/common/sflash_boot/bus_init_serial_boot.o
 .debug_macro   0x00007015      0x15a ./src/common/sflash_boot/bus_init_serial_boot.o
 .debug_macro   0x0000716f      0x298 ./src/common/sflash_boot/bus_init_serial_boot.o
 .debug_macro   0x00007407      0x209 ./src/common/sflash_boot/bus_init_serial_boot.o
 .debug_macro   0x00007610      0x1e0 ./src/common/sflash_boot/bus_init_serial_boot.o
 .debug_macro   0x000077f0       0xa6 ./src/common/sflash_boot/bus_init_serial_boot.o
 .debug_macro   0x00007896       0x1c ./src/common/sflash_boot/bus_init_serial_boot.o
 .debug_macro   0x000078b2       0x17 ./src/common/sflash_boot/loader_param.o
 .debug_macro   0x000078c9       0xb9 ./src/common/sflash_boot/spibsc_flash_api.o
 .debug_macro   0x00007982       0xbd ./src/common/sflash_boot/spibsc_flash_userdef.o
 .debug_macro   0x00007a3f       0xaf ./src/common/sflash_boot/spibsc_ioset_api.o
 .debug_macro   0x00007aee       0xb9 ./src/common/sflash_boot/spibsc_ioset_drv.o
 .debug_macro   0x00007ba7       0xbf ./src/common/sflash_boot/spibsc_ioset_userdef.o
 .debug_macro   0x00007c66       0x11 ./src/common/exit.o
 .debug_macro   0x00007c77       0xc7 ./src/common/loader_init2.o
 .debug_macro   0x00007d3e       0x70 ./src/common/loader_init2.o
 .debug_macro   0x00007dae       0x1c ./src/common/loader_init2.o
 .debug_macro   0x00007dca       0xa6 ./src/common/r_atcm_init.o
 .debug_macro   0x00007e70       0xdc ./src/common/r_cpg.o
 .debug_macro   0x00007f4c       0xac ./src/common/r_mpc.o
 .debug_macro   0x00007ff8       0xa6 ./src/common/r_reset.o

.debug_line     0x00000000     0x9768
 .debug_line    0x00000000      0x5f3 ./src/sample/src/Src/CiA402Example.o
 .debug_line    0x000005f3      0x569 ./src/sample/src/Src/coeappl.o
 .debug_line    0x00000b5c      0x674 ./src/sample/src/Src/ecatappl.o
 .debug_line    0x000011d0      0x3b0 ./src/sample/src/Src/ecatcoe.o
 .debug_line    0x00001580      0xa73 ./src/sample/src/Src/ecatslv.o
 .debug_line    0x00001ff3      0x596 ./src/sample/src/Src/mailbox.o
 .debug_line    0x00002589      0x810 ./src/sample/src/Src/objdef.o
 .debug_line    0x00002d99      0x51a ./src/sample/src/Src/renesashw.o
 .debug_line    0x000032b3      0x6b1 ./src/sample/src/Src/sdoserv.o
 .debug_line    0x00003964      0x4bc ./src/sample/src/Src/uart.o
 .debug_line    0x00003e20      0x3c0 ./src/sample/board_RenesasEva.o
 .debug_line    0x000041e0      0x694 ./src/sample/main.o
 .debug_line    0x00004874      0x618 ./src/drv/ether/r_ether.o
 .debug_line    0x00004e8c      0x487 ./src/drv/cmt/cmt_userdef.o
 .debug_line    0x00005313      0x3b4 ./src/drv/cmt/r_cmt.o
 .debug_line    0x000056c7      0x311 ./src/drv/heapend.o
 .debug_line    0x000059d8      0x413 ./src/drv/r_ecm.o
 .debug_line    0x00005deb      0x405 ./src/drv/r_icu_init.o
 .debug_line    0x000061f0      0x39b ./src/drv/r_reset2.o
 .debug_line    0x0000658b      0x54b ./src/common/sflash_boot/bus_init_serial_boot.o
 .debug_line    0x00006ad6       0xd7 ./src/common/sflash_boot/loader_param.o
 .debug_line    0x00006bad      0x40e ./src/common/sflash_boot/spibsc_flash_api.o
 .debug_line    0x00006fbb      0x497 ./src/common/sflash_boot/spibsc_flash_userdef.o
 .debug_line    0x00007452      0x43f ./src/common/sflash_boot/spibsc_ioset_api.o
 .debug_line    0x00007891      0x4f8 ./src/common/sflash_boot/spibsc_ioset_drv.o
 .debug_line    0x00007d89      0x3e2 ./src/common/sflash_boot/spibsc_ioset_userdef.o
 .debug_line    0x0000816b       0xd8 ./src/common/exit.o
 .debug_line    0x00008243      0x1bc ./src/common/loader_init.o
 .debug_line    0x000083ff      0x40b ./src/common/loader_init2.o
 .debug_line    0x0000880a      0x394 ./src/common/r_atcm_init.o
 .debug_line    0x00008b9e      0x3ce ./src/common/r_cpg.o
 .debug_line    0x00008f6c      0x38d ./src/common/r_mpc.o
 .debug_line    0x000092f9      0x38f ./src/common/r_reset.o
 .debug_line    0x00009688       0xe0 ./src/common/vector.o

.debug_str      0x00000000    0x20ad6
 .debug_str     0x00000000     0xc22b ./src/sample/src/Src/CiA402Example.o
                               0xc4a5 (size before relaxing)
 .debug_str     0x0000c22b      0x812 ./src/sample/src/Src/coeappl.o
                               0xc9a3 (size before relaxing)
 .debug_str     0x0000ca3d      0x382 ./src/sample/src/Src/ecatappl.o
                               0xc4f8 (size before relaxing)
 .debug_str     0x0000cdbf      0x1c0 ./src/sample/src/Src/ecatcoe.o
                               0x897c (size before relaxing)
 .debug_str     0x0000cf7f      0x38a ./src/sample/src/Src/ecatslv.o
                               0xc4c6 (size before relaxing)
 .debug_str     0x0000d309      0x1f9 ./src/sample/src/Src/mailbox.o
                               0xb35e (size before relaxing)
 .debug_str     0x0000d502      0x2cf ./src/sample/src/Src/objdef.o
                               0xbe94 (size before relaxing)
 .debug_str     0x0000d7d1     0x4426 ./src/sample/src/Src/renesashw.o
                               0xdb72 (size before relaxing)
 .debug_str     0x00011bf7      0x392 ./src/sample/src/Src/sdoserv.o
                               0xc012 (size before relaxing)
 .debug_str     0x00011f89     0x7b8f ./src/sample/src/Src/uart.o
                               0xc680 (size before relaxing)
 .debug_str     0x00019b18      0x130 ./src/sample/board_RenesasEva.o
                               0x5701 (size before relaxing)
 .debug_str     0x00019c48      0x9ba ./src/sample/main.o
                              0x1678f (size before relaxing)
 .debug_str     0x0001a602     0x210c ./src/drv/ether/r_ether.o
                              0x128cb (size before relaxing)
 .debug_str     0x0001c70e      0x18e ./src/drv/cmt/cmt_userdef.o
                               0xc58a (size before relaxing)
 .debug_str     0x0001c89c       0xee ./src/drv/cmt/r_cmt.o
                               0x528f (size before relaxing)
 .debug_str     0x0001c98a       0xdb ./src/drv/heapend.o
                               0x59f1 (size before relaxing)
 .debug_str     0x0001ca65      0x75f ./src/drv/r_ecm.o
                               0xce7a (size before relaxing)
 .debug_str     0x0001d1c4      0x3ee ./src/drv/r_icu_init.o
                               0xc6d0 (size before relaxing)
 .debug_str     0x0001d5b2      0x106 ./src/drv/r_reset2.o
                               0x5db0 (size before relaxing)
 .debug_str     0x0001d6b8     0x23e4 ./src/common/sflash_boot/bus_init_serial_boot.o
                               0x8d79 (size before relaxing)
 .debug_str     0x0001fa9c       0xce ./src/common/sflash_boot/loader_param.o
                               0x262a (size before relaxing)