Archive member included to satisfy reference by file (symbol)

C:\\Users\\josch\\OneDrive\\Studium\\Semester\\6. Semester\\Fachpraktikum\\EtherCAT_CiA402\\1_Workspace\\workspace_selfmade_ssc\\1_V2.x\\EtherCAT_SSC_CiA402\\project\\sflash\\RZ_T_sflash\\HardwareDebug\libRZ_T_sflash_sample.a(_memcpy.o)
                              ./src/sample/src/Src/CiA402Example.o (memcpy)
C:\\Users\\josch\\OneDrive\\Studium\\Semester\\6. Semester\\Fachpraktikum\\EtherCAT_CiA402\\1_Workspace\\workspace_selfmade_ssc\\1_V2.x\\EtherCAT_SSC_CiA402\\project\\sflash\\RZ_T_sflash\\HardwareDebug\libRZ_T_sflash_sample.a(_memset.o)
                              ./src/sample/src/Src/mailbox.o (memset)
C:\\Users\\josch\\OneDrive\\Studium\\Semester\\6. Semester\\Fachpraktikum\\EtherCAT_CiA402\\1_Workspace\\workspace_selfmade_ssc\\1_V2.x\\EtherCAT_SSC_CiA402\\project\\sflash\\RZ_T_sflash\\HardwareDebug\libRZ_T_sflash_sample.a(_strlen.o)
                              ./src/sample/src/Src/objdef.o (strlen)
C:\\Users\\josch\\OneDrive\\Studium\\Semester\\6. Semester\\Fachpraktikum\\EtherCAT_CiA402\\1_Workspace\\workspace_selfmade_ssc\\1_V2.x\\EtherCAT_SSC_CiA402\\project\\sflash\\RZ_T_sflash\\HardwareDebug\libRZ_T_sflash_sample.a(newfree.o)
                              ./src/sample/src/Src/coeappl.o (free)
C:\\Users\\josch\\OneDrive\\Studium\\Semester\\6. Semester\\Fachpraktikum\\EtherCAT_CiA402\\1_Workspace\\workspace_selfmade_ssc\\1_V2.x\\EtherCAT_SSC_CiA402\\project\\sflash\\RZ_T_sflash\\HardwareDebug\libRZ_T_sflash_sample.a(newmalloc.o)
                              ./src/sample/src/Src/ecatcoe.o (malloc)
c:/program files (x86)/gnu tools arm embedded/6 2017-q2-update/bin/../lib/gcc/arm-none-eabi/6.3.1\libgcc.a(_udivsi3.o)
                              ./src/sample/src/Src/ecatslv.o (__aeabi_uidiv)
c:/program files (x86)/gnu tools arm embedded/6 2017-q2-update/bin/../lib/gcc/arm-none-eabi/6.3.1\libgcc.a(_divsi3.o)
                              ./src/sample/src/Src/sdoserv.o (__aeabi_idiv)
c:/program files (x86)/gnu tools arm embedded/6 2017-q2-update/bin/../lib/gcc/arm-none-eabi/6.3.1\libgcc.a(_dvmd_tls.o)
                              c:/program files (x86)/gnu tools arm embedded/6 2017-q2-update/bin/../lib/gcc/arm-none-eabi/6.3.1\libgcc.a(_udivsi3.o) (__aeabi_idiv0)

Allocating common symbols
Common symbol       size              file

b3BufferMode        0x1               ./src/sample/src/Src/ecatslv.o
nEcatStateTrans     0x2               ./src/sample/src/Src/ecatslv.o
bApplEsmPending     0x1               ./src/sample/src/Src/ecatslv.o
pCoeSendStored      0x4               ./src/sample/src/Src/ecatcoe.o
nSdoInfoIndex       0x2               ./src/sample/src/Src/sdoserv.o
pStoreData          0x4               ./src/sample/src/Src/sdoserv.o
u8MbxReadCounter    0x1               ./src/sample/src/Src/mailbox.o
nAlStatus           0x1               ./src/sample/src/Src/ecatslv.o
nPdOutputSize       0x2               ./src/sample/src/Src/ecatslv.o
u16LocalErrorCode   0x2               ./src/sample/src/Src/ecatslv.o
nSdoSegBytesToHandle
                    0x4               ./src/sample/src/Src/sdoserv.o
sMbxSendQueue       0x34              ./src/sample/src/Src/mailbox.o
sMbxReceiveQueue    0x34              ./src/sample/src/Src/mailbox.o
bNoMbxMemoryAvailable
                    0x1               ./src/sample/src/Src/mailbox.o
Sync0WdCounter      0x2               ./src/sample/src/Src/ecatslv.o
bMinCycleTimeMeasurementStarted
                    0x1               ./src/sample/src/Src/ecatappl.o
bLocalErrorFlag     0x1               ./src/sample/src/Src/ecatslv.o
bSendMbxIsFull      0x1               ./src/sample/src/Src/mailbox.o
u32CycleTimeStartValue
                    0x4               ./src/sample/src/Src/ecatappl.o
LatchInputSync0Counter
                    0x2               ./src/sample/src/Src/ecatslv.o
i16WaitForPllRunningCnt
                    0x2               ./src/sample/src/Src/ecatslv.o
nEscAddrOutputData  0x2               ./src/sample/src/Src/ecatslv.o
bMbxRunning         0x1               ./src/sample/src/Src/mailbox.o
Sync0WdValue        0x2               ./src/sample/src/Src/ecatslv.o
u8EcatRunLed        0x1               ./src/sample/src/Src/ecatslv.o
i16WaitForPllRunningTimeout
                    0x2               ./src/sample/src/Src/ecatslv.o
bSdoSegAccess       0x1               ./src/sample/src/Src/sdoserv.o
Sync1WdValue        0x2               ./src/sample/src/Src/ecatslv.o
bSdoSegFollows      0x1               ./src/sample/src/Src/sdoserv.o
nSdoSegCompleteSize
                    0x4               ./src/sample/src/Src/sdoserv.o
u8dummy             0x1               ./src/sample/src/Src/ecatslv.o
u16ALEventMask      0x2               ./src/sample/src/Src/ecatslv.o
pSdoPendFunc        0x4               ./src/sample/src/Src/sdoserv.o
bDcRunning          0x1               ./src/sample/src/Src/ecatslv.o
bRunApplication     0x1               ./src/sample/src/Src/ecatappl.o
u16EscAddrReceiveMbx
[...]
Memory Configuration

Name             Origin             Length             Attributes
ATCM             0x00000000         0x00080000
BTCM             0x00800000         0x00008000
INST_RAM         0x04000000         0x00080000
SPIBSC           0x10000000         0x04000000
DATA_RAM         0x20000000         0x00080000
DATA_RAM_MIRROR  0x22000000         0x00080000
INST_RAM_MIRROR  0x24000000         0x00080000
SPIBSC_MIRROR    0x30000000         0x04000000
CSx_MIRROR       0x40000000         0x18000000
CSx              0x60000000         0x18000000
*default*        0x00000000         0xffffffff

Linker script and memory map

LOAD ./src/sample/src/Src/CiA402Example.o
LOAD ./src/sample/src/Src/coeappl.o
LOAD ./src/sample/src/Src/ecatappl.o
LOAD ./src/sample/src/Src/ecatcoe.o
LOAD ./src/sample/src/Src/ecatslv.o
LOAD ./src/sample/src/Src/mailbox.o
LOAD ./src/sample/src/Src/objdef.o
LOAD ./src/sample/src/Src/renesashw.o
LOAD ./src/sample/src/Src/sdoserv.o
LOAD ./src/sample/src/Src/uart.o
LOAD ./src/sample/board_RenesasEva.o
LOAD ./src/sample/main.o
LOAD ./src/sample/nestintr_wrap.o
LOAD ./src/drv/ether/r_ether.o
LOAD ./src/drv/cmt/cmt_userdef.o
LOAD ./src/drv/cmt/r_cmt.o
LOAD ./src/drv/heapend.o
LOAD ./src/drv/r_ecm.o
LOAD ./src/drv/r_icu_init.o
LOAD ./src/drv/r_mpc2.o
LOAD ./src/drv/r_ram_init.o
LOAD ./src/drv/r_reset2.o
LOAD ./src/common/sflash_boot/bus_init_serial_boot.o
LOAD ./src/common/sflash_boot/loader_param.o
LOAD ./src/common/sflash_boot/spibsc_flash_api.o
LOAD ./src/common/sflash_boot/spibsc_flash_userdef.o
LOAD ./src/common/sflash_boot/spibsc_ioset_api.o
LOAD ./src/common/sflash_boot/spibsc_ioset_drv.o
LOAD ./src/common/sflash_boot/spibsc_ioset_userdef.o
LOAD ./src/common/exit.o
LOAD ./src/common/loader_init.o
LOAD ./src/common/loader_init2.o
LOAD ./src/common/r_atcm_init.o
LOAD ./src/common/r_cpg.o
LOAD ./src/common/r_mpc.o
LOAD ./src/common/r_reset.o
LOAD ./src/common/vector.o
START GROUP
LOAD C:\\Users\\josch\\OneDrive\\Studium\\Semester\\6. Semester\\Fachpraktikum\\EtherCAT_CiA402\\1_Workspace\\workspace_selfmade_ssc\\1_V2.x\\EtherCAT_SSC_CiA402\\project\\sflash\\RZ_T_sflash\\HardwareDebug\libRZ_T_sflash_sample.a
LOAD c:/program files (x86)/gnu tools arm embedded/6 2017-q2-update/bin/../lib/gcc/arm-none-eabi/6.3.1\libgcc.a
LOAD c:/program files (x86)/gnu tools arm embedded/6 2017-q2-update/bin/../lib/gcc/arm-none-eabi/6.3.1\libgcc.a
END GROUP
START GROUP
LOAD c:/program files (x86)/gnu tools arm embedded/6 2017-q2-update/bin/../lib/gcc/arm-none-eabi/6.3.1\libgcc.a
LOAD c:/program files (x86)/gnu tools arm embedded/6 2017-q2-update/bin/../lib/gcc/arm-none-eabi/6.3.1/../../../../arm-none-eabi/lib\libg.a
LOAD c:/program files (x86)/gnu tools arm embedded/6 2017-q2-update/bin/../lib/gcc/arm-none-eabi/6.3.1/../../../../arm-none-eabi/lib\libc.a
END GROUP
START GROUP
LOAD c:/program files (x86)/gnu tools arm embedded/6 2017-q2-update/bin/../lib/gcc/arm-none-eabi/6.3.1\libgcc.a
LOAD c:/program files (x86)/gnu tools arm embedded/6 2017-q2-update/bin/../lib/gcc/arm-none-eabi/6.3.1/../../../../arm-none-eabi/lib\libc.a
LOAD c:/program files (x86)/gnu tools arm embedded/6 2017-q2-update/bin/../lib/gcc/arm-none-eabi/6.3.1/../../../../arm-none-eabi/lib\librdimon.a
END GROUP

.loader_param   0x30000000       0x4c
 *(.loader_param)
 .loader_param  0x30000000       0x4c ./src/common/sflash_boot/loader_param.o
                0x30000000                Loader_Param

.flash_contents
                0x3000004c    0x13de4
                0x3000004c                _mloader_text = .
                0x3000424c                . = (. + (_loader_text_end - _loader_text_start))
 *fill*         0x3000004c     0x4200 
                0x3000424c                _mfvector = .
                0x30004278                . = (. + (_fvector_end - _fvector_start))
 *fill*         0x3000424c       0x2c 
                0x30004278                _mtext = .
                0x30013614                . = (. + (_text_end - _text_start))
 *fill*         0x30004278     0xf39c 
                0x30013614                _mdata = .
                0x30013e30                . = (. + (_data_end - _data_start))
 *fill*         0x30013614      0x81c 
                0x30013e30                flash_contents_end = .

.loader_text    0x00802000      0x308 load address 0x3000004c
                0x00802000                _loader_text_start = .
 *(.loader_text)
 .loader_text   0x00802000      0x308 ./src/common/loader_init.o
                0x00802000                loader_init1
                0x00802000                _PowerON_Reset
                0x008020a8                copy_to_atcm
                0x00802134                cache_init
                0x00802278                mpu_init
                0x0080229c                set_low_vec

.loader_text2   0x00802308     0x3d40 load address 0x30000354
 *(.loader_text2)
 .loader_text2  0x00802308     0x1708 ./src/common/sflash_boot/bus_init_serial_boot.o
                0x00802308                bus_init
                0x00802320                bsc_init
                0x00802840                spibsc_init
                0x0080293c                set_bus_port_serial_boot
 .loader_text2  0x00803a10      0x1fc ./src/common/sflash_boot/spibsc_flash_api.o
                0x00803a10                sflash_erase_sector
                0x00803abc                sflash_byte_program
                0x00803bb4                sflash_spibsc_transfer
                0x00803bdc                sflash_ctrl_protect
 .loader_text2  0x00803c0c      0x84c ./src/common/sflash_boot/spibsc_flash_userdef.o
                0x00803c0c                Userdef_SFLASH_Set_Mode
                0x00803c40                Userdef_SFLASH_Write_Enable
                0x00803c64                Userdef_SFLASH_Busy_Wait
                0x00803cb0                Userdef_SFLASH_Ctrl_Protect
 .loader_text2  0x00804458      0x2d4 ./src/common/sflash_boot/spibsc_ioset_api.o
                0x00804514                sflash_exmode
                0x00804538                sflash_spimode
                0x0080455c                sflash_spibsc_stop
                0x00804580                sflash_spimode_init
                0x008045e4                sflash_exmode_init
                0x0080462c                sflash_exmode_setting
                0x008046e4                sflash_wait_tend
                0x008046f8                sflash_set_config
 .loader_text2  0x0080472c     0x1208 ./src/common/sflash_boot/spibsc_ioset_drv.o
                0x0080494c                spibsc_bsz_set
                0x008049b4                spibsc_common_init
                0x00804bc4                spibsc_wait_tend
                0x00804bfc                spibsc_dr_init
                0x00804f04                spibsc_exmode
                0x00804f60                spibsc_spimode
                0x00804fbc                spibsc_stop
                0x00805010                spibsc_transfer
                0x008054e0                spibsc_transfer_erase
                0x00805648                spibsc_transfer_program_1
                0x008057a8                spibsc_transfer_program_2
 .loader_text2  0x00805934       0xf8 ./src/common/sflash_boot/spibsc_ioset_userdef.o
                0x00805934                Userdef_SPIBSC_Set_Config
 .loader_text2  0x00805a2c      0x268 ./src/common/loader_init2.o
                0x00805a2c                loader_init2
                0x00805a6c                reset_check
                0x00805be0                cpg_init
 .loader_text2  0x00805c94       0x70 ./src/common/r_atcm_init.o
                0x00805c94                atcm_waitset
 .loader_text2  0x00805d04      0x228 ./src/common/r_cpg.o
                0x00805d04                cpg_write_enable
                0x00805d40                cpg_write_disable
                0x00805d7c                cpg_pll_wait
 .loader_text2  0x00805f2c       0xa4 ./src/common/r_mpc.o
                0x00805f2c                mpc_write_enable
                0x00805f90                mpc_write_disable
 .loader_text2  0x00805fd0       0x78 ./src/common/r_reset.o
                0x00805fd0                rst_write_enable
                0x0080600c                rst_write_disable

.loader_data    0x00806048      0x1b8 load address 0x30004094
 ./src/common/*.o(.data)
                0x00806048                __loader_bss_start = .
 ./src/common/*.o(.bss)
 ./src/common/*.o(COMMON)
 COMMON         0x00806048       0x40 ./src/common/sflash_boot/bus_init_serial_boot.o
                0x00806048                g_spibsc_cfg
 COMMON         0x00806088       0x70 ./src/common/sflash_boot/spibsc_flash_api.o
                0x00806088                g_spibsc_spimd_reg
                0x008060f8                __loader_bss_end = .
                0x00806200                . = (. + (0x200 - ((. - _loader_text_start) % 0x200)))
 *fill*         0x008060f8      0x108 
                0x00806200                _loader_text_end = .

.fvectors       0x00000000       0x2c load address 0x3000424c
                0x00000000                _fvector_start = .
 *(.fvectors)
 .fvectors      0x00000000       0x2c ./src/common/vector.o
                0x0000002c                _fvector_end = .

.text           0x00000030     0xe8d8 load address 0x30004278
                0x00000030                _text_start = .
 *(.text)
 .text          0x00000030      0x114 c:/program files (x86)/gnu tools arm embedded/6 2017-q2-update/bin/../lib/gcc/arm-none-eabi/6.3.1\libgcc.a(_udivsi3.o)
                0x00000030                __aeabi_uidiv
                0x00000030                __udivsi3
                0x00000124                __aeabi_uidivmod
 .text          0x00000144      0x148 c:/program files (x86)/gnu tools arm embedded/6 2017-q2-update/bin/../lib/gcc/arm-none-eabi/6.3.1\libgcc.a(_divsi3.o)
                0x00000144                __divsi3
                0x00000144                __aeabi_idiv
                0x0000026c                __aeabi_idivmod
 .text          0x0000028c        0x4 c:/program files (x86)/gnu tools arm embedded/6 2017-q2-update/bin/../lib/gcc/arm-none-eabi/6.3.1\libgcc.a(_dvmd_tls.o)
                0x0000028c                __aeabi_idiv0
                0x0000028c                __aeabi_ldiv0
 *(.text.*)
 .text.APPL_AckErrorInd
                0x00000290       0x24 ./src/sample/src/Src/CiA402Example.o
                0x00000290                APPL_AckErrorInd
 .text.APPL_StartMailboxHandler
                0x000002b4       0x1c ./src/sample/src/Src/CiA402Example.o
                0x000002b4                APPL_StartMailboxHandler
 .text.APPL_StopMailboxHandler
                0x000002d0       0x1c ./src/sample/src/Src/CiA402Example.o
                0x000002d0                APPL_StopMailboxHandler
 .text.APPL_StartInputHandler
                0x000002ec       0x24 ./src/sample/src/Src/CiA402Example.o
                0x000002ec                APPL_StartInputHandler
 .text.APPL_StopInputHandler
                0x00000310       0x1c ./src/sample/src/Src/CiA402Example.o
                0x00000310                APPL_StopInputHandler
 .text.APPL_StartOutputHandler
                0x0000032c       0x1c ./src/sample/src/Src/CiA402Example.o
                0x0000032c                APPL_StartOutputHandler
 .text.APPL_StopOutputHandler
                0x00000348       0x1c ./src/sample/src/Src/CiA402Example.o
                0x00000348                APPL_StopOutputHandler
 .text.APPL_GenerateMapping
                0x00000364      0x2d8 ./src/sample/src/Src/CiA402Example.o
                0x00000364                APPL_GenerateMapping
 .text.APPL_InputMapping
                0x0000063c      0x104 ./src/sample/src/Src/CiA402Example.o
                0x0000063c                APPL_InputMapping
 .text.APPL_OutputMapping
                0x00000740      0x10c ./src/sample/src/Src/CiA402Example.o
                0x00000740                APPL_OutputMapping
 .text.APPL_Application
                0x0000084c      0x1b0 ./src/sample/src/Src/CiA402Example.o
                0x0000084c                APPL_Application
 .text.ModeRead
                0x000009fc       0xc4 ./src/sample/src/Src/CiA402Example.o
                0x000009fc                ModeRead
 .text.ModeWrite
                0x00000ac0       0xc4 ./src/sample/src/Src/CiA402Example.o
                0x00000ac0                ModeWrite
 .text.Read0x10F8
                0x00000b84       0x9c ./src/sample/src/Src/coeappl.o
                0x00000b84                Read0x10F8
 .text.COE_SyncTimeStamp
                0x00000c20      0x110 ./src/sample/src/Src/coeappl.o
                0x00000c20                COE_SyncTimeStamp
 .text.COE_GetObjectDictionary
                0x00000d30       0x24 ./src/sample/src/Src/coeappl.o
                0x00000d30                COE_GetObjectDictionary
 .text.COE_UpdateSyncErrorStatus
                0x00000d54       0xc8 ./src/sample/src/Src/coeappl.o
                0x00000d54                COE_UpdateSyncErrorStatus
 .text.COE_ObjInit
                0x00000e1c      0x2b8 ./src/sample/src/Src/coeappl.o
                0x00000e1c                COE_ObjInit
 .text.COE_AddObjectToDic
                0x000010d4      0x1e0 ./src/sample/src/Src/coeappl.o
                0x000010d4                COE_AddObjectToDic
 .text.COE_RemoveDicEntry
                0x000012b4       0xfc ./src/sample/src/Src/coeappl.o
                0x000012b4                COE_RemoveDicEntry
 .text.COE_ClearObjDictionary
                0x000013b0       0x74 ./src/sample/src/Src/coeappl.o
                0x000013b0                COE_ClearObjDictionary
 .text.AddObjectsToObjDictionary
                0x00001424       0x78 ./src/sample/src/Src/coeappl.o
                0x00001424                AddObjectsToObjDictionary
 .text.COE_ObjDictionaryInit
                0x0000149c       0x70 ./src/sample/src/Src/coeappl.o
                0x0000149c                COE_ObjDictionaryInit
 .text.COE_Main
                0x0000150c      0x1b0 ./src/sample/src/Src/coeappl.o
                0x0000150c                COE_Main
 .text.PDO_InputMapping
                0x000016bc      0x11c ./src/sample/src/Src/ecatappl.o
                0x000016bc                PDO_InputMapping
 .text.PDO_OutputMapping
                0x000017d8      0x138 ./src/sample/src/Src/ecatappl.o
                0x000017d8                PDO_OutputMapping
 .text.ECAT_CheckTimer
                0x00001910      0x128 ./src/sample/src/Src/ecatappl.o
                0x00001910                ECAT_CheckTimer
 .text.HandleCycleTimeMeasurement
                0x00001a38      0x10c ./src/sample/src/Src/ecatappl.o
                0x00001a38                HandleCycleTimeMeasurement
 .text.GetSystemTimeDelay
                0x00001b44       0xd4 ./src/sample/src/Src/ecatappl.o
                0x00001b44                GetSystemTimeDelay
 .text.PDI_Isr  0x00001c18      0x2a0 ./src/sample/src/Src/ecatappl.o
                0x00001c18                PDI_Isr
 .text.Sync0_Isr
                0x00001eb8      0x2d8 ./src/sample/src/Src/ecatappl.o
                0x00001eb8                Sync0_Isr
 .text.Sync1_Isr
                0x00002190       0x70 ./src/sample/src/Src/ecatappl.o
                0x00002190                Sync1_Isr
 .text.ECAT_SetLedIndication
                0x00002200      0x610 ./src/sample/src/Src/ecatappl.o
                0x00002200                ECAT_SetLedIndication
 .text.MainInit
                0x00002810      0x170 ./src/sample/src/Src/ecatappl.o
                0x00002810                MainInit
 .text.MainLoop
                0x00002980      0x198 ./src/sample/src/Src/ecatappl.o
                0x00002980                MainLoop
 .text.ECAT_Application
                0x00002b18       0x5c ./src/sample/src/Src/ecatappl.o
                0x00002b18                ECAT_Application
 .text.COE_Init
                0x00002b74       0x38 ./src/sample/src/Src/ecatcoe.o
                0x00002b74                COE_Init
 .text.COE_ServiceInd
                0x00002bac       0xa8 ./src/sample/src/Src/ecatcoe.o
                0x00002bac                COE_ServiceInd
 .text.COE_ContinueInd
                0x00002c54       0xa0 ./src/sample/src/Src/ecatcoe.o
                0x00002c54                COE_ContinueInd
 .text.ResetALEventMask
                0x00002cf4       0x68 ./src/sample/src/Src/ecatslv.o
                0x00002cf4                ResetALEventMask
 .text.SetALEventMask
                0x00002d5c       0x68 ./src/sample/src/Src/ecatslv.o
                0x00002d5c                SetALEventMask
 .text.UpdateEEPROMLoadedState
                0x00002dc4       0x84 ./src/sample/src/Src/ecatslv.o
                0x00002dc4                UpdateEEPROMLoadedState
 .text.GetSyncMan
                0x00002e48       0x58 ./src/sample/src/Src/ecatslv.o
                0x00002e48                GetSyncMan
 .text.DisableSyncManChannel
                0x00002ea0       0x98 ./src/sample/src/Src/ecatslv.o
                0x00002ea0                DisableSyncManChannel
 .text.EnableSyncManChannel
                0x00002f38       0x98 ./src/sample/src/Src/ecatslv.o
                0x00002f38                EnableSyncManChannel
 .text.CheckSmSettings
                0x00002fd0      0x66c ./src/sample/src/Src/ecatslv.o
                0x00002fd0                CheckSmSettings
 .text.StartInputHandler
                0x0000363c      0xea0 ./src/sample/src/Src/ecatslv.o
                0x0000363c                StartInputHandler
 .text.StartOutputHandler
                0x000044dc       0xc0 ./src/sample/src/Src/ecatslv.o
                0x000044dc                StartOutputHandler
 .text.StopOutputHandler
                0x0000459c       0x38 ./src/sample/src/Src/ecatslv.o
                0x0000459c                StopOutputHandler
 .text.StopInputHandler
                0x000045d4      0x1f4 ./src/sample/src/Src/ecatslv.o
                0x000045d4                StopInputHandler
 .text.BackToInitTransition
                0x000047c8       0x28 ./src/sample/src/Src/ecatslv.o
                0x000047c8                BackToInitTransition
 .text.SetALStatus
                0x000047f0      0x15c ./src/sample/src/Src/ecatslv.o
                0x000047f0                SetALStatus
 .text.AL_ControlInd
                0x0000494c      0xab8 ./src/sample/src/Src/ecatslv.o
                0x0000494c                AL_ControlInd
 .text.AL_ControlRes
                0x00005404      0x51c ./src/sample/src/Src/ecatslv.o
                0x00005404                AL_ControlRes
 .text.DC_CheckWatchdog
                0x00005920      0x248 ./src/sample/src/Src/ecatslv.o
                0x00005920                DC_CheckWatchdog
 .text.CheckIfEcatError
                0x00005b68      0x110 ./src/sample/src/Src/ecatslv.o
                0x00005b68                CheckIfEcatError
 .text.ECAT_Init
                0x00005c78      0x234 ./src/sample/src/Src/ecatslv.o
                0x00005c78                ECAT_Init
 .text.ECAT_Main
                0x00005eac      0x2b0 ./src/sample/src/Src/ecatslv.o
                0x00005eac                ECAT_Main
 .text.PutInMbxQueue
                0x0000615c       0x98 ./src/sample/src/Src/mailbox.o
                0x0000615c                PutInMbxQueue
 .text.GetOutOfMbxQueue
                0x000061f4       0xa4 ./src/sample/src/Src/mailbox.o
                0x000061f4                GetOutOfMbxQueue
 .text.MBX_Init
                0x00006298      0x1b0 ./src/sample/src/Src/mailbox.o
                0x00006298                MBX_Init
 .text.MBX_StartMailboxHandler
                0x00006448      0x1f0 ./src/sample/src/Src/mailbox.o
                0x00006448                MBX_StartMailboxHandler
 .text.MBX_StopMailboxHandler
                0x00006638      0x258 ./src/sample/src/Src/mailbox.o
                0x00006638                MBX_StopMailboxHandler
 .text.MailboxServiceInd
                0x00006890       0x54 ./src/sample/src/Src/mailbox.o
                0x00006890                MailboxServiceInd
 .text.MBX_MailboxWriteInd
                0x000068e4      0x154 ./src/sample/src/Src/mailbox.o
                0x000068e4                MBX_MailboxWriteInd
 .text.MBX_MailboxReadInd
                0x00006a38      0x188 ./src/sample/src/Src/mailbox.o
                0x00006a38                MBX_MailboxReadInd
 .text.MBX_MailboxRepeatReq
                0x00006bc0       0xe0 ./src/sample/src/Src/mailbox.o
                0x00006bc0                MBX_MailboxRepeatReq
 .text.MBX_MailboxSendReq
                0x00006ca0      0x194 ./src/sample/src/Src/mailbox.o
                0x00006ca0                MBX_MailboxSendReq
 .text.MBX_CheckAndCopyMailbox
                0x00006e34      0x270 ./src/sample/src/Src/mailbox.o
                0x00006e34                MBX_CheckAndCopyMailbox
 .text.MBX_CopyToSendMailbox
                0x000070a4      0x180 ./src/sample/src/Src/mailbox.o
                0x000070a4                MBX_CopyToSendMailbox
 .text.MBX_Main
                0x00007224       0xd0 ./src/sample/src/Src/mailbox.o
                0x00007224                MBX_Main
 .text.OBJ_GetObjectHandle
                0x000072f4       0x64 ./src/sample/src/Src/objdef.o
                0x000072f4                OBJ_GetObjectHandle
 .text.OBJ_GetObjectLength
                0x00007358      0x220 ./src/sample/src/Src/objdef.o
                0x00007358                OBJ_GetObjectLength
 .text.OBJ_CopyNumberToString
                0x00007578      0x120 ./src/sample/src/Src/objdef.o
                0x00007578                OBJ_CopyNumberToString
 .text.OBJ_GetNoOfObjects
                0x00007698      0x118 ./src/sample/src/Src/objdef.o
                0x00007698                OBJ_GetNoOfObjects
 .text.OBJ_GetObjectList
                0x000077b0      0x1c8 ./src/sample/src/Src/objdef.o
                0x000077b0                OBJ_GetObjectList
 .text.OBJ_GetDesc
                0x00007978      0x1f8 ./src/sample/src/Src/objdef.o
                0x00007978                OBJ_GetDesc
 .text.OBJ_GetEntryDesc
                0x00007b70       0xa4 ./src/sample/src/Src/objdef.o
                0x00007b70                OBJ_GetEntryDesc
 .text.OBJ_GetObjDesc
                0x00007c14       0x28 ./src/sample/src/Src/objdef.o
                0x00007c14                OBJ_GetObjDesc
 .text.OBJ_GetEntryOffset
                0x00007c3c      0x2a4 ./src/sample/src/Src/objdef.o
                0x00007c3c                OBJ_GetEntryOffset
 .text.CheckSyncTypeValue
                0x00007ee0      0x290 ./src/sample/src/Src/objdef.o
                0x00007ee0                CheckSyncTypeValue
 .text.OBJ_Read
                0x00008170      0xa08 ./src/sample/src/Src/objdef.o
                0x00008170                OBJ_Read
 .text.OBJ_Write
                0x00008b78      0xc44 ./src/sample/src/Src/objdef.o
                0x00008b78                OBJ_Write
 .text.HW_GetTimer
                0x000097bc       0x40 ./src/sample/src/Src/renesashw.o
                0x000097bc                HW_GetTimer
 .text.HW_ClearTimer
                0x000097fc       0x38 ./src/sample/src/Src/renesashw.o
                0x000097fc                HW_ClearTimer
 .text.HW_Init  0x00009834       0xbc ./src/sample/src/Src/renesashw.o
                0x00009834                HW_Init
 .text.HW_Release
                0x000098f0       0x18 ./src/sample/src/Src/renesashw.o
                0x000098f0                HW_Release
 .text.HW_SetLed
                0x00009908       0xec ./src/sample/src/Src/renesashw.o
                0x00009908                HW_SetLed
 .text.DISABLE_ESC_INT
                0x000099f4       0x28 ./src/sample/src/Src/renesashw.o
                0x000099f4                DISABLE_ESC_INT
 .text.ENABLE_ESC_INT
                0x00009a1c       0x28 ./src/sample/src/Src/renesashw.o
                0x00009a1c                ENABLE_ESC_INT
 .text.SdoDownloadSegmentInd
                0x00009a44      0x4dc ./src/sample/src/Src/sdoserv.o
 .text.SdoUploadSegmentInd
                0x00009f20      0x2bc ./src/sample/src/Src/sdoserv.o
 .text.SdoRes   0x0000a1dc      0x2a0 ./src/sample/src/Src/sdoserv.o
                0x0000a1dc                SdoRes
 .text.SDOS_SdoInd
                0x0000a47c      0x9e8 ./src/sample/src/Src/sdoserv.o
                0x0000a47c                SDOS_SdoInd
 .text.SDOS_SdoRes
                0x0000ae64      0x20c ./src/sample/src/Src/sdoserv.o
                0x0000ae64                SDOS_SdoRes
 .text.SODS_ClearPendingResponse
                0x0000b070      0x174 ./src/sample/src/Src/sdoserv.o
                0x0000b070                SODS_ClearPendingResponse
 .text.SDOS_SdoInfoInd
                0x0000b1e4      0x70c ./src/sample/src/Src/sdoserv.o
                0x0000b1e4                SDOS_SdoInfoInd
 .text.initUartModul
                0x0000b8f0       0x94 ./src/sample/src/Src/uart.o
                0x0000b8f0                initUartModul
 .text.initUartIO
                0x0000b984      0x124 ./src/sample/src/Src/uart.o
                0x0000b984                initUartIO
 .text.createCmt1
                0x0000baa8       0x38 ./src/sample/src/Src/uart.o
                0x0000baa8                createCmt1
 .text.startCmt1
                0x0000bae0       0x2c ./src/sample/src/Src/uart.o
                0x0000bae0                startCmt1
 .text.stopCmt1
                0x0000bb0c       0x2c ./src/sample/src/Src/uart.o
                0x0000bb0c                stopCmt1
 .text.creatUartCh1
                0x0000bb38      0x168 ./src/sample/src/Src/uart.o
                0x0000bb38                creatUartCh1
 .text.sendUartCh1
                0x0000bca0       0xfc ./src/sample/src/Src/uart.o
                0x0000bca0                sendUartCh1
 .text.receiveUartCh1
                0x0000bd9c      0x16c ./src/sample/src/Src/uart.o
                0x0000bd9c                receiveUartCh1
 .text.uartHandlerFsm
                0x0000bf08      0x7b8 ./src/sample/src/Src/uart.o
                0x0000bf08                uartHandlerFsm
 .text.board_init
                0x0000c6c0      0x6ec ./src/sample/board_RenesasEva.o
                0x0000c6c0                board_init
 .text.main     0x0000cdac       0xa0 ./src/sample/main.o
                0x0000cdac                main
 .text.cmt_standby
                0x0000ce4c       0x6c ./src/sample/main.o
 .text.port_init
                0x0000ceb8      0x11c ./src/sample/main.o
 .text.ecm_init
                0x0000cfd4       0x14 ./src/sample/main.o
 .text.icu_init
                0x0000cfe8       0x34 ./src/sample/main.o
 .text.EtherCAT_init
                0x0000d01c      0x288 ./src/drv/ether/r_ether.o
                0x0000d01c                EtherCAT_init
 .text.R_ETHER_IRQ_Init
                0x0000d2a4       0x24 ./src/drv/ether/r_ether.o
                0x0000d2a4                R_ETHER_IRQ_Init
 .text.ether_irq_init
                0x0000d2c8       0x9c ./src/drv/ether/r_ether.o
                0x0000d2c8                ether_irq_init
 .text.ecat_sync0_isr
                0x0000d364       0x44 ./src/drv/ether/r_ether.o
                0x0000d364                ecat_sync0_isr
 .text.ecat_sync1_isr
                0x0000d3a8       0x44 ./src/drv/ether/r_ether.o
                0x0000d3a8                ecat_sync1_isr
 .text.ecat_isr
                0x0000d3ec       0x30 ./src/drv/ether/r_ether.o
                0x0000d3ec                ecat_isr
 .text.ether_write_phyreg
                0x0000d41c      0x180 ./src/drv/ether/r_ether.o
                0x0000d41c                ether_write_phyreg
 .text.ether_wait_ns
                0x0000d59c       0xa4 ./src/drv/ether/r_ether.o
                0x0000d59c                ether_wait_ns
 .text.userdef_cmt_init
                0x0000d640      0x2ac ./src/drv/cmt/cmt_userdef.o
                0x0000d640                userdef_cmt_init
 .text.userdef_cmt_stop
                0x0000d8ec       0xb8 ./src/drv/cmt/cmt_userdef.o
                0x0000d8ec                userdef_cmt_stop
 .text.userdef_cmt_isr_cmi
                0x0000d9a4       0x70 ./src/drv/cmt/cmt_userdef.o
                0x0000d9a4                userdef_cmt_isr_cmi
 .text.cmt0_isr
                0x0000da14       0x48 ./src/drv/cmt/cmt_userdef.o
                0x0000da14                cmt0_isr
 .text.cmt1_isr
                0x0000da5c       0x48 ./src/drv/cmt/cmt_userdef.o
                0x0000da5c                cmt1_isr
 .text.cmt2_isr
                0x0000daa4       0x48 ./src/drv/cmt/cmt_userdef.o
                0x0000daa4                cmt2_isr
 .text.cmt3_isr
                0x0000daec       0x48 ./src/drv/cmt/cmt_userdef.o
                0x0000daec                cmt3_isr
 .text.R_CMT_Init
                0x0000db34       0x50 ./src/drv/cmt/r_cmt.o
                0x0000db34                R_CMT_Init
 .text._top_of_heap
                0x0000db84       0x20 ./src/drv/heapend.o
                0x0000db84                _top_of_heap
 .text.R_ECM_Init
                0x0000dba4      0x1c0 ./src/drv/r_ecm.o
                0x0000dba4                R_ECM_Init
 .text.R_ECM_CompareError_Wait
                0x0000dd64      0x1b0 ./src/drv/r_ecm.o
                0x0000dd64                R_ECM_CompareError_Wait
 .text.R_ECM_Write_Reg8
                0x0000df14       0xb0 ./src/drv/r_ecm.o
                0x0000df14                R_ECM_Write_Reg8
 .text.R_ECM_Write_Reg32
                0x0000dfc4       0xa4 ./src/drv/r_ecm.o
                0x0000dfc4                R_ECM_Write_Reg32
 .text.R_ICU_Disable
                0x0000e068       0xb0 ./src/drv/r_icu_init.o
                0x0000e068                R_ICU_Disable
 .text.R_ICU_Enable
                0x0000e118       0xb0 ./src/drv/r_icu_init.o
                0x0000e118                R_ICU_Enable
 .text.R_ICU_Regist
                0x0000e1c8      0x1bc ./src/drv/r_icu_init.o
                0x0000e1c8                R_ICU_Regist
 .text.R_RST_WriteEnable
                0x0000e384       0x3c ./src/drv/r_reset2.o
                0x0000e384                R_RST_WriteEnable
 .text.R_RST_WriteDisable
                0x0000e3c0       0x3c ./src/drv/r_reset2.o
                0x0000e3c0                R_RST_WriteDisable
 .text.__exit   0x0000e3fc       0x14 ./src/common/exit.o
                0x0000e3fc                __exit
 .text.memcpy   0x0000e410       0x7c C:\\Users\\josch\\OneDrive\\Studium\\Semester\\6. Semester\\Fachpraktikum\\EtherCAT_CiA402\\1_Workspace\\workspace_selfmade_ssc\\1_V2.x\\EtherCAT_SSC_CiA402\\project\\sflash\\RZ_T_sflash\\HardwareDebug\libRZ_T_sflash_sample.a(_memcpy.o)
                0x0000e410                memcpy
 .text.memset   0x0000e48c       0x64 C:\\Users\\josch\\OneDrive\\Studium\\Semester\\6. Semester\\Fachpraktikum\\EtherCAT_CiA402\\1_Workspace\\workspace_selfmade_ssc\\1_V2.x\\EtherCAT_SSC_CiA402\\project\\sflash\\RZ_T_sflash\\HardwareDebug\libRZ_T_sflash_sample.a(_memset.o)
                0x0000e48c                memset
 .text.strlen   0x0000e4f0       0x54 C:\\Users\\josch\\OneDrive\\Studium\\Semester\\6. Semester\\Fachpraktikum\\EtherCAT_CiA402\\1_Workspace\\workspace_selfmade_ssc\\1_V2.x\\EtherCAT_SSC_CiA402\\project\\sflash\\RZ_T_sflash\\HardwareDebug\libRZ_T_sflash_sample.a(_strlen.o)
                0x0000e4f0                strlen
 .text.free     0x0000e544      0x190 C:\\Users\\josch\\OneDrive\\Studium\\Semester\\6. Semester\\Fachpraktikum\\EtherCAT_CiA402\\1_Workspace\\workspace_selfmade_ssc\\1_V2.x\\EtherCAT_SSC_CiA402\\project\\sflash\\RZ_T_sflash\\HardwareDebug\libRZ_T_sflash_sample.a(newfree.o)
                0x0000e544                free
 .text._make_new_mem_hole
                0x0000e6d4       0x78 C:\\Users\\josch\\OneDrive\\Studium\\Semester\\6. Semester\\Fachpraktikum\\EtherCAT_CiA402\\1_Workspace\\workspace_selfmade_ssc\\1_V2.x\\EtherCAT_SSC_CiA402\\project\\sflash\\RZ_T_sflash\\HardwareDebug\libRZ_T_sflash_sample.a(newmalloc.o)
                0x0000e6d4                _make_new_mem_hole
 .text.malloc   0x0000e74c      0x1bc C:\\Users\\josch\\OneDrive\\Studium\\Semester\\6. Semester\\Fachpraktikum\\EtherCAT_CiA402\\1_Workspace\\workspace_selfmade_ssc\\1_V2.x\\EtherCAT_SSC_CiA402\\project\\sflash\\RZ_T_sflash\\HardwareDebug\libRZ_T_sflash_sample.a(newmalloc.o)
                0x0000e74c                malloc

.glue_7         0x0000e908        0x0 load address 0x30012b50
 .glue_7        0x0000e908        0x0 linker stubs

.glue_7t        0x0000e908        0x0 load address 0x30012b50
 .glue_7t       0x0000e908        0x0 linker stubs

.vfp11_veneer   0x0000e908        0x0 load address 0x30012b50
 .vfp11_veneer  0x0000e908        0x0 linker stubs

.v4_bx          0x0000e908        0x0 load address 0x30012b50
 .v4_bx         0x0000e908        0x0 linker stubs

.iplt           0x0000e908        0x0 load address 0x30012b50
 .iplt          0x0000e908        0x0 ./src/sample/src/Src/CiA402Example.o

.rvectors       0x0000e908        0x0
                0x0000e908                _rvectors_start = .
 *(.rvectors)
                0x0000e908                _rvectors_end = .

.init           0x0000e908        0x0
 *(.init)
                [!provide]                PROVIDE (__exidx_start, .)
                [!provide]                PROVIDE (__exidx_end, .)

.fini
 *(.fini)

.got
 *(.got)
 *(.got.plt)

.rodata         0x0000e908      0xac4 load address 0x30012b50
 *(.rodata)
 *(.rodata.*)
 .rodata.asEntryDesc0x1600
                0x0000e908       0x18 ./src/sample/src/Src/coeappl.o
                0x0000e908                asEntryDesc0x1600
 .rodata.aName0x1600
                0x0000e920       0x39 ./src/sample/src/Src/coeappl.o
                0x0000e920                aName0x1600
 *fill*         0x0000e959        0x3 
 .rodata.asEntryDesc0x1601
                0x0000e95c       0x18 ./src/sample/src/Src/coeappl.o
                0x0000e95c                asEntryDesc0x1601
 .rodata.aName0x1601
                0x0000e974       0x3e ./src/sample/src/Src/coeappl.o
                0x0000e974                aName0x1601
 *fill*         0x0000e9b2        0x2 
 .rodata.asEntryDesc0x1602
                0x0000e9b4       0x18 ./src/sample/src/Src/coeappl.o
                0x0000e9b4                asEntryDesc0x1602
 .rodata.aName0x1602
                0x0000e9cc       0x39 ./src/sample/src/Src/coeappl.o
                0x0000e9cc                aName0x1602
 *fill*         0x0000ea05        0x3 
 .rodata.asEntryDesc0x1A00
                0x0000ea08       0x18 ./src/sample/src/Src/coeappl.o
                0x0000ea08                asEntryDesc0x1A00
 .rodata.aName0x1A00
                0x0000ea20       0x39 ./src/sample/src/Src/coeappl.o
                0x0000ea20                aName0x1A00
 *fill*         0x0000ea59        0x3 
 .rodata.asEntryDesc0x1A01
                0x0000ea5c       0x18 ./src/sample/src/Src/coeappl.o
                0x0000ea5c                asEntryDesc0x1A01
 .rodata.aName0x1A01
                0x0000ea74       0x3e ./src/sample/src/Src/coeappl.o
                0x0000ea74                aName0x1A01
 *fill*         0x0000eab2        0x2 
 .rodata.asEntryDesc0x1A02
                0x0000eab4       0x18 ./src/sample/src/Src/coeappl.o
                0x0000eab4                asEntryDesc0x1A02
 .rodata.aName0x1A02
                0x0000eacc       0x39 ./src/sample/src/Src/coeappl.o
                0x0000eacc                aName0x1A02
 *fill*         0x0000eb05        0x3 
 .rodata.asEntryDesc0x1C12
                0x0000eb08        0xc ./src/sample/src/Src/coeappl.o
                0x0000eb08                asEntryDesc0x1C12
 .rodata.aName0x1C12
                0x0000eb14       0x11 ./src/sample/src/Src/coeappl.o
                0x0000eb14                aName0x1C12
 *fill*         0x0000eb25        0x3 
 .rodata.asEntryDesc0x1C13
                0x0000eb28        0xc ./src/sample/src/Src/coeappl.o
                0x0000eb28                asEntryDesc0x1C13
 .rodata.aName0x1C13
                0x0000eb34       0x11 ./src/sample/src/Src/coeappl.o
                0x0000eb34                aName0x1C13
 *fill*         0x0000eb45        0x3 
 .rodata.sEntryDesc0x3500
                0x0000eb48        0x6 ./src/sample/src/Src/coeappl.o
                0x0000eb48                sEntryDesc0x3500
 *fill*         0x0000eb4e        0x2 
 .rodata.aName0x3500
                0x0000eb50        0xb ./src/sample/src/Src/coeappl.o
                0x0000eb50                aName0x3500
 *fill*         0x0000eb5b        0x1 
 .rodata.sEntryDesc0x3501
                0x0000eb5c        0x6 ./src/sample/src/Src/coeappl.o
                0x0000eb5c                sEntryDesc0x3501
 *fill*         0x0000eb62        0x2 
 .rodata.aName0x3501
                0x0000eb64        0xb ./src/sample/src/Src/coeappl.o
                0x0000eb64                aName0x3501
 *fill*         0x0000eb6f        0x1 
 .rodata.sEntryDesc0x3502
                0x0000eb70        0x6 ./src/sample/src/Src/coeappl.o
                0x0000eb70                sEntryDesc0x3502
 *fill*         0x0000eb76        0x2 
 .rodata.aName0x3502
                0x0000eb78        0xb ./src/sample/src/Src/coeappl.o
                0x0000eb78                aName0x3502
 *fill*         0x0000eb83        0x1 
 .rodata.sEntryDesc0x603F
                0x0000eb84        0x6 ./src/sample/src/Src/coeappl.o
                0x0000eb84                sEntryDesc0x603F
 *fill*         0x0000eb8a        0x2 
 .rodata.aName0x603F
                0x0000eb8c        0xd ./src/sample/src/Src/coeappl.o
                0x0000eb8c                aName0x603F
 *fill*         0x0000eb99        0x3 
 .rodata.sEntryDesc0x6040
                0x0000eb9c        0x6 ./src/sample/src/Src/coeappl.o
                0x0000eb9c                sEntryDesc0x6040
 *fill*         0x0000eba2        0x2 
 .rodata.aName0x6040
                0x0000eba4        0xe ./src/sample/src/Src/coeappl.o
                0x0000eba4                aName0x6040
 *fill*         0x0000ebb2        0x2 
 .rodata.sEntryDesc0x6041
                0x0000ebb4        0x6 ./src/sample/src/Src/coeappl.o
                0x0000ebb4                sEntryDesc0x6041
 *fill*         0x0000ebba        0x2 
 .rodata.aName0x6041
                0x0000ebbc        0xd ./src/sample/src/Src/coeappl.o
                0x0000ebbc                aName0x6041
 *fill*         0x0000ebc9        0x3 
 .rodata.sEntryDesc0x605A
                0x0000ebcc        0x6 ./src/sample/src/Src/coeappl.o
                0x0000ebcc                sEntryDesc0x605A
 *fill*         0x0000ebd2        0x2 
 .rodata.aName0x605A
                0x0000ebd4       0x19 ./src/sample/src/Src/coeappl.o
                0x0000ebd4                aName0x605A
 *fill*         0x0000ebed        0x3 
 .rodata.sEntryDesc0x605B
                0x0000ebf0        0x6 ./src/sample/src/Src/coeappl.o
                0x0000ebf0                sEntryDesc0x605B
 *fill*         0x0000ebf6        0x2 
 .rodata.aName0x605B
                0x0000ebf8       0x17 ./src/sample/src/Src/coeappl.o
                0x0000ebf8                aName0x605B
 *fill*         0x0000ec0f        0x1 
 .rodata.sEntryDesc0x605C
                0x0000ec10        0x6 ./src/sample/src/Src/coeappl.o
                0x0000ec10                sEntryDesc0x605C
 *fill*         0x0000ec16        0x2 
 .rodata.aName0x605C
                0x0000ec18       0x20 ./src/sample/src/Src/coeappl.o
                0x0000ec18                aName0x605C
 .rodata.sEntryDesc0x605E
                0x0000ec38        0x6 ./src/sample/src/Src/coeappl.o
                0x0000ec38                sEntryDesc0x605E
 *fill*         0x0000ec3e        0x2 
 .rodata.aName0x605E
                0x0000ec40       0x1d ./src/sample/src/Src/coeappl.o
                0x0000ec40                aName0x605E
 *fill*         0x0000ec5d        0x3 
 .rodata.sEntryDesc0x6060
                0x0000ec60        0x6 ./src/sample/src/Src/coeappl.o
                0x0000ec60                sEntryDesc0x6060
 *fill*         0x0000ec66        0x2 
 .rodata.aName0x6060
                0x0000ec68       0x15 ./src/sample/src/Src/coeappl.o
                0x0000ec68                aName0x6060
 *fill*         0x0000ec7d        0x3 
 .rodata.sEntryDesc0x6061
                0x0000ec80        0x6 ./src/sample/src/Src/coeappl.o
                0x0000ec80                sEntryDesc0x6061
 *fill*         0x0000ec86        0x2 
 .rodata.aName0x6061
                0x0000ec88       0x1d ./src/sample/src/Src/coeappl.o
                0x0000ec88                aName0x6061
 *fill*         0x0000eca5        0x3 
 .rodata.sEntryDesc0x6064
                0x0000eca8        0x6 ./src/sample/src/Src/coeappl.o
                0x0000eca8                sEntryDesc0x6064
 *fill*         0x0000ecae        0x2 
 .rodata.aName0x6064
                0x0000ecb0       0x18 ./src/sample/src/Src/coeappl.o
                0x0000ecb0                aName0x6064
 .rodata.sEntryDesc0x606C
                0x0000ecc8        0x6 ./src/sample/src/Src/coeappl.o
                0x0000ecc8                sEntryDesc0x606C
 *fill*         0x0000ecce        0x2 
 .rodata.aName0x606C
                0x0000ecd0       0x18 ./src/sample/src/Src/coeappl.o
                0x0000ecd0                aName0x606C
 .rodata.sEntryDesc0x6077
                0x0000ece8        0x6 ./src/sample/src/Src/coeappl.o
                0x0000ece8                sEntryDesc0x6077
 *fill*         0x0000ecee        0x2 
 .rodata.aName0x6077
                0x0000ecf0       0x16 ./src/sample/src/Src/coeappl.o
                0x0000ecf0                aName0x6077
 *fill*         0x0000ed06        0x2 
 .rodata.sEntryDesc0x607A
                0x0000ed08        0x6 ./src/sample/src/Src/coeappl.o
                0x0000ed08                sEntryDesc0x607A
 *fill*         0x0000ed0e        0x2 
 .rodata.aName0x607A
                0x0000ed10       0x12 ./src/sample/src/Src/coeappl.o
                0x0000ed10                aName0x607A
 *fill*         0x0000ed22        0x2 
 .rodata.asEntryDesc0x607D
                0x0000ed24       0x12 ./src/sample/src/Src/coeappl.o
                0x0000ed24                asEntryDesc0x607D
 *fill*         0x0000ed36        0x2 
 .rodata.aName0x607D
                0x0000ed38       0x40 ./src/sample/src/Src/coeappl.o
                0x0000ed38                aName0x607D
 .rodata.sEntryDesc0x6085
                0x0000ed78        0x6 ./src/sample/src/Src/coeappl.o
                0x0000ed78                sEntryDesc0x6085
 *fill*         0x0000ed7e        0x2 
 .rodata.aName0x6085
                0x0000ed80       0x1a ./src/sample/src/Src/coeappl.o
                0x0000ed80                aName0x6085
 *fill*         0x0000ed9a        0x2 
 .rodata.asEntryDesc0x60C2
                0x0000ed9c       0x12 ./src/sample/src/Src/coeappl.o
                0x0000ed9c                asEntryDesc0x60C2
 *fill*         0x0000edae        0x2 
 .rodata.aName0x60C2
                0x0000edb0       0x55 ./src/sample/src/Src/coeappl.o
                0x0000edb0                aName0x60C2
 *fill*         0x0000ee05        0x3 
 .rodata.sEntryDesc0x60FF
                0x0000ee08        0x6 ./src/sample/src/Src/coeappl.o
                0x0000ee08                sEntryDesc0x60FF
 *fill*         0x0000ee0e        0x2 
 .rodata.aName0x60FF
                0x0000ee10       0x12 ./src/sample/src/Src/coeappl.o
                0x0000ee10                aName0x60FF
 *fill*         0x0000ee22        0x2 
 .rodata.sEntryDesc0x6464
                0x0000ee24        0x6 ./src/sample/src/Src/coeappl.o
                0x0000ee24                sEntryDesc0x6464
 *fill*         0x0000ee2a        0x2 
 .rodata.aName0x6464
                0x0000ee2c       0x1e ./src/sample/src/Src/coeappl.o
                0x0000ee2c                aName0x6464
 *fill*         0x0000ee4a        0x2 
 .rodata.sEntryDesc0x647A
                0x0000ee4c        0x6 ./src/sample/src/Src/coeappl.o
                0x0000ee4c                sEntryDesc0x647A
 *fill*         0x0000ee52        0x2 
 .rodata.aName0x647A
                0x0000ee54       0x18 ./src/sample/src/Src/coeappl.o
                0x0000ee54                aName0x647A
 .rodata.sEntryDesc0x6502
                0x0000ee6c        0x6 ./src/sample/src/Src/coeappl.o
                0x0000ee6c                sEntryDesc0x6502
 *fill*         0x0000ee72        0x2 
 .rodata.aName0x6502
                0x0000ee74       0x18 ./src/sample/src/Src/coeappl.o
                0x0000ee74                aName0x6502
 .rodata.asEntryDesc0xF000
                0x0000ee8c       0x12 ./src/sample/src/Src/coeappl.o
                0x0000ee8c                asEntryDesc0xF000
 *fill*         0x0000ee9e        0x2 
 .rodata.aName0xF000
                0x0000eea0       0x44 ./src/sample/src/Src/coeappl.o
                0x0000eea0                aName0xF000
 .rodata.asEntryDesc0xF010
                0x0000eee4        0xc ./src/sample/src/Src/coeappl.o
                0x0000eee4                asEntryDesc0xF010
 .rodata.aName0xF010
                0x0000eef0       0x16 ./src/sample/src/Src/coeappl.o
                0x0000eef0                aName0xF010
 *fill*         0x0000ef06        0x2 
 .rodata.sEntryDesc0x1000
                0x0000ef08        0x6 ./src/sample/src/Src/coeappl.o
                0x0000ef08                sEntryDesc0x1000
 *fill*         0x0000ef0e        0x2 
 .rodata.aName0x1000
                0x0000ef10        0xc ./src/sample/src/Src/coeappl.o
                0x0000ef10                aName0x1000
 .rodata.sEntryDesc0x1001
                0x0000ef1c        0x6 ./src/sample/src/Src/coeappl.o
                0x0000ef1c                sEntryDesc0x1001
 *fill*         0x0000ef22        0x2 
 .rodata.aName0x1001
                0x0000ef24        0xf ./src/sample/src/Src/coeappl.o
                0x0000ef24                aName0x1001
 *fill*         0x0000ef33        0x1 
 .rodata.sEntryDesc0x1008
                0x0000ef34        0x6 ./src/sample/src/Src/coeappl.o
                0x0000ef34                sEntryDesc0x1008
 *fill*         0x0000ef3a        0x2 
 .rodata.aName0x1008
                0x0000ef3c        0xc ./src/sample/src/Src/coeappl.o
                0x0000ef3c                aName0x1008
 .rodata.sEntryDesc0x1009
                0x0000ef48        0x6 ./src/sample/src/Src/coeappl.o
                0x0000ef48                sEntryDesc0x1009
 *fill*         0x0000ef4e        0x2 
 .rodata.aName0x1009
                0x0000ef50       0x11 ./src/sample/src/Src/coeappl.o
                0x0000ef50                aName0x1009
 *fill*         0x0000ef61        0x3 
 .rodata.sEntryDesc0x100A
                0x0000ef64        0x6 ./src/sample/src/Src/coeappl.o
                0x0000ef64                sEntryDesc0x100A
 *fill*         0x0000ef6a        0x2 
 .rodata.aName0x100A
                0x0000ef6c       0x11 ./src/sample/src/Src/coeappl.o
                0x0000ef6c                aName0x100A
 *fill*         0x0000ef7d        0x3 
 .rodata.asEntryDesc0x1018
                0x0000ef80       0x1e ./src/sample/src/Src/coeappl.o
                0x0000ef80                asEntryDesc0x1018
 *fill*         0x0000ef9e        0x2 
 .rodata.aName0x1018
                0x0000efa0       0x39 ./src/sample/src/Src/coeappl.o
                0x0000efa0                aName0x1018
 *fill*         0x0000efd9        0x3 
 .rodata.asEntryDesc0x10F1
                0x0000efdc       0x12 ./src/sample/src/Src/coeappl.o
                0x0000efdc                asEntryDesc0x10F1
 *fill*         0x0000efee        0x2 
 .rodata.aName0x10F1
                0x0000eff0       0x3f ./src/sample/src/Src/coeappl.o
                0x0000eff0                aName0x10F1
 *fill*         0x0000f02f        0x1 
 .rodata.sEntryDesc0x10F8
                0x0000f030        0x6 ./src/sample/src/Src/coeappl.o
                0x0000f030                sEntryDesc0x10F8
 *fill*         0x0000f036        0x2 
 .rodata.aName0x10F8
                0x0000f038       0x13 ./src/sample/src/Src/coeappl.o
                0x0000f038                aName0x10F8
 *fill*         0x0000f04b        0x1 
 .rodata.asEntryDesc0x1C00
                0x0000f04c        0xc ./src/sample/src/Src/coeappl.o
                0x0000f04c                asEntryDesc0x1C00
 .rodata.aName0x1C00
                0x0000f058       0x12 ./src/sample/src/Src/coeappl.o
                0x0000f058                aName0x1C00
 *fill*         0x0000f06a        0x2 
 .rodata.asEntryDesc0x1C3x
                0x0000f06c       0xc6 ./src/sample/src/Src/coeappl.o
                0x0000f06c                asEntryDesc0x1C3x
 *fill*         0x0000f132        0x2 
 .rodata.aName0x1C32
                0x0000f134      0x100 ./src/sample/src/Src/coeappl.o
                0x0000f134                aName0x1C32
 .rodata.aName0x1C33
                0x0000f234       0xff ./src/sample/src/Src/coeappl.o
                0x0000f234                aName0x1C33
 *fill*         0x0000f333        0x1 
 .rodata.cBitMask
                0x0000f334       0x20 ./src/sample/src/Src/objdef.o
                0x0000f334                cBitMask
 .rodata.cAbortCode
                0x0000f354       0x78 ./src/sample/src/Src/sdoserv.o
                0x0000f354                cAbortCode
                0x0000f3cc                _erodata = .

.rel.dyn        0x0000f3cc        0x0 load address 0x30013614
 .rel.iplt      0x0000f3cc        0x0 ./src/sample/src/Src/CiA402Example.o

.eh_frame_hdr
 *(.eh_frame_hdr)

.eh_frame
 *(.eh_frame)

.jcr
 *(.jcr)

.tors           0x0000f3cc        0x0
                0x0000f3cc                __CTOR_LIST__ = .
                0x0000f3cc                . = ALIGN (0x2)
                0x0000f3cc                __ctors = .
 *(.ctors)
                0x0000f3cc                __ctors_end = .
                0x0000f3cc                __CTOR_END__ = .
                0x0000f3cc                __DTOR_LIST__ = .
                0x0000f3cc                ___dtors = .
 *(.dtors)
                0x0000f3cc                ___dtors_end = .
                0x0000f3cc                __DTOR_END__ = .
                0x0000f3cc                . = ALIGN (0x2)
                0x0000f3cc                _text_end = .

.data           0x0000f3cc      0x81c load address 0x30013614
                0x0000f3cc                _data_start = .
 *(.data)
 *(.data.*)
 .data.RxPdoMappingCsp0x1600
                0x0000f3cc       0x10 ./src/sample/src/Src/CiA402Example.o
                0x0000f3cc                RxPdoMappingCsp0x1600
 .data.RxPdoMappingCspLarge0x1601
                0x0000f3dc       0x10 ./src/sample/src/Src/CiA402Example.o
                0x0000f3dc                RxPdoMappingCspLarge0x1601
 .data.RxPdoMappingCsv0x1602
                0x0000f3ec       0x10 ./src/sample/src/Src/CiA402Example.o
                0x0000f3ec                RxPdoMappingCsv0x1602
 .data.TxPdoMappingCsp0x1A00
                0x0000f3fc       0x10 ./src/sample/src/Src/CiA402Example.o
                0x0000f3fc                TxPdoMappingCsp0x1A00
 .data.TxPdoMappingCspLarge0x1A01
                0x0000f40c       0x10 ./src/sample/src/Src/CiA402Example.o
                0x0000f40c                TxPdoMappingCspLarge0x1A01
 .data.TxPdoMappingCsv0x1A02
                0x0000f41c       0x10 ./src/sample/src/Src/CiA402Example.o
                0x0000f41c                TxPdoMappingCsv0x1A02
 .data.sRxPDOassign
                0x0000f42c        0x4 ./src/sample/src/Src/CiA402Example.o
                0x0000f42c                sRxPDOassign
 .data.sTxPDOassign
                0x0000f430        0x4 ./src/sample/src/Src/CiA402Example.o
                0x0000f430                sTxPDOassign
 .data.SoftwarePositionLimit0x607D
                0x0000f434        0xc ./src/sample/src/Src/CiA402Example.o
                0x0000f434                SoftwarePositionLimit0x607D
 .data.InterpolationTimePeriod0x60C2
                0x0000f440        0x4 ./src/sample/src/Src/CiA402Example.o
                0x0000f440                InterpolationTimePeriod0x60C2
 .data.SupportedDriveModes0x6502
                0x0000f444        0x4 ./src/sample/src/Src/CiA402Example.o
                0x0000f444                SupportedDriveModes0x6502
 .data.ModularDeviceProfile0xF000
                0x0000f448        0x6 ./src/sample/src/Src/CiA402Example.o
                0x0000f448                ModularDeviceProfile0xF000
 *fill*         0x0000f44e        0x2 
 .data.ModuleProfileList0xF010
                0x0000f450        0x8 ./src/sample/src/Src/CiA402Example.o
                0x0000f450                ModuleProfileList0xF010
 .data.ApplicationObjDic
                0x0000f458      0x550 ./src/sample/src/Src/coeappl.o
                0x0000f458                ApplicationObjDic
 .data.u32Devicetype
                0x0000f9a8        0x4 ./src/sample/src/Src/coeappl.o
                0x0000f9a8                u32Devicetype
 .data.acDevicename
                0x0000f9ac        0xa ./src/sample/src/Src/coeappl.o
                0x0000f9ac                acDevicename
 *fill*         0x0000f9b6        0x2 
 .data.acHardwareversion
                0x0000f9b8        0x4 ./src/sample/src/Src/coeappl.o
                0x0000f9b8                acHardwareversion
 .data.acSoftwareversion
                0x0000f9bc        0x5 ./src/sample/src/Src/coeappl.o
                0x0000f9bc                acSoftwareversion
 *fill*         0x0000f9c1        0x3 
 .data.sIdentity
                0x0000f9c4       0x14 ./src/sample/src/Src/coeappl.o
                0x0000f9c4                sIdentity
 .data.sSyncmanagertype
                0x0000f9d8        0x6 ./src/sample/src/Src/coeappl.o
                0x0000f9d8                sSyncmanagertype
 *fill*         0x0000f9de        0x2 
 .data.GenObjDic
                0x0000f9e0      0x1e0 ./src/sample/src/Src/coeappl.o
                0x0000f9e0                GenObjDic
 .data.sErrorSettings
                0x0000fbc0        0xc ./src/sample/src/Src/objdef.o
                0x0000fbc0                sErrorSettings
 .data.aSubindexDesc
                0x0000fbcc        0xd ./src/sample/src/Src/objdef.o
                0x0000fbcc                aSubindexDesc
 *fill*         0x0000fbd9        0x3 
 .data.g_pcmd_reg_adrr
                0x0000fbdc        0xc ./src/drv/r_ecm.o
                0x0000fbe8                _data_end = .

.igot.plt       0x0000fbe8        0x0 load address 0x30013e30
 .igot.plt      0x0000fbe8        0x0 ./src/sample/src/Src/CiA402Example.o

.bss            0x0000fbe8      0x2dd load address 0x30013e30
                0x0000fbe8                PROVIDE (__bss_start__, .)
                0x0000fbe8                _bss = .
 *(.bss)
 *(.bss.*)
 .bss.SdoData00x3500
                0x0000fbe8        0x4 ./src/sample/src/Src/CiA402Example.o
                0x0000fbe8                SdoData00x3500
 .bss.SdoData10x3501
                0x0000fbec        0x4 ./src/sample/src/Src/CiA402Example.o
                0x0000fbec                SdoData10x3501
 .bss.SdoData20x3502
                0x0000fbf0        0x4 ./src/sample/src/Src/CiA402Example.o
                0x0000fbf0                SdoData20x3502
 .bss.ErrorCode0x603F
                0x0000fbf4        0x2 ./src/sample/src/Src/CiA402Example.o
                0x0000fbf4                ErrorCode0x603F
 .bss.Controlword0x6040
                0x0000fbf6        0x2 ./src/sample/src/Src/CiA402Example.o
                0x0000fbf6                Controlword0x6040
 .bss.Statusword0x6041
                0x0000fbf8        0x2 ./src/sample/src/Src/CiA402Example.o
                0x0000fbf8                Statusword0x6041
 .bss.QuickStopOptionCode0x605A
                0x0000fbfa        0x2 ./src/sample/src/Src/CiA402Example.o
                0x0000fbfa                QuickStopOptionCode0x605A
 .bss.ShutdownOptionCode0x605B
                0x0000fbfc        0x2 ./src/sample/src/Src/CiA402Example.o
                0x0000fbfc                ShutdownOptionCode0x605B
 .bss.DisableOperationOptionCode0x605C
                0x0000fbfe        0x2 ./src/sample/src/Src/CiA402Example.o
                0x0000fbfe                DisableOperationOptionCode0x605C
 .bss.FaultReactionOptionCode0x605E
                0x0000fc00        0x2 ./src/sample/src/Src/CiA402Example.o
                0x0000fc00                FaultReactionOptionCode0x605E
 .bss.ModesOfOperation0x6060
                0x0000fc02        0x1 ./src/sample/src/Src/CiA402Example.o
                0x0000fc02                ModesOfOperation0x6060
 .bss.ModesOfOperationDisplay0x6061
                0x0000fc03        0x1 ./src/sample/src/Src/CiA402Example.o
                0x0000fc03                ModesOfOperationDisplay0x6061
 .bss.PositionActualValue0x6064
                0x0000fc04        0x4 ./src/sample/src/Src/CiA402Example.o
                0x0000fc04                PositionActualValue0x6064
 .bss.VelocityActualValue0x606C
                0x0000fc08        0x4 ./src/sample/src/Src/CiA402Example.o
                0x0000fc08                VelocityActualValue0x606C
 .bss.TorqueActualValue0x6077
                0x0000fc0c        0x4 ./src/sample/src/Src/CiA402Example.o
                0x0000fc0c                TorqueActualValue0x6077
 .bss.TargetPosition0x607A
                0x0000fc10        0x4 ./src/sample/src/Src/CiA402Example.o
                0x0000fc10                TargetPosition0x607A
 .bss.QuickStopDeceleration0x6085
                0x0000fc14        0x4 ./src/sample/src/Src/CiA402Example.o
                0x0000fc14                QuickStopDeceleration0x6085
 .bss.TargetVelocity0x60FF
                0x0000fc18        0x4 ./src/sample/src/Src/CiA402Example.o
                0x0000fc18                TargetVelocity0x60FF
 *fill*         0x0000fc1c        0x4 
 .bss.PositionActualValueLarge0x6464
                0x0000fc20        0x8 ./src/sample/src/Src/CiA402Example.o
                0x0000fc20                PositionActualValueLarge0x6464
 .bss.TargetPositionLarge0x647A
                0x0000fc28        0x8 ./src/sample/src/Src/CiA402Example.o
                0x0000fc28                TargetPositionLarge0x647A
 .bss.state.6691
                0x0000fc30        0x1 ./src/sample/src/Src/CiA402Example.o
 *fill*         0x0000fc31        0x7 
 .bss.u64Timestamp
                0x0000fc38        0x8 ./src/sample/src/Src/coeappl.o
                0x0000fc38                u64Timestamp
 .bss.u16ErrorRegister
                0x0000fc40        0x2 ./src/sample/src/Src/coeappl.o
                0x0000fc40                u16ErrorRegister
 *fill*         0x0000fc42        0x2 
 .bss.ObjDicList
                0x0000fc44        0x4 ./src/sample/src/Src/coeappl.o
                0x0000fc44                ObjDicList
 .bss.bInitFinished
                0x0000fc48        0x1 ./src/sample/src/Src/ecatappl.o
                0x0000fc48                bInitFinished
 *fill*         0x0000fc49        0x1 
 .bss.ms.6924   0x0000fc4a        0x2 ./src/sample/src/Src/ecatappl.o
 .bss.u8PrevRunLed.6928
                0x0000fc4c        0x1 ./src/sample/src/Src/ecatappl.o
 *fill*         0x0000fc4d        0x1 
 .bss.RunCounter.6925
                0x0000fc4e        0x2 ./src/sample/src/Src/ecatappl.o
 .bss.u8PrevErrorLed.6927
                0x0000fc50        0x1 ./src/sample/src/Src/ecatappl.o
 *fill*         0x0000fc51        0x1 
 .bss.ErrorCounter.6926
                0x0000fc52        0x2 ./src/sample/src/Src/ecatappl.o
 .bss.SMActivate
                0x0000fc54        0x1 ./src/sample/src/Src/ecatslv.o
                0x0000fc54                SMActivate
 .bss.EepromLoaded
                0x0000fc55        0x1 ./src/sample/src/Src/ecatslv.o
                0x0000fc55                EepromLoaded
 *fill*         0x0000fc56        0x2 
 .bss.BaseTime  0x0000fc58        0x4 ./src/sample/src/Src/renesashw.o
                0x0000fc58                BaseTime
 .bss.bSdoInWork
                0x0000fc5c        0x1 ./src/sample/src/Src/sdoserv.o
                0x0000fc5c                bSdoInWork
 .bss.UART_AKTIV_HANDLER
                0x0000fc5d        0x1 ./src/sample/src/Src/uart.o
                0x0000fc5d                UART_AKTIV_HANDLER
 *fill*         0x0000fc5e        0x2 
 .bss.SDO_REQ_FLAG
                0x0000fc60        0x4 ./src/sample/src/Src/uart.o
                0x0000fc60                SDO_REQ_FLAG
 .bss.SDO_IND_FLAG
                0x0000fc64        0x4 ./src/sample/src/Src/uart.o
                0x0000fc64                SDO_IND_FLAG
 .bss.SDO_RES_FLAG
                0x0000fc68        0x4 ./src/sample/src/Src/uart.o
                0x0000fc68                SDO_RES_FLAG
 .bss.SDO_TIMEOUT
                0x0000fc6c        0x4 ./src/sample/src/Src/uart.o
                0x0000fc6c                SDO_TIMEOUT
 .bss.controlword
                0x0000fc70        0x2 ./src/sample/src/Src/uart.o
                0x0000fc70                controlword
 .bss.statusword
                0x0000fc72        0x2 ./src/sample/src/Src/uart.o
                0x0000fc72                statusword
 .bss.targetPosition
                0x0000fc74        0x4 ./src/sample/src/Src/uart.o
                0x0000fc74                targetPosition
 .bss.targetVelocity
                0x0000fc78        0x4 ./src/sample/src/Src/uart.o
                0x0000fc78                targetVelocity
 .bss.actuellePosition
                0x0000fc7c        0x4 ./src/sample/src/Src/uart.o
                0x0000fc7c                actuellePosition
 .bss.headerSDO
                0x0000fc80        0x4 ./src/sample/src/Src/uart.o
                0x0000fc80                headerSDO
 .bss.sdoData   0x0000fc84        0x4 ./src/sample/src/Src/uart.o
                0x0000fc84                sdoData
 .bss.sdo_res_data
                0x0000fc88        0x4 ./src/sample/src/Src/uart.o
                0x0000fc88                sdo_res_data
 .bss.state.45816
                0x0000fc8c        0x1 ./src/sample/src/Src/uart.o
 *fill*         0x0000fc8d        0x3 
 .bss.g_cmt_modes
                0x0000fc90       0x10 ./src/drv/cmt/cmt_userdef.o
 .bss.g_cmt_callbacks
                0x0000fca0       0x10 ./src/drv/cmt/cmt_userdef.o
 .bss._heap_of_memory
                0x0000fcb0        0x4 ./src/drv/heapend.o
                0x0000fcb0                _heap_of_memory
 .bss._last_heap_object
                0x0000fcb4        0x4 ./src/drv/heapend.o
                0x0000fcb4                _last_heap_object
 *(COMMON)
 COMMON         0x0000fcb8        0x8 ./src/sample/src/Src/coeappl.o
                0x0000fcb8                u32LastDc32Value
                0x0000fcbc                u32CheckForDcOverrunCnt
 COMMON         0x0000fcc0       0x3d ./src/sample/src/Src/ecatappl.o
                0x0000fcc0                bMinCycleTimeMeasurementStarted
                0x0000fcc4                u32CycleTimeStartValue
                0x0000fcc8                bRunApplication
                0x0000fccc                u32SystemTimeReadFailure
                0x0000fcd0                bEcatWaitForInputUpdate
                0x0000fcd4                u32MinCycleTimeValue
                0x0000fcd8                aPdOutputData
                0x0000fce4                pAPPL_MainLoop
                0x0000fce8                bEtherCATErrorLed
                0x0000fcec                u32MinCycleTimeStartValue
                0x0000fcf0                aPdInputData
                0x0000fcfc                bEtherCATRunLed
 *fill*         0x0000fcfd        0x3 
 COMMON         0x0000fd00        0x4 ./src/sample/src/Src/ecatcoe.o
                0x0000fd00                pCoeSendStored
 COMMON         0x0000fd04       0x4c ./src/sample/src/Src/ecatslv.o
                0x0000fd04                b3BufferMode
                0x0000fd06                nEcatStateTrans
                0x0000fd08                bApplEsmPending
                0x0000fd09                nAlStatus
                0x0000fd0a                nPdOutputSize
                0x0000fd0c                u16LocalErrorCode
                0x0000fd0e                Sync0WdCounter
                0x0000fd10                bLocalErrorFlag
                0x0000fd12                LatchInputSync0Counter
                0x0000fd14                i16WaitForPllRunningCnt
                0x0000fd16                nEscAddrOutputData
                0x0000fd18                Sync0WdValue
                0x0000fd1a                u8EcatRunLed
                0x0000fd1c                i16WaitForPllRunningTimeout
                0x0000fd1e                Sync1WdValue
                0x0000fd20                u8dummy
                0x0000fd22                u16ALEventMask
                0x0000fd24                bDcRunning
                0x0000fd28                SyncManInfo
                0x0000fd30                b32BitDc
                0x0000fd32                LatchInputSync0Value
                0x0000fd34                bEcatWaitForAlControlRes
                0x0000fd36                nPdInputSize
                0x0000fd38                u16SmSync0Value
                0x0000fd3a                nMaxEscAddress
                0x0000fd3c                bEcatFirstOutputsReceived
                0x0000fd3d                bSmSyncSequenceValid
                0x0000fd3e                EsmTimeoutCounter
                0x0000fd40                bDcSyncActive
                0x0000fd41                bEcatOutputUpdateRunning
                0x0000fd42                Sync1WdCounter
                0x0000fd44                EcatWdValue
                0x0000fd46                bEcatInputUpdateRunning
                0x0000fd47                bEscIntEnabled
                0x0000fd48                bWdTrigger
                0x0000fd4a                u16SmSync0Counter
                0x0000fd4c                nMaxSyncMan
                0x0000fd4d                u8EcatErrorLed
                0x0000fd4e                nEscAddrInputData
 COMMON         0x0000fd50       0x94 ./src/sample/src/Src/mailbox.o
                0x0000fd50                u8MbxReadCounter
                0x0000fd54                sMbxSendQueue
                0x0000fd88                sMbxReceiveQueue
                0x0000fdbc                bNoMbxMemoryAvailable
                0x0000fdbd                bSendMbxIsFull
                0x0000fdbe                bMbxRunning
                0x0000fdc0                u16EscAddrReceiveMbx
                0x0000fdc4                psStoreMbx
                0x0000fdc8                u16SendMbxSize
                0x0000fdcc                psReadMbx
                0x0000fdd0                bReceiveMbxIsLocked
                0x0000fdd2                u16EscAddrSendMbx
                0x0000fdd4                psWriteMbx
                0x0000fdd8                u8MbxWriteCounter
                0x0000fdd9                u8MailboxSendReqStored
                0x0000fdda                u16ReceiveMbxSize
                0x0000fddc                bMbxRepeatToggle
                0x0000fde0                psRepeatMbx
 COMMON         0x0000fde4       0x8e ./src/sample/src/Src/objdef.o
                0x0000fde4                sSyncManInPar
                0x0000fe28                sSyncManOutPar
                0x0000fe6c                bSyncSetByUser
                0x0000fe70                sCycleDiag
 *fill*         0x0000fe72        0x2 
 COMMON         0x0000fe74        0x4 ./src/sample/src/Src/renesashw.o
                0x0000fe74                pEsc
 COMMON         0x0000fe78       0x4d ./src/sample/src/Src/sdoserv.o
                0x0000fe78                nSdoInfoIndex
                0x0000fe7c                pStoreData
                0x0000fe80                nSdoSegBytesToHandle
                0x0000fe84                bSdoSegAccess
                0x0000fe85                bSdoSegFollows
                0x0000fe88                nSdoSegCompleteSize
                0x0000fe8c                pSdoPendFunc
                0x0000fe90                u8PendingSdo
                0x0000fe91                bStoreCompleteAccess
                0x0000fe92                bSdoSegLastToggle
                0x0000fe93                nSdoSegService
                0x0000fe94                pSdoInfoObjEntry
                0x0000fe98                nSdoInfoFragmentsLeft
                0x0000fe9c                pSdoResStored
                0x0000fea0                u32StoreDataSize
                0x0000fea4                pSdoSegData
                0x0000fea8                nSdoSegIndex
                0x0000feac                aSdoInfoHeader
                0x0000febc                pSdoSegObjEntry
                0x0000fec0                nSdoSegSubindex
                0x0000fec2                u16StoreIndex
                0x0000fec4                u8StoreSubindex
                0x0000fec5                PROVIDE (__bss_end__, .)
                0x0000fec5                _ebss = .
                0x0000fec5                _end = .

.heap           0x0000fec5     0x800b load address 0x3001410d
                0x0000fed0                . = ALIGN (0x10)
 *fill*         0x0000fec5        0xb 
                0x0000fed0                PROVIDE (end, .)
                0x0000fed0                _HeapStart = .
                0x00017ed0                . = (. + 0x8000)
 *fill*         0x0000fed0     0x8000 
                0x00017ed0                PROVIDE (_HeapEnd, .)

.sys_stack      0x00017ed0     0x2000 load address 0x3001c118
 *(.sys_stack)
                0x00017ed0                . = ALIGN (0x10)
                0x00017ed0                _sys_stack_start = .
                0x00019ed0                . = (. + 0x2000)
 *fill*         0x00017ed0     0x2000 
                0x00019ed0                _sys_stack = .

.svc_stack      0x00019ed0     0x2000 load address 0x3001e118
 *(.svc_stack)
                0x00019ed0                . = ALIGN (0x10)
                0x00019ed0                _svc_stack_start = .
                0x0001bed0                . = (. + 0x2000)
 *fill*         0x00019ed0     0x2000 
                0x0001bed0                _svc_stack = .

.irq_stack      0x0001bed0     0x1000 load address 0x30020118
 *(.irq_stack)
                0x0001bed0                . = ALIGN (0x10)
                0x0001bed0                _irq_stack_start = .
                0x0001ced0                . = (. + 0x1000)
 *fill*         0x0001bed0     0x1000 
                0x0001ced0                _irq_stack = .

.fiq_stack      0x0001ced0     0x1000 load address 0x30021118
 *(.fiq_stack)
                0x0001ced0                . = ALIGN (0x10)
                0x0001ced0                _fiq_stack_start = .
                0x0001ded0                . = (. + 0x1000)
 *fill*         0x0001ced0     0x1000 
                0x0001ded0                _fiq_stack = .

.und_stack      0x0001ded0     0x1000 load address 0x30022118
 *(.und_stack)
                0x0001ded0                . = ALIGN (0x10)
                0x0001ded0                _und_stack_start = .
                0x0001eed0                . = (. + 0x1000)
 *fill*         0x0001ded0     0x1000 
                0x0001eed0                _und_stack = .

.abt_stack      0x0001eed0     0x1000 load address 0x30023118
 *(.und_stack)
                0x0001eed0                . = ALIGN (0x10)
                0x0001eed0                _abt_stack_start = .
                0x0001fed0                . = (. + 0x1000)
 *fill*         0x0001eed0     0x1000 
                0x0001fed0                _abt_stack = .
OUTPUT(RZ_T_sflash_sample.x elf32-littlearm)

.debug_info     0x00000000    0xe0f4a
 .debug_info    0x00000000     0x181a ./src/sample/src/Src/CiA402Example.o
 .debug_info    0x0000181a     0x20f7 ./src/sample/src/Src/coeappl.o
 .debug_info    0x00003911     0x16bf ./src/sample/src/Src/ecatappl.o
 .debug_info    0x00004fd0      0xe1f ./src/sample/src/Src/ecatcoe.o
 .debug_info    0x00005def     0x1a03 ./src/sample/src/Src/ecatslv.o
 .debug_info    0x000077f2     0x115a ./src/sample/src/Src/mailbox.o
 .debug_info    0x0000894c     0x1832 ./src/sample/src/Src/objdef.o
 .debug_info    0x0000a17e     0x1c92 ./src/sample/src/Src/renesashw.o
 .debug_info    0x0000be10     0x19ae ./src/sample/src/Src/sdoserv.o
 .debug_info    0x0000d7be    0x1c9ce ./src/sample/src/Src/uart.o
 .debug_info    0x0002a18c     0x799a ./src/sample/board_RenesasEva.o
 .debug_info    0x00031b26    0x18f11 ./src/sample/main.o
 .debug_info    0x0004aa37    0x1eaa5 ./src/drv/ether/r_ether.o
 .debug_info    0x000694dc    0x161b6 ./src/drv/cmt/cmt_userdef.o
 .debug_info    0x0007f692      0x1e7 ./src/drv/cmt/r_cmt.o
 .debug_info    0x0007f879      0x8e9 ./src/drv/heapend.o
 .debug_info    0x00080162    0x17c38 ./src/drv/r_ecm.o
 .debug_info    0x00097d9a    0x16b3f ./src/drv/r_icu_init.o
 .debug_info    0x000ae8d9      0xec6 ./src/drv/r_reset2.o
 .debug_info    0x000af79f     0xa028 ./src/common/sflash_boot/bus_init_serial_boot.o
 .debug_info    0x000b97c7       0x57 ./src/common/sflash_boot/loader_param.o
 .debug_info    0x000b981e      0x35f ./src/common/sflash_boot/spibsc_flash_api.o
 .debug_info    0x000b9b7d      0xef9 ./src/common/sflash_boot/spibsc_flash_userdef.o
 .debug_info    0x000baa76      0x331 ./src/common/sflash_boot/spibsc_ioset_api.o
 .debug_info    0x000bada7     0x5efa ./src/common/sflash_boot/spibsc_ioset_drv.o
 .debug_info    0x000c0ca1      0xb7e ./src/common/sflash_boot/spibsc_ioset_userdef.o
 .debug_info    0x000c181f       0x51 ./src/common/exit.o
 .debug_info    0x000c1870      0x18e ./src/common/loader_init.o
 .debug_info    0x000c19fe     0x1bea ./src/common/loader_init2.o
 .debug_info    0x000c35e8      0xeb0 ./src/common/r_atcm_init.o
 .debug_info    0x000c4498    0x16e01 ./src/common/r_cpg.o
 .debug_info    0x000db299     0x4c62 ./src/common/r_mpc.o
 .debug_info    0x000dfefb      0xec6 ./src/common/r_reset.o
 .debug_info    0x000e0dc1      0x189 ./src/common/vector.o

.debug_abbrev   0x00000000     0x3a74
 .debug_abbrev  0x00000000      0x2ce ./src/sample/src/Src/CiA402Example.o
 .debug_abbrev  0x000002ce      0x2b4 ./src/sample/src/Src/coeappl.o
 .debug_abbrev  0x00000582      0x2a9 ./src/sample/src/Src/ecatappl.o
 .debug_abbrev  0x0000082b      0x214 ./src/sample/src/Src/ecatcoe.o
 .debug_abbrev  0x00000a3f      0x2e8 ./src/sample/src/Src/ecatslv.o
 .debug_abbrev  0x00000d27      0x28b ./src/sample/src/Src/mailbox.o
 .debug_abbrev  0x00000fb2      0x2ad ./src/sample/src/Src/objdef.o
 .debug_abbrev  0x0000125f      0x2d9 ./src/sample/src/Src/renesashw.o
 .debug_abbrev  0x00001538      0x2d3 ./src/sample/src/Src/sdoserv.o
 .debug_abbrev  0x0000180b      0x1f1 ./src/sample/src/Src/uart.o
 .debug_abbrev  0x000019fc      0x121 ./src/sample/board_RenesasEva.o
 .debug_abbrev  0x00001b1d      0x2e1 ./src/sample/main.o
 .debug_abbrev  0x00001dfe      0x32e ./src/drv/ether/r_ether.o
 .debug_abbrev  0x0000212c      0x204 ./src/drv/cmt/cmt_userdef.o
 .debug_abbrev  0x00002330       0xb4 ./src/drv/cmt/r_cmt.o
 .debug_abbrev  0x000023e4      0x1bb ./src/drv/heapend.o
 .debug_abbrev  0x0000259f      0x1f7 ./src/drv/r_ecm.o
 .debug_abbrev  0x00002796      0x16b ./src/drv/r_icu_init.o
 .debug_abbrev  0x00002901      0x144 ./src/drv/r_reset2.o
 .debug_abbrev  0x00002a45      0x207 ./src/common/sflash_boot/bus_init_serial_boot.o
 .debug_abbrev  0x00002c4c       0x46 ./src/common/sflash_boot/loader_param.o
 .debug_abbrev  0x00002c92       0xf2 ./src/common/sflash_boot/spibsc_flash_api.o
 .debug_abbrev  0x00002d84      0x1ed ./src/common/sflash_boot/spibsc_flash_userdef.o
 .debug_abbrev  0x00002f71       0xd6 ./src/common/sflash_boot/spibsc_ioset_api.o
 .debug_abbrev  0x00003047      0x254 ./src/common/sflash_boot/spibsc_ioset_drv.o
 .debug_abbrev  0x0000329b      0x123 ./src/common/sflash_boot/spibsc_ioset_userdef.o
 .debug_abbrev  0x000033be       0x49 ./src/common/exit.o
 .debug_abbrev  0x00003407       0x14 ./src/common/loader_init.o
 .debug_abbrev  0x0000341b      0x153 ./src/common/loader_init2.o
 .debug_abbrev  0x0000356e      0x139 ./src/common/r_atcm_init.o
 .debug_abbrev  0x000036a7      0x16d ./src/common/r_cpg.o
 .debug_abbrev  0x00003814      0x108 ./src/common/r_mpc.o
 .debug_abbrev  0x0000391c      0x144 ./src/common/r_reset.o
 .debug_abbrev  0x00003a60       0x14 ./src/common/vector.o

.debug_aranges  0x00000000      0x9a0
 .debug_aranges
                0x00000000       0x80 ./src/sample/src/Src/CiA402Example.o
 .debug_aranges
                0x00000080       0x70 ./src/sample/src/Src/coeappl.o
 .debug_aranges
                0x000000f0       0x78 ./src/sample/src/Src/ecatappl.o
 .debug_aranges
                0x00000168       0x30 ./src/sample/src/Src/ecatcoe.o
 .debug_aranges
                0x00000198       0xb8 ./src/sample/src/Src/ecatslv.o
 .debug_aranges
                0x00000250       0x80 ./src/sample/src/Src/mailbox.o
 .debug_aranges
                0x000002d0       0x78 ./src/sample/src/Src/objdef.o
 .debug_aranges
                0x00000348       0x50 ./src/sample/src/Src/renesashw.o
 .debug_aranges
                0x00000398       0x50 ./src/sample/src/Src/sdoserv.o
 .debug_aranges
                0x000003e8       0x68 ./src/sample/src/Src/uart.o
 .debug_aranges
                0x00000450       0x20 ./src/sample/board_RenesasEva.o
 .debug_aranges
                0x00000470       0x60 ./src/sample/main.o
 .debug_aranges
                0x000004d0       0x60 ./src/drv/ether/r_ether.o
 .debug_aranges
                0x00000530       0x58 ./src/drv/cmt/cmt_userdef.o
 .debug_aranges
                0x00000588       0x38 ./src/drv/cmt/r_cmt.o
 .debug_aranges
                0x000005c0       0x20 ./src/drv/heapend.o
 .debug_aranges
                0x000005e0       0x38 ./src/drv/r_ecm.o
 .debug_aranges
                0x00000618       0x38 ./src/drv/r_icu_init.o
 .debug_aranges
                0x00000650       0x28 ./src/drv/r_reset2.o
 .debug_aranges
                0x00000678       0x38 ./src/common/sflash_boot/bus_init_serial_boot.o
 .debug_aranges
                0x000006b0       0x18 ./src/common/sflash_boot/loader_param.o
 .debug_aranges
                0x000006c8       0x38 ./src/common/sflash_boot/spibsc_flash_api.o
 .debug_aranges
                0x00000700       0x68 ./src/common/sflash_boot/spibsc_flash_userdef.o
 .debug_aranges
                0x00000768       0x60 ./src/common/sflash_boot/spibsc_ioset_api.o
 .debug_aranges
                0x000007c8       0x88 ./src/common/sflash_boot/spibsc_ioset_drv.o
 .debug_aranges
                0x00000850       0x20 ./src/common/sflash_boot/spibsc_ioset_userdef.o
 .debug_aranges
                0x00000870       0x20 ./src/common/exit.o
 .debug_aranges
                0x00000890       0x20 ./src/common/loader_init.o
 .debug_aranges
                0x000008b0       0x30 ./src/common/loader_init2.o
 .debug_aranges
                0x000008e0       0x20 ./src/common/r_atcm_init.o
 .debug_aranges
                0x00000900       0x30 ./src/common/r_cpg.o
 .debug_aranges
                0x00000930       0x28 ./src/common/r_mpc.o
 .debug_aranges
                0x00000958       0x28 ./src/common/r_reset.o
 .debug_aranges
                0x00000980       0x20 ./src/common/vector.o

.debug_ranges   0x00000000      0x7b0
 .debug_ranges  0x00000000       0x70 ./src/sample/src/Src/CiA402Example.o
 .debug_ranges  0x00000070       0x78 ./src/sample/src/Src/coeappl.o
 .debug_ranges  0x000000e8       0x80 ./src/sample/src/Src/ecatappl.o
 .debug_ranges  0x00000168       0x20 ./src/sample/src/Src/ecatcoe.o
 .debug_ranges  0x00000188       0xa8 ./src/sample/src/Src/ecatslv.o
 .debug_ranges  0x00000230       0x70 ./src/sample/src/Src/mailbox.o
 .debug_ranges  0x000002a0       0x68 ./src/sample/src/Src/objdef.o
 .debug_ranges  0x00000308       0x40 ./src/sample/src/Src/renesashw.o
 .debug_ranges  0x00000348       0x68 ./src/sample/src/Src/sdoserv.o
 .debug_ranges  0x000003b0       0x58 ./src/sample/src/Src/uart.o
 .debug_ranges  0x00000408       0x10 ./src/sample/board_RenesasEva.o
 .debug_ranges  0x00000418       0x50 ./src/sample/main.o
 .debug_ranges  0x00000468       0x50 ./src/drv/ether/r_ether.o
 .debug_ranges  0x000004b8       0x48 ./src/drv/cmt/cmt_userdef.o
 .debug_ranges  0x00000500       0x28 ./src/drv/cmt/r_cmt.o
 .debug_ranges  0x00000528       0x10 ./src/drv/heapend.o
 .debug_ranges  0x00000538       0x28 ./src/drv/r_ecm.o
 .debug_ranges  0x00000560       0x28 ./src/drv/r_icu_init.o
 .debug_ranges  0x00000588       0x18 ./src/drv/r_reset2.o
 .debug_ranges  0x000005a0       0x28 ./src/common/sflash_boot/bus_init_serial_boot.o
 .debug_ranges  0x000005c8       0x28 ./src/common/sflash_boot/spibsc_flash_api.o
 .debug_ranges  0x000005f0       0x58 ./src/common/sflash_boot/spibsc_flash_userdef.o
 .debug_ranges  0x00000648       0x50 ./src/common/sflash_boot/spibsc_ioset_api.o
 .debug_ranges  0x00000698       0x78 ./src/common/sflash_boot/spibsc_ioset_drv.o
 .debug_ranges  0x00000710       0x10 ./src/common/sflash_boot/spibsc_ioset_userdef.o
 .debug_ranges  0x00000720       0x10 ./src/common/exit.o
 .debug_ranges  0x00000730       0x20 ./src/common/loader_init2.o
 .debug_ranges  0x00000750       0x10 ./src/common/r_atcm_init.o
 .debug_ranges  0x00000760       0x20 ./src/common/r_cpg.o
 .debug_ranges  0x00000780       0x18 ./src/common/r_mpc.o
 .debug_ranges  0x00000798       0x18 ./src/common/r_reset.o

.debug_macro    0x00000000     0x809e
 .debug_macro   0x00000000      0x1b9 ./src/sample/src/Src/CiA402Example.o
 .debug_macro   0x000001b9      0x8b0 ./src/sample/src/Src/CiA402Example.o
 .debug_macro   0x00000a69       0x22 ./src/sample/src/Src/CiA402Example.o
 .debug_macro   0x00000a8b       0x52 ./src/sample/src/Src/CiA402Example.o
 .debug_macro   0x00000add       0x8d ./src/sample/src/Src/CiA402Example.o
 .debug_macro   0x00000b6a       0x35 ./src/sample/src/Src/CiA402Example.o
 .debug_macro   0x00000b9f       0x9c ./src/sample/src/Src/CiA402Example.o
 .debug_macro   0x00000c3b       0x16 ./src/sample/src/Src/CiA402Example.o
 .debug_macro   0x00000c51      0x10e ./src/sample/src/Src/CiA402Example.o
 .debug_macro   0x00000d5f       0x8d ./src/sample/src/Src/CiA402Example.o
 .debug_macro   0x00000dec       0x57 ./src/sample/src/Src/CiA402Example.o
 .debug_macro   0x00000e43       0x58 ./src/sample/src/Src/CiA402Example.o
 .debug_macro   0x00000e9b       0x1f ./src/sample/src/Src/CiA402Example.o
 .debug_macro   0x00000eba       0x43 ./src/sample/src/Src/CiA402Example.o
 .debug_macro   0x00000efd       0x20 ./src/sample/src/Src/CiA402Example.o
 .debug_macro   0x00000f1d      0x187 ./src/sample/src/Src/CiA402Example.o
 .debug_macro   0x000010a4      0x330 ./src/sample/src/Src/CiA402Example.o
 .debug_macro   0x000013d4       0x16 ./src/sample/src/Src/CiA402Example.o
 .debug_macro   0x000013ea       0x29 ./src/sample/src/Src/CiA402Example.o
 .debug_macro   0x00001413       0x16 ./src/sample/src/Src/CiA402Example.o
 .debug_macro   0x00001429       0x35 ./src/sample/src/Src/CiA402Example.o
 .debug_macro   0x0000145e      0x446 ./src/sample/src/Src/CiA402Example.o
 .debug_macro   0x000018a4      0x1bf ./src/sample/src/Src/CiA402Example.o
 .debug_macro   0x00001a63       0xec ./src/sample/src/Src/CiA402Example.o
 .debug_macro   0x00001b4f      0x4ad ./src/sample/src/Src/CiA402Example.o
 .debug_macro   0x00001ffc       0xde ./src/sample/src/Src/CiA402Example.o
 .debug_macro   0x000020da       0x64 ./src/sample/src/Src/CiA402Example.o
 .debug_macro   0x0000213e      0x4b4 ./src/sample/src/Src/CiA402Example.o
 .debug_macro   0x000025f2      0x1f0 ./src/sample/src/Src/CiA402Example.o
 .debug_macro   0x000027e2       0xad ./src/sample/src/Src/CiA402Example.o
 .debug_macro   0x0000288f       0x10 ./src/sample/src/Src/CiA402Example.o
 .debug_macro   0x0000289f       0x11 ./src/sample/src/Src/CiA402Example.o
 .debug_macro   0x000028b0       0x18 ./src/sample/src/Src/CiA402Example.o
 .debug_macro   0x000028c8       0x10 ./src/sample/src/Src/CiA402Example.o
 .debug_macro   0x000028d8      0x1b3 ./src/sample/src/Src/coeappl.o
 .debug_macro   0x00002a8b       0x1c ./src/sample/src/Src/coeappl.o
 .debug_macro   0x00002aa7       0x18 ./src/sample/src/Src/coeappl.o
 .debug_macro   0x00002abf       0x10 ./src/sample/src/Src/coeappl.o
 .debug_macro   0x00002acf      0x220 ./src/sample/src/Src/ecatappl.o
 .debug_macro   0x00002cef       0xad ./src/sample/src/Src/ecatappl.o
 .debug_macro   0x00002d9c       0x1c ./src/sample/src/Src/ecatappl.o
 .debug_macro   0x00002db8       0xa4 ./src/sample/src/Src/ecatappl.o
 .debug_macro   0x00002e5c       0x19 ./src/sample/src/Src/ecatappl.o
 .debug_macro   0x00002e75       0x12 ./src/sample/src/Src/ecatappl.o
 .debug_macro   0x00002e87       0x10 ./src/sample/src/Src/ecatappl.o
 .debug_macro   0x00002e97       0x12 ./src/sample/src/Src/ecatappl.o
 .debug_macro   0x00002ea9       0x12 ./src/sample/src/Src/ecatappl.o
 .debug_macro   0x00002ebb       0x10 ./src/sample/src/Src/ecatappl.o
 .debug_macro   0x00002ecb      0x16c ./src/sample/src/Src/ecatcoe.o
 .debug_macro   0x00003037       0x10 ./src/sample/src/Src/ecatcoe.o
 .debug_macro   0x00003047      0x1c9 ./src/sample/src/Src/ecatslv.o
 .debug_macro   0x00003210      0x4ad ./src/sample/src/Src/ecatslv.o
 .debug_macro   0x000036bd      0x195 ./src/sample/src/Src/mailbox.o
 .debug_macro   0x00003852       0xde ./src/sample/src/Src/mailbox.o
 .debug_macro   0x00003930      0x1b8 ./src/sample/src/Src/objdef.o
 .debug_macro   0x00003ae8       0x12 ./src/sample/src/Src/objdef.o
 .debug_macro   0x00003afa      0x1d4 ./src/sample/src/Src/renesashw.o
 .debug_macro   0x00003cce       0x87 ./src/sample/src/Src/renesashw.o
 .debug_macro   0x00003d55       0x51 ./src/sample/src/Src/renesashw.o
 .debug_macro   0x00003da6       0xef ./src/sample/src/Src/renesashw.o
 .debug_macro   0x00003e95       0x6a ./src/sample/src/Src/renesashw.o
 .debug_macro   0x00003eff      0x1df ./src/sample/src/Src/renesashw.o
 .debug_macro   0x000040de       0x22 ./src/sample/src/Src/renesashw.o
 .debug_macro   0x00004100      0x3a2 ./src/sample/src/Src/renesashw.o
 .debug_macro   0x000044a2       0x16 ./src/sample/src/Src/renesashw.o
 .debug_macro   0x000044b8      0x87c ./src/sample/src/Src/renesashw.o
 .debug_macro   0x00004d34       0x58 ./src/sample/src/Src/renesashw.o
 .debug_macro   0x00004d8c       0xec ./src/sample/src/Src/renesashw.o
 .debug_macro   0x00004e78       0x16 ./src/sample/src/Src/renesashw.o
 .debug_macro   0x00004e8e      0x17c ./src/sample/src/Src/sdoserv.o
 .debug_macro   0x0000500a      0x4b4 ./src/sample/src/Src/sdoserv.o
 .debug_macro   0x000054be       0x58 ./src/sample/src/Src/uart.o
 .debug_macro   0x00005516       0x10 ./src/sample/src/Src/uart.o
 .debug_macro   0x00005526      0x622 ./src/sample/src/Src/uart.o
 .debug_macro   0x00005b48      0x14a ./src/sample/src/Src/uart.o
 .debug_macro   0x00005c92       0x6c ./src/sample/board_RenesasEva.o
 .debug_macro   0x00005cfe      0x282 ./src/sample/main.o
 .debug_macro   0x00005f80       0x5e ./src/sample/main.o
 .debug_macro   0x00005fde      0x15a ./src/sample/main.o
 .debug_macro   0x00006138       0x1c ./src/sample/main.o
 .debug_macro   0x00006154       0x52 ./src/sample/main.o
 .debug_macro   0x000061a6       0x10 ./src/sample/main.o
 .debug_macro   0x000061b6       0x16 ./src/sample/main.o
 .debug_macro   0x000061cc      0x174 ./src/sample/main.o
 .debug_macro   0x00006340       0x10 ./src/sample/main.o
 .debug_macro   0x00006350       0x10 ./src/sample/main.o
 .debug_macro   0x00006360       0x10 ./src/sample/main.o
 .debug_macro   0x00006370      0x5c8 ./src/sample/main.o
 .debug_macro   0x00006938      0x197 ./src/drv/ether/r_ether.o
 .debug_macro   0x00006acf       0xaf ./src/drv/cmt/cmt_userdef.o
 .debug_macro   0x00006b7e       0x91 ./src/drv/cmt/r_cmt.o
 .debug_macro   0x00006c0f       0xf7 ./src/drv/heapend.o
 .debug_macro   0x00006d06       0xd0 ./src/drv/r_ecm.o
 .debug_macro   0x00006dd6       0xa3 ./src/drv/r_icu_init.o
 .debug_macro   0x00006e79       0xa6 ./src/drv/r_reset2.o
 .debug_macro   0x00006f1f       0xf6 ./src/common/sflash_boot/bus_init_serial_boot.o
 .debug_macro   0x00007015      0x15a ./src/common/sflash_boot/bus_init_serial_boot.o
 .debug_macro   0x0000716f      0x298 ./src/common/sflash_boot/bus_init_serial_boot.o
 .debug_macro   0x00007407      0x209 ./src/common/sflash_boot/bus_init_serial_boot.o
 .debug_macro   0x00007610      0x1e0 ./src/common/sflash_boot/bus_init_serial_boot.o
 .debug_macro   0x000077f0       0xa6 ./src/common/sflash_boot/bus_init_serial_boot.o
 .debug_macro   0x00007896       0x1c ./src/common/sflash_boot/bus_init_serial_boot.o
 .debug_macro   0x000078b2       0x17 ./src/common/sflash_boot/loader_param.o
 .debug_macro   0x000078c9       0xb9 ./src/common/sflash_boot/spibsc_flash_api.o
 .debug_macro   0x00007982       0xbd ./src/common/sflash_boot/spibsc_flash_userdef.o
 .debug_macro   0x00007a3f       0xaf ./src/common/sflash_boot/spibsc_ioset_api.o
 .debug_macro   0x00007aee       0xb9 ./src/common/sflash_boot/spibsc_ioset_drv.o
 .debug_macro   0x00007ba7       0xbf ./src/common/sflash_boot/spibsc_ioset_userdef.o
 .debug_macro   0x00007c66       0x11 ./src/common/exit.o
 .debug_macro   0x00007c77       0xc7 ./src/common/loader_init2.o
 .debug_macro   0x00007d3e       0x70 ./src/common/loader_init2.o
 .debug_macro   0x00007dae       0x1c ./src/common/loader_init2.o
 .debug_macro   0x00007dca       0xa6 ./src/common/r_atcm_init.o
 .debug_macro   0x00007e70       0xdc ./src/common/r_cpg.o
 .debug_macro   0x00007f4c       0xac ./src/common/r_mpc.o
 .debug_macro   0x00007ff8       0xa6 ./src/common/r_reset.o

.debug_line     0x00000000     0x96a7
 .debug_line    0x00000000      0x5a5 ./src/sample/src/Src/CiA402Example.o
 .debug_line    0x000005a5      0x559 ./src/sample/src/Src/coeappl.o
 .debug_line    0x00000afe      0x670 ./src/sample/src/Src/ecatappl.o
 .debug_line    0x0000116e      0x3b0 ./src/sample/src/Src/ecatcoe.o
 .debug_line    0x0000151e      0xa73 ./src/sample/src/Src/ecatslv.o
 .debug_line    0x00001f91      0x596 ./src/sample/src/Src/mailbox.o
 .debug_line    0x00002527      0x810 ./src/sample/src/Src/objdef.o
 .debug_line    0x00002d37      0x51a ./src/sample/src/Src/renesashw.o
 .debug_line    0x00003251      0x655 ./src/sample/src/Src/sdoserv.o
 .debug_line    0x000038a6      0x4b9 ./src/sample/src/Src/uart.o
 .debug_line    0x00003d5f      0x3c0 ./src/sample/board_RenesasEva.o
 .debug_line    0x0000411f      0x694 ./src/sample/main.o
 .debug_line    0x000047b3      0x618 ./src/drv/ether/r_ether.o
 .debug_line    0x00004dcb      0x487 ./src/drv/cmt/cmt_userdef.o
 .debug_line    0x00005252      0x3b4 ./src/drv/cmt/r_cmt.o
 .debug_line    0x00005606      0x311 ./src/drv/heapend.o
 .debug_line    0x00005917      0x413 ./src/drv/r_ecm.o
 .debug_line    0x00005d2a      0x405 ./src/drv/r_icu_init.o
 .debug_line    0x0000612f      0x39b ./src/drv/r_reset2.o
 .debug_line    0x000064ca      0x54b ./src/common/sflash_boot/bus_init_serial_boot.o
 .debug_line    0x00006a15       0xd7 ./src/common/sflash_boot/loader_param.o
 .debug_line    0x00006aec      0x40e ./src/common/sflash_boot/spibsc_flash_api.o
 .debug_line    0x00006efa      0x497 ./src/common/sflash_boot/spibsc_flash_userdef.o
 .debug_line    0x00007391      0x43f ./src/common/sflash_boot/spibsc_ioset_api.o
 .debug_line    0x000077d0      0x4f8 ./src/common/sflash_boot/spibsc_ioset_drv.o
 .debug_line    0x00007cc8      0x3e2 ./src/common/sflash_boot/spibsc_ioset_userdef.o
 .debug_line    0x000080aa       0xd8 ./src/common/exit.o
 .debug_line    0x00008182      0x1bc ./src/common/loader_init.o
 .debug_line    0x0000833e      0x40b ./src/common/loader_init2.o
 .debug_line    0x00008749      0x394 ./src/common/r_atcm_init.o
 .debug_line    0x00008add      0x3ce ./src/common/r_cpg.o
 .debug_line    0x00008eab      0x38d ./src/common/r_mpc.o
 .debug_line    0x00009238      0x38f ./src/common/r_reset.o
 .debug_line    0x000095c7       0xe0 ./src/common/vector.o

.debug_str      0x00000000    0x20afb
 .debug_str     0x00000000     0xc206 ./src/sample/src/Src/CiA402Example.o
                               0xc486 (size before relaxing)
 .debug_str     0x0000c206      0x82f ./src/sample/src/Src/coeappl.o
                               0xc9fe (size before relaxing)
 .debug_str     0x0000ca35      0x345 ./src/sample/src/Src/ecatappl.o
                               0xc4c6 (size before relaxing)
 .debug_str     0x0000cd7a      0x1c0 ./src/sample/src/Src/ecatcoe.o
                               0x897d (size before relaxing)
 .debug_str     0x0000cf3a      0x38a ./src/sample/src/Src/ecatslv.o
                               0xc504 (size before relaxing)
 .debug_str     0x0000d2c4      0x1f9 ./src/sample/src/Src/mailbox.o
                               0xb35f (size before relaxing)
 .debug_str     0x0000d4bd      0x2cf ./src/sample/src/Src/objdef.o
                               0xbe95 (size before relaxing)
 .debug_str     0x0000d78c     0x4426 ./src/sample/src/Src/renesashw.o
                               0xdb73 (size before relaxing)
 .debug_str     0x00011bb2      0x366 ./src/sample/src/Src/sdoserv.o
                               0xbfd2 (size before relaxing)
 .debug_str     0x00011f18     0x7c25 ./src/sample/src/Src/uart.o
                               0xc649 (size before relaxing)
 .debug_str     0x00019b3d      0x130 ./src/sample/board_RenesasEva.o
                               0x5701 (size before relaxing)
 .debug_str     0x00019c6d      0x9ba ./src/sample/main.o
                              0x167cd (size before relaxing)
 .debug_str     0x0001a627     0x210c ./src/drv/ether/r_ether.o
                              0x128cc (size before relaxing)
 .debug_str     0x0001c733      0x18e ./src/drv/cmt/cmt_userdef.o
                               0xc58a (size before relaxing)
 .debug_str     0x0001c8c1       0xee ./src/drv/cmt/r_cmt.o
                               0x528f (size before relaxing)
 .debug_str     0x0001c9af       0xdb ./src/drv/heapend.o
                               0x59f1 (size before relaxing)
 .debug_str     0x0001ca8a      0x75f ./src/drv/r_ecm.o
                               0xce7a (size before relaxing)
 .debug_str     0x0001d1e9      0x3ee ./src/drv/r_icu_init.o
                               0xc6d0 (size before relaxing)
 .debug_str     0x0001d5d7      0x106 ./src/drv/r_reset2.o
                               0x5db0 (size before relaxing)
 .debug_str     0x0001d6dd     0x23e4 ./src/common/sflash_boot/bus_init_serial_boot.o
                               0x8d79 (size before relaxing)
 .debug_str     0x0001fac1       0xce ./src/common/sflash_boot/loader_param.o