Archive member included to satisfy reference by file (symbol)

C:\\Users\\josch\\OneDrive\\Studium\\Semester\\6. Semester\\Fachpraktikum\\EtherCAT_CiA402\\1_Workspace\\workspace_selfmade_ssc\\1_V2.x\\EtherCAT_SSC_CiA402\\project\\sflash\\RZ_T_sflash\\HardwareDebug\libRZ_T_sflash_sample.a(_memcpy.o)
                              ./src/sample/src/Src/CiA402Example.o (memcpy)
C:\\Users\\josch\\OneDrive\\Studium\\Semester\\6. Semester\\Fachpraktikum\\EtherCAT_CiA402\\1_Workspace\\workspace_selfmade_ssc\\1_V2.x\\EtherCAT_SSC_CiA402\\project\\sflash\\RZ_T_sflash\\HardwareDebug\libRZ_T_sflash_sample.a(_memset.o)
                              ./src/sample/src/Src/mailbox.o (memset)
C:\\Users\\josch\\OneDrive\\Studium\\Semester\\6. Semester\\Fachpraktikum\\EtherCAT_CiA402\\1_Workspace\\workspace_selfmade_ssc\\1_V2.x\\EtherCAT_SSC_CiA402\\project\\sflash\\RZ_T_sflash\\HardwareDebug\libRZ_T_sflash_sample.a(_strlen.o)
                              ./src/sample/src/Src/objdef.o (strlen)
C:\\Users\\josch\\OneDrive\\Studium\\Semester\\6. Semester\\Fachpraktikum\\EtherCAT_CiA402\\1_Workspace\\workspace_selfmade_ssc\\1_V2.x\\EtherCAT_SSC_CiA402\\project\\sflash\\RZ_T_sflash\\HardwareDebug\libRZ_T_sflash_sample.a(newfree.o)
                              ./src/sample/src/Src/coeappl.o (free)
C:\\Users\\josch\\OneDrive\\Studium\\Semester\\6. Semester\\Fachpraktikum\\EtherCAT_CiA402\\1_Workspace\\workspace_selfmade_ssc\\1_V2.x\\EtherCAT_SSC_CiA402\\project\\sflash\\RZ_T_sflash\\HardwareDebug\libRZ_T_sflash_sample.a(newmalloc.o)
                              ./src/sample/src/Src/ecatcoe.o (malloc)
c:/program files (x86)/gnu tools arm embedded/6 2017-q2-update/bin/../lib/gcc/arm-none-eabi/6.3.1\libgcc.a(_udivsi3.o)
                              ./src/sample/src/Src/ecatslv.o (__aeabi_uidiv)
c:/program files (x86)/gnu tools arm embedded/6 2017-q2-update/bin/../lib/gcc/arm-none-eabi/6.3.1\libgcc.a(_divsi3.o)
                              ./src/sample/src/Src/sdoserv.o (__aeabi_idiv)
c:/program files (x86)/gnu tools arm embedded/6 2017-q2-update/bin/../lib/gcc/arm-none-eabi/6.3.1\libgcc.a(_dvmd_tls.o)
                              c:/program files (x86)/gnu tools arm embedded/6 2017-q2-update/bin/../lib/gcc/arm-none-eabi/6.3.1\libgcc.a(_udivsi3.o) (__aeabi_idiv0)

Allocating common symbols
Common symbol       size              file

b3BufferMode        0x1               ./src/sample/src/Src/ecatslv.o
nEcatStateTrans     0x2               ./src/sample/src/Src/ecatslv.o
bApplEsmPending     0x1               ./src/sample/src/Src/ecatslv.o
pCoeSendStored      0x4               ./src/sample/src/Src/ecatcoe.o
nSdoInfoIndex       0x2               ./src/sample/src/Src/sdoserv.o
pStoreData          0x4               ./src/sample/src/Src/sdoserv.o
u8MbxReadCounter    0x1               ./src/sample/src/Src/mailbox.o
nAlStatus           0x1               ./src/sample/src/Src/ecatslv.o
nPdOutputSize       0x2               ./src/sample/src/Src/ecatslv.o
u16LocalErrorCode   0x2               ./src/sample/src/Src/ecatslv.o
nSdoSegBytesToHandle
                    0x4               ./src/sample/src/Src/sdoserv.o
sMbxSendQueue       0x34              ./src/sample/src/Src/mailbox.o
sMbxReceiveQueue    0x34              ./src/sample/src/Src/mailbox.o
bNoMbxMemoryAvailable
                    0x1               ./src/sample/src/Src/mailbox.o
Sync0WdCounter      0x2               ./src/sample/src/Src/ecatslv.o
bMinCycleTimeMeasurementStarted
                    0x1               ./src/sample/src/Src/ecatappl.o
bLocalErrorFlag     0x1               ./src/sample/src/Src/ecatslv.o
bSendMbxIsFull      0x1               ./src/sample/src/Src/mailbox.o
u32CycleTimeStartValue
                    0x4               ./src/sample/src/Src/ecatappl.o
LatchInputSync0Counter
                    0x2               ./src/sample/src/Src/ecatslv.o
i16WaitForPllRunningCnt
                    0x2               ./src/sample/src/Src/ecatslv.o
nEscAddrOutputData  0x2               ./src/sample/src/Src/ecatslv.o
bMbxRunning         0x1               ./src/sample/src/Src/mailbox.o
Sync0WdValue        0x2               ./src/sample/src/Src/ecatslv.o
u8EcatRunLed        0x1               ./src/sample/src/Src/ecatslv.o
i16WaitForPllRunningTimeout
                    0x2               ./src/sample/src/Src/ecatslv.o
bSdoSegAccess       0x1               ./src/sample/src/Src/sdoserv.o
Sync1WdValue        0x2               ./src/sample/src/Src/ecatslv.o
bSdoSegFollows      0x1               ./src/sample/src/Src/sdoserv.o
nSdoSegCompleteSize
                    0x4               ./src/sample/src/Src/sdoserv.o
u8dummy             0x1               ./src/sample/src/Src/ecatslv.o
u16ALEventMask      0x2               ./src/sample/src/Src/ecatslv.o
pSdoPendFunc        0x4               ./src/sample/src/Src/sdoserv.o
bDcRunning          0x1               ./src/sample/src/Src/ecatslv.o
bRunApplication     0x1               ./src/sample/src/Src/ecatappl.o
u16EscAddrReceiveMbx
[...]
Memory Configuration

Name             Origin             Length             Attributes
ATCM             0x00000000         0x00080000
BTCM             0x00800000         0x00008000
INST_RAM         0x04000000         0x00080000
SPIBSC           0x10000000         0x04000000
DATA_RAM         0x20000000         0x00080000
DATA_RAM_MIRROR  0x22000000         0x00080000
INST_RAM_MIRROR  0x24000000         0x00080000
SPIBSC_MIRROR    0x30000000         0x04000000
CSx_MIRROR       0x40000000         0x18000000
CSx              0x60000000         0x18000000
*default*        0x00000000         0xffffffff

Linker script and memory map

LOAD ./src/sample/src/Src/CiA402Example.o
LOAD ./src/sample/src/Src/coeappl.o
LOAD ./src/sample/src/Src/ecatappl.o
LOAD ./src/sample/src/Src/ecatcoe.o
LOAD ./src/sample/src/Src/ecatslv.o
LOAD ./src/sample/src/Src/mailbox.o
LOAD ./src/sample/src/Src/objdef.o
LOAD ./src/sample/src/Src/renesashw.o
LOAD ./src/sample/src/Src/sdoserv.o
LOAD ./src/sample/src/Src/uart.o
LOAD ./src/sample/board_RenesasEva.o
LOAD ./src/sample/main.o
LOAD ./src/sample/nestintr_wrap.o
LOAD ./src/drv/ether/r_ether.o
LOAD ./src/drv/cmt/cmt_userdef.o
LOAD ./src/drv/cmt/r_cmt.o
LOAD ./src/drv/heapend.o
LOAD ./src/drv/r_ecm.o
LOAD ./src/drv/r_icu_init.o
LOAD ./src/drv/r_mpc2.o
LOAD ./src/drv/r_ram_init.o
LOAD ./src/drv/r_reset2.o
LOAD ./src/common/sflash_boot/bus_init_serial_boot.o
LOAD ./src/common/sflash_boot/loader_param.o
LOAD ./src/common/sflash_boot/spibsc_flash_api.o
LOAD ./src/common/sflash_boot/spibsc_flash_userdef.o
LOAD ./src/common/sflash_boot/spibsc_ioset_api.o
LOAD ./src/common/sflash_boot/spibsc_ioset_drv.o
LOAD ./src/common/sflash_boot/spibsc_ioset_userdef.o
LOAD ./src/common/exit.o
LOAD ./src/common/loader_init.o
LOAD ./src/common/loader_init2.o
LOAD ./src/common/r_atcm_init.o
LOAD ./src/common/r_cpg.o
LOAD ./src/common/r_mpc.o
LOAD ./src/common/r_reset.o
LOAD ./src/common/vector.o
START GROUP
LOAD C:\\Users\\josch\\OneDrive\\Studium\\Semester\\6. Semester\\Fachpraktikum\\EtherCAT_CiA402\\1_Workspace\\workspace_selfmade_ssc\\1_V2.x\\EtherCAT_SSC_CiA402\\project\\sflash\\RZ_T_sflash\\HardwareDebug\libRZ_T_sflash_sample.a
LOAD c:/program files (x86)/gnu tools arm embedded/6 2017-q2-update/bin/../lib/gcc/arm-none-eabi/6.3.1\libgcc.a
LOAD c:/program files (x86)/gnu tools arm embedded/6 2017-q2-update/bin/../lib/gcc/arm-none-eabi/6.3.1\libgcc.a
END GROUP
START GROUP
LOAD c:/program files (x86)/gnu tools arm embedded/6 2017-q2-update/bin/../lib/gcc/arm-none-eabi/6.3.1\libgcc.a
LOAD c:/program files (x86)/gnu tools arm embedded/6 2017-q2-update/bin/../lib/gcc/arm-none-eabi/6.3.1/../../../../arm-none-eabi/lib\libg.a
LOAD c:/program files (x86)/gnu tools arm embedded/6 2017-q2-update/bin/../lib/gcc/arm-none-eabi/6.3.1/../../../../arm-none-eabi/lib\libc.a
END GROUP
START GROUP
LOAD c:/program files (x86)/gnu tools arm embedded/6 2017-q2-update/bin/../lib/gcc/arm-none-eabi/6.3.1\libgcc.a
LOAD c:/program files (x86)/gnu tools arm embedded/6 2017-q2-update/bin/../lib/gcc/arm-none-eabi/6.3.1/../../../../arm-none-eabi/lib\libc.a
LOAD c:/program files (x86)/gnu tools arm embedded/6 2017-q2-update/bin/../lib/gcc/arm-none-eabi/6.3.1/../../../../arm-none-eabi/lib\librdimon.a
END GROUP

.loader_param   0x30000000       0x4c
 *(.loader_param)
 .loader_param  0x30000000       0x4c ./src/common/sflash_boot/loader_param.o
                0x30000000                Loader_Param

.flash_contents
                0x3000004c    0x13db4
                0x3000004c                _mloader_text = .
                0x3000424c                . = (. + (_loader_text_end - _loader_text_start))
 *fill*         0x3000004c     0x4200 
                0x3000424c                _mfvector = .
                0x30004278                . = (. + (_fvector_end - _fvector_start))
 *fill*         0x3000424c       0x2c 
                0x30004278                _mtext = .
                0x300135e4                . = (. + (_text_end - _text_start))
 *fill*         0x30004278     0xf36c 
                0x300135e4                _mdata = .
                0x30013e00                . = (. + (_data_end - _data_start))
 *fill*         0x300135e4      0x81c 
                0x30013e00                flash_contents_end = .

.loader_text    0x00802000      0x308 load address 0x3000004c
                0x00802000                _loader_text_start = .
 *(.loader_text)
 .loader_text   0x00802000      0x308 ./src/common/loader_init.o
                0x00802000                loader_init1
                0x00802000                _PowerON_Reset
                0x008020a8                copy_to_atcm
                0x00802134                cache_init
                0x00802278                mpu_init
                0x0080229c                set_low_vec

.loader_text2   0x00802308     0x3d40 load address 0x30000354
 *(.loader_text2)
 .loader_text2  0x00802308     0x1708 ./src/common/sflash_boot/bus_init_serial_boot.o
                0x00802308                bus_init
                0x00802320                bsc_init
                0x00802840                spibsc_init
                0x0080293c                set_bus_port_serial_boot
 .loader_text2  0x00803a10      0x1fc ./src/common/sflash_boot/spibsc_flash_api.o
                0x00803a10                sflash_erase_sector
                0x00803abc                sflash_byte_program
                0x00803bb4                sflash_spibsc_transfer
                0x00803bdc                sflash_ctrl_protect
 .loader_text2  0x00803c0c      0x84c ./src/common/sflash_boot/spibsc_flash_userdef.o
                0x00803c0c                Userdef_SFLASH_Set_Mode
                0x00803c40                Userdef_SFLASH_Write_Enable
                0x00803c64                Userdef_SFLASH_Busy_Wait
                0x00803cb0                Userdef_SFLASH_Ctrl_Protect
 .loader_text2  0x00804458      0x2d4 ./src/common/sflash_boot/spibsc_ioset_api.o
                0x00804514                sflash_exmode
                0x00804538                sflash_spimode
                0x0080455c                sflash_spibsc_stop
                0x00804580                sflash_spimode_init
                0x008045e4                sflash_exmode_init
                0x0080462c                sflash_exmode_setting
                0x008046e4                sflash_wait_tend
                0x008046f8                sflash_set_config
 .loader_text2  0x0080472c     0x1208 ./src/common/sflash_boot/spibsc_ioset_drv.o
                0x0080494c                spibsc_bsz_set
                0x008049b4                spibsc_common_init
                0x00804bc4                spibsc_wait_tend
                0x00804bfc                spibsc_dr_init
                0x00804f04                spibsc_exmode
                0x00804f60                spibsc_spimode
                0x00804fbc                spibsc_stop
                0x00805010                spibsc_transfer
                0x008054e0                spibsc_transfer_erase
                0x00805648                spibsc_transfer_program_1
                0x008057a8                spibsc_transfer_program_2
 .loader_text2  0x00805934       0xf8 ./src/common/sflash_boot/spibsc_ioset_userdef.o
                0x00805934                Userdef_SPIBSC_Set_Config
 .loader_text2  0x00805a2c      0x268 ./src/common/loader_init2.o
                0x00805a2c                loader_init2
                0x00805a6c                reset_check
                0x00805be0                cpg_init
 .loader_text2  0x00805c94       0x70 ./src/common/r_atcm_init.o
                0x00805c94                atcm_waitset
 .loader_text2  0x00805d04      0x228 ./src/common/r_cpg.o
                0x00805d04                cpg_write_enable
                0x00805d40                cpg_write_disable
                0x00805d7c                cpg_pll_wait
 .loader_text2  0x00805f2c       0xa4 ./src/common/r_mpc.o
                0x00805f2c                mpc_write_enable
                0x00805f90                mpc_write_disable
 .loader_text2  0x00805fd0       0x78 ./src/common/r_reset.o
                0x00805fd0                rst_write_enable
                0x0080600c                rst_write_disable

.loader_data    0x00806048      0x1b8 load address 0x30004094
 ./src/common/*.o(.data)
                0x00806048                __loader_bss_start = .
 ./src/common/*.o(.bss)
 ./src/common/*.o(COMMON)
 COMMON         0x00806048       0x40 ./src/common/sflash_boot/bus_init_serial_boot.o
                0x00806048                g_spibsc_cfg
 COMMON         0x00806088       0x70 ./src/common/sflash_boot/spibsc_flash_api.o
                0x00806088                g_spibsc_spimd_reg
                0x008060f8                __loader_bss_end = .
                0x00806200                . = (. + (0x200 - ((. - _loader_text_start) % 0x200)))
 *fill*         0x008060f8      0x108 
                0x00806200                _loader_text_end = .

.fvectors       0x00000000       0x2c load address 0x3000424c
                0x00000000                _fvector_start = .
 *(.fvectors)
 .fvectors      0x00000000       0x2c ./src/common/vector.o
                0x0000002c                _fvector_end = .

.text           0x00000030     0xe8a8 load address 0x30004278
                0x00000030                _text_start = .
 *(.text)
 .text          0x00000030      0x114 c:/program files (x86)/gnu tools arm embedded/6 2017-q2-update/bin/../lib/gcc/arm-none-eabi/6.3.1\libgcc.a(_udivsi3.o)
                0x00000030                __aeabi_uidiv
                0x00000030                __udivsi3
                0x00000124                __aeabi_uidivmod
 .text          0x00000144      0x148 c:/program files (x86)/gnu tools arm embedded/6 2017-q2-update/bin/../lib/gcc/arm-none-eabi/6.3.1\libgcc.a(_divsi3.o)
                0x00000144                __divsi3
                0x00000144                __aeabi_idiv
                0x0000026c                __aeabi_idivmod
 .text          0x0000028c        0x4 c:/program files (x86)/gnu tools arm embedded/6 2017-q2-update/bin/../lib/gcc/arm-none-eabi/6.3.1\libgcc.a(_dvmd_tls.o)
                0x0000028c                __aeabi_idiv0
                0x0000028c                __aeabi_ldiv0
 *(.text.*)
 .text.APPL_AckErrorInd
                0x00000290       0x24 ./src/sample/src/Src/CiA402Example.o
                0x00000290                APPL_AckErrorInd
 .text.APPL_StartMailboxHandler
                0x000002b4       0x1c ./src/sample/src/Src/CiA402Example.o
                0x000002b4                APPL_StartMailboxHandler
 .text.APPL_StopMailboxHandler
                0x000002d0       0x1c ./src/sample/src/Src/CiA402Example.o
                0x000002d0                APPL_StopMailboxHandler
 .text.APPL_StartInputHandler
                0x000002ec       0x24 ./src/sample/src/Src/CiA402Example.o
                0x000002ec                APPL_StartInputHandler
 .text.APPL_StopInputHandler
                0x00000310       0x1c ./src/sample/src/Src/CiA402Example.o
                0x00000310                APPL_StopInputHandler
 .text.APPL_StartOutputHandler
                0x0000032c       0x1c ./src/sample/src/Src/CiA402Example.o
                0x0000032c                APPL_StartOutputHandler
 .text.APPL_StopOutputHandler
                0x00000348       0x1c ./src/sample/src/Src/CiA402Example.o
                0x00000348                APPL_StopOutputHandler
 .text.APPL_GenerateMapping
                0x00000364      0x2d8 ./src/sample/src/Src/CiA402Example.o
                0x00000364                APPL_GenerateMapping
 .text.APPL_InputMapping
                0x0000063c      0x104 ./src/sample/src/Src/CiA402Example.o
                0x0000063c                APPL_InputMapping
 .text.APPL_OutputMapping
                0x00000740      0x10c ./src/sample/src/Src/CiA402Example.o
                0x00000740                APPL_OutputMapping
 .text.APPL_Application
                0x0000084c      0x17c ./src/sample/src/Src/CiA402Example.o
                0x0000084c                APPL_Application
 .text.ModeRead
                0x000009c8       0xc4 ./src/sample/src/Src/CiA402Example.o
                0x000009c8                ModeRead
 .text.ModeWrite
                0x00000a8c       0xc4 ./src/sample/src/Src/CiA402Example.o
                0x00000a8c                ModeWrite
 .text.Read0x10F8
                0x00000b50       0x9c ./src/sample/src/Src/coeappl.o
                0x00000b50                Read0x10F8
 .text.COE_SyncTimeStamp
                0x00000bec      0x110 ./src/sample/src/Src/coeappl.o
                0x00000bec                COE_SyncTimeStamp
 .text.COE_GetObjectDictionary
                0x00000cfc       0x24 ./src/sample/src/Src/coeappl.o
                0x00000cfc                COE_GetObjectDictionary
 .text.COE_UpdateSyncErrorStatus
                0x00000d20       0xc8 ./src/sample/src/Src/coeappl.o
                0x00000d20                COE_UpdateSyncErrorStatus
 .text.COE_ObjInit
                0x00000de8      0x2b8 ./src/sample/src/Src/coeappl.o
                0x00000de8                COE_ObjInit
 .text.COE_AddObjectToDic
                0x000010a0      0x1e0 ./src/sample/src/Src/coeappl.o
                0x000010a0                COE_AddObjectToDic
 .text.COE_RemoveDicEntry
                0x00001280       0xfc ./src/sample/src/Src/coeappl.o
                0x00001280                COE_RemoveDicEntry
 .text.COE_ClearObjDictionary
                0x0000137c       0x74 ./src/sample/src/Src/coeappl.o
                0x0000137c                COE_ClearObjDictionary
 .text.AddObjectsToObjDictionary
                0x000013f0       0x78 ./src/sample/src/Src/coeappl.o
                0x000013f0                AddObjectsToObjDictionary
 .text.COE_ObjDictionaryInit
                0x00001468       0x70 ./src/sample/src/Src/coeappl.o
                0x00001468                COE_ObjDictionaryInit
 .text.COE_Main
                0x000014d8      0x1b0 ./src/sample/src/Src/coeappl.o
                0x000014d8                COE_Main
 .text.PDO_InputMapping
                0x00001688      0x11c ./src/sample/src/Src/ecatappl.o
                0x00001688                PDO_InputMapping
 .text.PDO_OutputMapping
                0x000017a4      0x138 ./src/sample/src/Src/ecatappl.o
                0x000017a4                PDO_OutputMapping
 *fill*         0x000018dc        0x4 
 .text.ECAT_CheckTimer
                0x000018e0      0x128 ./src/sample/src/Src/ecatappl.o
                0x000018e0                ECAT_CheckTimer
 .text.HandleCycleTimeMeasurement
                0x00001a08      0x10c ./src/sample/src/Src/ecatappl.o
                0x00001a08                HandleCycleTimeMeasurement
 .text.GetSystemTimeDelay
                0x00001b14       0xd4 ./src/sample/src/Src/ecatappl.o
                0x00001b14                GetSystemTimeDelay
 .text.PDI_Isr  0x00001be8      0x2a0 ./src/sample/src/Src/ecatappl.o
                0x00001be8                PDI_Isr
 .text.Sync0_Isr
                0x00001e88      0x2d8 ./src/sample/src/Src/ecatappl.o
                0x00001e88                Sync0_Isr
 .text.Sync1_Isr
                0x00002160       0x70 ./src/sample/src/Src/ecatappl.o
                0x00002160                Sync1_Isr
 .text.ECAT_SetLedIndication
                0x000021d0      0x610 ./src/sample/src/Src/ecatappl.o
                0x000021d0                ECAT_SetLedIndication
 .text.MainInit
                0x000027e0      0x170 ./src/sample/src/Src/ecatappl.o
                0x000027e0                MainInit
 .text.MainLoop
                0x00002950      0x198 ./src/sample/src/Src/ecatappl.o
                0x00002950                MainLoop
 .text.ECAT_Application
                0x00002ae8       0x5c ./src/sample/src/Src/ecatappl.o
                0x00002ae8                ECAT_Application
 .text.COE_Init
                0x00002b44       0x38 ./src/sample/src/Src/ecatcoe.o
                0x00002b44                COE_Init
 .text.COE_ServiceInd
                0x00002b7c       0xa8 ./src/sample/src/Src/ecatcoe.o
                0x00002b7c                COE_ServiceInd
 .text.COE_ContinueInd
                0x00002c24       0xa0 ./src/sample/src/Src/ecatcoe.o
                0x00002c24                COE_ContinueInd
 .text.ResetALEventMask
                0x00002cc4       0x68 ./src/sample/src/Src/ecatslv.o
                0x00002cc4                ResetALEventMask
 .text.SetALEventMask
                0x00002d2c       0x68 ./src/sample/src/Src/ecatslv.o
                0x00002d2c                SetALEventMask
 .text.UpdateEEPROMLoadedState
                0x00002d94       0x84 ./src/sample/src/Src/ecatslv.o
                0x00002d94                UpdateEEPROMLoadedState
 .text.GetSyncMan
                0x00002e18       0x58 ./src/sample/src/Src/ecatslv.o
                0x00002e18                GetSyncMan
 .text.DisableSyncManChannel
                0x00002e70       0x98 ./src/sample/src/Src/ecatslv.o
                0x00002e70                DisableSyncManChannel
 .text.EnableSyncManChannel
                0x00002f08       0x98 ./src/sample/src/Src/ecatslv.o
                0x00002f08                EnableSyncManChannel
 .text.CheckSmSettings
                0x00002fa0      0x66c ./src/sample/src/Src/ecatslv.o
                0x00002fa0                CheckSmSettings
 .text.StartInputHandler
                0x0000360c      0xea0 ./src/sample/src/Src/ecatslv.o
                0x0000360c                StartInputHandler
 .text.StartOutputHandler
                0x000044ac       0xc0 ./src/sample/src/Src/ecatslv.o
                0x000044ac                StartOutputHandler
 .text.StopOutputHandler
                0x0000456c       0x38 ./src/sample/src/Src/ecatslv.o
                0x0000456c                StopOutputHandler
 .text.StopInputHandler
                0x000045a4      0x1f4 ./src/sample/src/Src/ecatslv.o
                0x000045a4                StopInputHandler
 .text.BackToInitTransition
                0x00004798       0x28 ./src/sample/src/Src/ecatslv.o
                0x00004798                BackToInitTransition
 .text.SetALStatus
                0x000047c0      0x15c ./src/sample/src/Src/ecatslv.o
                0x000047c0                SetALStatus
 .text.AL_ControlInd
                0x0000491c      0xab8 ./src/sample/src/Src/ecatslv.o
                0x0000491c                AL_ControlInd
 .text.AL_ControlRes
                0x000053d4      0x51c ./src/sample/src/Src/ecatslv.o
                0x000053d4                AL_ControlRes
 .text.DC_CheckWatchdog
                0x000058f0      0x248 ./src/sample/src/Src/ecatslv.o
                0x000058f0                DC_CheckWatchdog
 .text.CheckIfEcatError
                0x00005b38      0x110 ./src/sample/src/Src/ecatslv.o
                0x00005b38                CheckIfEcatError
 .text.ECAT_Init
                0x00005c48      0x234 ./src/sample/src/Src/ecatslv.o
                0x00005c48                ECAT_Init
 .text.ECAT_Main
                0x00005e7c      0x2b0 ./src/sample/src/Src/ecatslv.o
                0x00005e7c                ECAT_Main
 .text.PutInMbxQueue
                0x0000612c       0x98 ./src/sample/src/Src/mailbox.o
                0x0000612c                PutInMbxQueue
 .text.GetOutOfMbxQueue
                0x000061c4       0xa4 ./src/sample/src/Src/mailbox.o
                0x000061c4                GetOutOfMbxQueue
 .text.MBX_Init
                0x00006268      0x1b0 ./src/sample/src/Src/mailbox.o
                0x00006268                MBX_Init
 .text.MBX_StartMailboxHandler
                0x00006418      0x1f0 ./src/sample/src/Src/mailbox.o
                0x00006418                MBX_StartMailboxHandler
 .text.MBX_StopMailboxHandler
                0x00006608      0x258 ./src/sample/src/Src/mailbox.o
                0x00006608                MBX_StopMailboxHandler
 .text.MailboxServiceInd
                0x00006860       0x54 ./src/sample/src/Src/mailbox.o
                0x00006860                MailboxServiceInd
 .text.MBX_MailboxWriteInd
                0x000068b4      0x154 ./src/sample/src/Src/mailbox.o
                0x000068b4                MBX_MailboxWriteInd
 .text.MBX_MailboxReadInd
                0x00006a08      0x188 ./src/sample/src/Src/mailbox.o
                0x00006a08                MBX_MailboxReadInd
 .text.MBX_MailboxRepeatReq
                0x00006b90       0xe0 ./src/sample/src/Src/mailbox.o
                0x00006b90                MBX_MailboxRepeatReq
 .text.MBX_MailboxSendReq
                0x00006c70      0x194 ./src/sample/src/Src/mailbox.o
                0x00006c70                MBX_MailboxSendReq
 .text.MBX_CheckAndCopyMailbox
                0x00006e04      0x270 ./src/sample/src/Src/mailbox.o
                0x00006e04                MBX_CheckAndCopyMailbox
 .text.MBX_CopyToSendMailbox
                0x00007074      0x180 ./src/sample/src/Src/mailbox.o
                0x00007074                MBX_CopyToSendMailbox
 .text.MBX_Main
                0x000071f4       0xd0 ./src/sample/src/Src/mailbox.o
                0x000071f4                MBX_Main
 .text.OBJ_GetObjectHandle
                0x000072c4       0x64 ./src/sample/src/Src/objdef.o
                0x000072c4                OBJ_GetObjectHandle
 .text.OBJ_GetObjectLength
                0x00007328      0x220 ./src/sample/src/Src/objdef.o
                0x00007328                OBJ_GetObjectLength
 .text.OBJ_CopyNumberToString
                0x00007548      0x120 ./src/sample/src/Src/objdef.o
                0x00007548                OBJ_CopyNumberToString
 .text.OBJ_GetNoOfObjects
                0x00007668      0x118 ./src/sample/src/Src/objdef.o
                0x00007668                OBJ_GetNoOfObjects
 .text.OBJ_GetObjectList
                0x00007780      0x1c8 ./src/sample/src/Src/objdef.o
                0x00007780                OBJ_GetObjectList
 .text.OBJ_GetDesc
                0x00007948      0x1f8 ./src/sample/src/Src/objdef.o
                0x00007948                OBJ_GetDesc
 .text.OBJ_GetEntryDesc
                0x00007b40       0xa4 ./src/sample/src/Src/objdef.o
                0x00007b40                OBJ_GetEntryDesc
 .text.OBJ_GetObjDesc
                0x00007be4       0x28 ./src/sample/src/Src/objdef.o
                0x00007be4                OBJ_GetObjDesc
 .text.OBJ_GetEntryOffset
                0x00007c0c      0x2a4 ./src/sample/src/Src/objdef.o
                0x00007c0c                OBJ_GetEntryOffset
 .text.CheckSyncTypeValue
                0x00007eb0      0x290 ./src/sample/src/Src/objdef.o
                0x00007eb0                CheckSyncTypeValue
 .text.OBJ_Read
                0x00008140      0xa08 ./src/sample/src/Src/objdef.o
                0x00008140                OBJ_Read
 .text.OBJ_Write
                0x00008b48      0xc44 ./src/sample/src/Src/objdef.o
                0x00008b48                OBJ_Write
 .text.HW_GetTimer
                0x0000978c       0x40 ./src/sample/src/Src/renesashw.o
                0x0000978c                HW_GetTimer
 .text.HW_ClearTimer
                0x000097cc       0x38 ./src/sample/src/Src/renesashw.o
                0x000097cc                HW_ClearTimer
 .text.HW_Init  0x00009804       0xbc ./src/sample/src/Src/renesashw.o
                0x00009804                HW_Init
 .text.HW_Release
                0x000098c0       0x18 ./src/sample/src/Src/renesashw.o
                0x000098c0                HW_Release
 .text.HW_SetLed
                0x000098d8       0xec ./src/sample/src/Src/renesashw.o
                0x000098d8                HW_SetLed
 .text.DISABLE_ESC_INT
                0x000099c4       0x28 ./src/sample/src/Src/renesashw.o
                0x000099c4                DISABLE_ESC_INT
 .text.ENABLE_ESC_INT
                0x000099ec       0x28 ./src/sample/src/Src/renesashw.o
                0x000099ec                ENABLE_ESC_INT
 .text.SdoDownloadSegmentInd
                0x00009a14      0x4dc ./src/sample/src/Src/sdoserv.o
 .text.SdoUploadSegmentInd
                0x00009ef0      0x2bc ./src/sample/src/Src/sdoserv.o
 .text.SdoRes   0x0000a1ac      0x2a0 ./src/sample/src/Src/sdoserv.o
                0x0000a1ac                SdoRes
 .text.SDOS_SdoInd
                0x0000a44c      0x9e8 ./src/sample/src/Src/sdoserv.o
                0x0000a44c                SDOS_SdoInd
 .text.SDOS_SdoRes
                0x0000ae34      0x20c ./src/sample/src/Src/sdoserv.o
                0x0000ae34                SDOS_SdoRes
 .text.SODS_ClearPendingResponse
                0x0000b040      0x174 ./src/sample/src/Src/sdoserv.o
                0x0000b040                SODS_ClearPendingResponse
 .text.SDOS_SdoInfoInd
                0x0000b1b4      0x70c ./src/sample/src/Src/sdoserv.o
                0x0000b1b4                SDOS_SdoInfoInd
 .text.initUartModul
                0x0000b8c0       0x94 ./src/sample/src/Src/uart.o
                0x0000b8c0                initUartModul
 .text.initUartIO
                0x0000b954      0x124 ./src/sample/src/Src/uart.o
                0x0000b954                initUartIO
 .text.createCmt1
                0x0000ba78       0x38 ./src/sample/src/Src/uart.o
                0x0000ba78                createCmt1
 .text.startCmt1
                0x0000bab0       0x2c ./src/sample/src/Src/uart.o
                0x0000bab0                startCmt1
 .text.stopCmt1
                0x0000badc       0x2c ./src/sample/src/Src/uart.o
                0x0000badc                stopCmt1
 .text.creatUartCh1
                0x0000bb08      0x168 ./src/sample/src/Src/uart.o
                0x0000bb08                creatUartCh1
 .text.sendUartCh1
                0x0000bc70       0xfc ./src/sample/src/Src/uart.o
                0x0000bc70                sendUartCh1
 .text.receiveUartCh1
                0x0000bd6c      0x16c ./src/sample/src/Src/uart.o
                0x0000bd6c                receiveUartCh1
 .text.uartHandlerFsm
                0x0000bed8      0x7b8 ./src/sample/src/Src/uart.o
                0x0000bed8                uartHandlerFsm
 .text.board_init
                0x0000c690      0x6ec ./src/sample/board_RenesasEva.o
                0x0000c690                board_init
 .text.main     0x0000cd7c       0xa0 ./src/sample/main.o
                0x0000cd7c                main
 .text.cmt_standby
                0x0000ce1c       0x6c ./src/sample/main.o
 .text.port_init
                0x0000ce88      0x11c ./src/sample/main.o
 .text.ecm_init
                0x0000cfa4       0x14 ./src/sample/main.o
 .text.icu_init
                0x0000cfb8       0x34 ./src/sample/main.o
 .text.EtherCAT_init
                0x0000cfec      0x288 ./src/drv/ether/r_ether.o
                0x0000cfec                EtherCAT_init
 .text.R_ETHER_IRQ_Init
                0x0000d274       0x24 ./src/drv/ether/r_ether.o
                0x0000d274                R_ETHER_IRQ_Init
 .text.ether_irq_init
                0x0000d298       0x9c ./src/drv/ether/r_ether.o
                0x0000d298                ether_irq_init
 .text.ecat_sync0_isr
                0x0000d334       0x44 ./src/drv/ether/r_ether.o
                0x0000d334                ecat_sync0_isr
 .text.ecat_sync1_isr
                0x0000d378       0x44 ./src/drv/ether/r_ether.o
                0x0000d378                ecat_sync1_isr
 .text.ecat_isr
                0x0000d3bc       0x30 ./src/drv/ether/r_ether.o
                0x0000d3bc                ecat_isr
 .text.ether_write_phyreg
                0x0000d3ec      0x180 ./src/drv/ether/r_ether.o
                0x0000d3ec                ether_write_phyreg
 .text.ether_wait_ns
                0x0000d56c       0xa4 ./src/drv/ether/r_ether.o
                0x0000d56c                ether_wait_ns
 .text.userdef_cmt_init
                0x0000d610      0x2ac ./src/drv/cmt/cmt_userdef.o
                0x0000d610                userdef_cmt_init
 .text.userdef_cmt_stop
                0x0000d8bc       0xb8 ./src/drv/cmt/cmt_userdef.o
                0x0000d8bc                userdef_cmt_stop
 .text.userdef_cmt_isr_cmi
                0x0000d974       0x70 ./src/drv/cmt/cmt_userdef.o
                0x0000d974                userdef_cmt_isr_cmi
 .text.cmt0_isr
                0x0000d9e4       0x48 ./src/drv/cmt/cmt_userdef.o
                0x0000d9e4                cmt0_isr
 .text.cmt1_isr
                0x0000da2c       0x48 ./src/drv/cmt/cmt_userdef.o
                0x0000da2c                cmt1_isr
 .text.cmt2_isr
                0x0000da74       0x48 ./src/drv/cmt/cmt_userdef.o
                0x0000da74                cmt2_isr
 .text.cmt3_isr
                0x0000dabc       0x48 ./src/drv/cmt/cmt_userdef.o
                0x0000dabc                cmt3_isr
 .text.R_CMT_Init
                0x0000db04       0x50 ./src/drv/cmt/r_cmt.o
                0x0000db04                R_CMT_Init
 .text._top_of_heap
                0x0000db54       0x20 ./src/drv/heapend.o
                0x0000db54                _top_of_heap
 .text.R_ECM_Init
                0x0000db74      0x1c0 ./src/drv/r_ecm.o
                0x0000db74                R_ECM_Init
 .text.R_ECM_CompareError_Wait
                0x0000dd34      0x1b0 ./src/drv/r_ecm.o
                0x0000dd34                R_ECM_CompareError_Wait
 .text.R_ECM_Write_Reg8
                0x0000dee4       0xb0 ./src/drv/r_ecm.o
                0x0000dee4                R_ECM_Write_Reg8
 .text.R_ECM_Write_Reg32
                0x0000df94       0xa4 ./src/drv/r_ecm.o
                0x0000df94                R_ECM_Write_Reg32
 .text.R_ICU_Disable
                0x0000e038       0xb0 ./src/drv/r_icu_init.o
                0x0000e038                R_ICU_Disable
 .text.R_ICU_Enable
                0x0000e0e8       0xb0 ./src/drv/r_icu_init.o
                0x0000e0e8                R_ICU_Enable
 .text.R_ICU_Regist
                0x0000e198      0x1bc ./src/drv/r_icu_init.o
                0x0000e198                R_ICU_Regist
 .text.R_RST_WriteEnable
                0x0000e354       0x3c ./src/drv/r_reset2.o
                0x0000e354                R_RST_WriteEnable
 .text.R_RST_WriteDisable
                0x0000e390       0x3c ./src/drv/r_reset2.o
                0x0000e390                R_RST_WriteDisable
 .text.__exit   0x0000e3cc       0x14 ./src/common/exit.o
                0x0000e3cc                __exit
 .text.memcpy   0x0000e3e0       0x7c C:\\Users\\josch\\OneDrive\\Studium\\Semester\\6. Semester\\Fachpraktikum\\EtherCAT_CiA402\\1_Workspace\\workspace_selfmade_ssc\\1_V2.x\\EtherCAT_SSC_CiA402\\project\\sflash\\RZ_T_sflash\\HardwareDebug\libRZ_T_sflash_sample.a(_memcpy.o)
                0x0000e3e0                memcpy
 .text.memset   0x0000e45c       0x64 C:\\Users\\josch\\OneDrive\\Studium\\Semester\\6. Semester\\Fachpraktikum\\EtherCAT_CiA402\\1_Workspace\\workspace_selfmade_ssc\\1_V2.x\\EtherCAT_SSC_CiA402\\project\\sflash\\RZ_T_sflash\\HardwareDebug\libRZ_T_sflash_sample.a(_memset.o)
                0x0000e45c                memset
 .text.strlen   0x0000e4c0       0x54 C:\\Users\\josch\\OneDrive\\Studium\\Semester\\6. Semester\\Fachpraktikum\\EtherCAT_CiA402\\1_Workspace\\workspace_selfmade_ssc\\1_V2.x\\EtherCAT_SSC_CiA402\\project\\sflash\\RZ_T_sflash\\HardwareDebug\libRZ_T_sflash_sample.a(_strlen.o)
                0x0000e4c0                strlen
 .text.free     0x0000e514      0x190 C:\\Users\\josch\\OneDrive\\Studium\\Semester\\6. Semester\\Fachpraktikum\\EtherCAT_CiA402\\1_Workspace\\workspace_selfmade_ssc\\1_V2.x\\EtherCAT_SSC_CiA402\\project\\sflash\\RZ_T_sflash\\HardwareDebug\libRZ_T_sflash_sample.a(newfree.o)
                0x0000e514                free
 .text._make_new_mem_hole
                0x0000e6a4       0x78 C:\\Users\\josch\\OneDrive\\Studium\\Semester\\6. Semester\\Fachpraktikum\\EtherCAT_CiA402\\1_Workspace\\workspace_selfmade_ssc\\1_V2.x\\EtherCAT_SSC_CiA402\\project\\sflash\\RZ_T_sflash\\HardwareDebug\libRZ_T_sflash_sample.a(newmalloc.o)
                0x0000e6a4                _make_new_mem_hole
 .text.malloc   0x0000e71c      0x1bc C:\\Users\\josch\\OneDrive\\Studium\\Semester\\6. Semester\\Fachpraktikum\\EtherCAT_CiA402\\1_Workspace\\workspace_selfmade_ssc\\1_V2.x\\EtherCAT_SSC_CiA402\\project\\sflash\\RZ_T_sflash\\HardwareDebug\libRZ_T_sflash_sample.a(newmalloc.o)
                0x0000e71c                malloc

.glue_7         0x0000e8d8        0x0 load address 0x30012b20
 .glue_7        0x0000e8d8        0x0 linker stubs

.glue_7t        0x0000e8d8        0x0 load address 0x30012b20
 .glue_7t       0x0000e8d8        0x0 linker stubs

.vfp11_veneer   0x0000e8d8        0x0 load address 0x30012b20
 .vfp11_veneer  0x0000e8d8        0x0 linker stubs

.v4_bx          0x0000e8d8        0x0 load address 0x30012b20
 .v4_bx         0x0000e8d8        0x0 linker stubs

.iplt           0x0000e8d8        0x0 load address 0x30012b20
 .iplt          0x0000e8d8        0x0 ./src/sample/src/Src/CiA402Example.o

.rvectors       0x0000e8d8        0x0
                0x0000e8d8                _rvectors_start = .
 *(.rvectors)
                0x0000e8d8                _rvectors_end = .

.init           0x0000e8d8        0x0
 *(.init)
                [!provide]                PROVIDE (__exidx_start, .)
                [!provide]                PROVIDE (__exidx_end, .)

.fini
 *(.fini)

.got
 *(.got)
 *(.got.plt)

.rodata         0x0000e8d8      0xac4 load address 0x30012b20
 *(.rodata)
 *(.rodata.*)
 .rodata.asEntryDesc0x1600
                0x0000e8d8       0x18 ./src/sample/src/Src/coeappl.o
                0x0000e8d8                asEntryDesc0x1600
 .rodata.aName0x1600
                0x0000e8f0       0x39 ./src/sample/src/Src/coeappl.o
                0x0000e8f0                aName0x1600
 *fill*         0x0000e929        0x3 
 .rodata.asEntryDesc0x1601
                0x0000e92c       0x18 ./src/sample/src/Src/coeappl.o
                0x0000e92c                asEntryDesc0x1601
 .rodata.aName0x1601
                0x0000e944       0x3e ./src/sample/src/Src/coeappl.o
                0x0000e944                aName0x1601
 *fill*         0x0000e982        0x2 
 .rodata.asEntryDesc0x1602
                0x0000e984       0x18 ./src/sample/src/Src/coeappl.o
                0x0000e984                asEntryDesc0x1602
 .rodata.aName0x1602
                0x0000e99c       0x39 ./src/sample/src/Src/coeappl.o
                0x0000e99c                aName0x1602
 *fill*         0x0000e9d5        0x3 
 .rodata.asEntryDesc0x1A00
                0x0000e9d8       0x18 ./src/sample/src/Src/coeappl.o
                0x0000e9d8                asEntryDesc0x1A00
 .rodata.aName0x1A00
                0x0000e9f0       0x39 ./src/sample/src/Src/coeappl.o
                0x0000e9f0                aName0x1A00
 *fill*         0x0000ea29        0x3 
 .rodata.asEntryDesc0x1A01
                0x0000ea2c       0x18 ./src/sample/src/Src/coeappl.o
                0x0000ea2c                asEntryDesc0x1A01
 .rodata.aName0x1A01
                0x0000ea44       0x3e ./src/sample/src/Src/coeappl.o
                0x0000ea44                aName0x1A01
 *fill*         0x0000ea82        0x2 
 .rodata.asEntryDesc0x1A02
                0x0000ea84       0x18 ./src/sample/src/Src/coeappl.o
                0x0000ea84                asEntryDesc0x1A02
 .rodata.aName0x1A02
                0x0000ea9c       0x39 ./src/sample/src/Src/coeappl.o
                0x0000ea9c                aName0x1A02
 *fill*         0x0000ead5        0x3 
 .rodata.asEntryDesc0x1C12
                0x0000ead8        0xc ./src/sample/src/Src/coeappl.o
                0x0000ead8                asEntryDesc0x1C12
 .rodata.aName0x1C12
                0x0000eae4       0x11 ./src/sample/src/Src/coeappl.o
                0x0000eae4                aName0x1C12
 *fill*         0x0000eaf5        0x3 
 .rodata.asEntryDesc0x1C13
                0x0000eaf8        0xc ./src/sample/src/Src/coeappl.o
                0x0000eaf8                asEntryDesc0x1C13
 .rodata.aName0x1C13
                0x0000eb04       0x11 ./src/sample/src/Src/coeappl.o
                0x0000eb04                aName0x1C13
 *fill*         0x0000eb15        0x3 
 .rodata.sEntryDesc0x3500
                0x0000eb18        0x6 ./src/sample/src/Src/coeappl.o
                0x0000eb18                sEntryDesc0x3500
 *fill*         0x0000eb1e        0x2 
 .rodata.aName0x3500
                0x0000eb20        0xb ./src/sample/src/Src/coeappl.o
                0x0000eb20                aName0x3500
 *fill*         0x0000eb2b        0x1 
 .rodata.sEntryDesc0x3501
                0x0000eb2c        0x6 ./src/sample/src/Src/coeappl.o
                0x0000eb2c                sEntryDesc0x3501
 *fill*         0x0000eb32        0x2 
 .rodata.aName0x3501
                0x0000eb34        0xb ./src/sample/src/Src/coeappl.o
                0x0000eb34                aName0x3501
 *fill*         0x0000eb3f        0x1 
 .rodata.sEntryDesc0x3502
                0x0000eb40        0x6 ./src/sample/src/Src/coeappl.o
                0x0000eb40                sEntryDesc0x3502
 *fill*         0x0000eb46        0x2 
 .rodata.aName0x3502
                0x0000eb48        0xb ./src/sample/src/Src/coeappl.o
                0x0000eb48                aName0x3502
 *fill*         0x0000eb53        0x1 
 .rodata.sEntryDesc0x603F
                0x0000eb54        0x6 ./src/sample/src/Src/coeappl.o
                0x0000eb54                sEntryDesc0x603F
 *fill*         0x0000eb5a        0x2 
 .rodata.aName0x603F
                0x0000eb5c        0xd ./src/sample/src/Src/coeappl.o
                0x0000eb5c                aName0x603F
 *fill*         0x0000eb69        0x3 
 .rodata.sEntryDesc0x6040
                0x0000eb6c        0x6 ./src/sample/src/Src/coeappl.o
                0x0000eb6c                sEntryDesc0x6040
 *fill*         0x0000eb72        0x2 
 .rodata.aName0x6040
                0x0000eb74        0xe ./src/sample/src/Src/coeappl.o
                0x0000eb74                aName0x6040
 *fill*         0x0000eb82        0x2 
 .rodata.sEntryDesc0x6041
                0x0000eb84        0x6 ./src/sample/src/Src/coeappl.o
                0x0000eb84                sEntryDesc0x6041
 *fill*         0x0000eb8a        0x2 
 .rodata.aName0x6041
                0x0000eb8c        0xd ./src/sample/src/Src/coeappl.o
                0x0000eb8c                aName0x6041
 *fill*         0x0000eb99        0x3 
 .rodata.sEntryDesc0x605A
                0x0000eb9c        0x6 ./src/sample/src/Src/coeappl.o
                0x0000eb9c                sEntryDesc0x605A
 *fill*         0x0000eba2        0x2 
 .rodata.aName0x605A
                0x0000eba4       0x19 ./src/sample/src/Src/coeappl.o
                0x0000eba4                aName0x605A
 *fill*         0x0000ebbd        0x3 
 .rodata.sEntryDesc0x605B
                0x0000ebc0        0x6 ./src/sample/src/Src/coeappl.o
                0x0000ebc0                sEntryDesc0x605B
 *fill*         0x0000ebc6        0x2 
 .rodata.aName0x605B
                0x0000ebc8       0x17 ./src/sample/src/Src/coeappl.o
                0x0000ebc8                aName0x605B
 *fill*         0x0000ebdf        0x1 
 .rodata.sEntryDesc0x605C
                0x0000ebe0        0x6 ./src/sample/src/Src/coeappl.o
                0x0000ebe0                sEntryDesc0x605C
 *fill*         0x0000ebe6        0x2 
 .rodata.aName0x605C
                0x0000ebe8       0x20 ./src/sample/src/Src/coeappl.o
                0x0000ebe8                aName0x605C
 .rodata.sEntryDesc0x605E
                0x0000ec08        0x6 ./src/sample/src/Src/coeappl.o
                0x0000ec08                sEntryDesc0x605E
 *fill*         0x0000ec0e        0x2 
 .rodata.aName0x605E
                0x0000ec10       0x1d ./src/sample/src/Src/coeappl.o
                0x0000ec10                aName0x605E
 *fill*         0x0000ec2d        0x3 
 .rodata.sEntryDesc0x6060
                0x0000ec30        0x6 ./src/sample/src/Src/coeappl.o
                0x0000ec30                sEntryDesc0x6060
 *fill*         0x0000ec36        0x2 
 .rodata.aName0x6060
                0x0000ec38       0x15 ./src/sample/src/Src/coeappl.o
                0x0000ec38                aName0x6060
 *fill*         0x0000ec4d        0x3 
 .rodata.sEntryDesc0x6061
                0x0000ec50        0x6 ./src/sample/src/Src/coeappl.o
                0x0000ec50                sEntryDesc0x6061
 *fill*         0x0000ec56        0x2 
 .rodata.aName0x6061
                0x0000ec58       0x1d ./src/sample/src/Src/coeappl.o
                0x0000ec58                aName0x6061
 *fill*         0x0000ec75        0x3 
 .rodata.sEntryDesc0x6064
                0x0000ec78        0x6 ./src/sample/src/Src/coeappl.o
                0x0000ec78                sEntryDesc0x6064
 *fill*         0x0000ec7e        0x2 
 .rodata.aName0x6064
                0x0000ec80       0x18 ./src/sample/src/Src/coeappl.o
                0x0000ec80                aName0x6064
 .rodata.sEntryDesc0x606C
                0x0000ec98        0x6 ./src/sample/src/Src/coeappl.o
                0x0000ec98                sEntryDesc0x606C
 *fill*         0x0000ec9e        0x2 
 .rodata.aName0x606C
                0x0000eca0       0x18 ./src/sample/src/Src/coeappl.o
                0x0000eca0                aName0x606C
 .rodata.sEntryDesc0x6077
                0x0000ecb8        0x6 ./src/sample/src/Src/coeappl.o
                0x0000ecb8                sEntryDesc0x6077
 *fill*         0x0000ecbe        0x2 
 .rodata.aName0x6077
                0x0000ecc0       0x16 ./src/sample/src/Src/coeappl.o
                0x0000ecc0                aName0x6077
 *fill*         0x0000ecd6        0x2 
 .rodata.sEntryDesc0x607A
                0x0000ecd8        0x6 ./src/sample/src/Src/coeappl.o
                0x0000ecd8                sEntryDesc0x607A
 *fill*         0x0000ecde        0x2 
 .rodata.aName0x607A
                0x0000ece0       0x12 ./src/sample/src/Src/coeappl.o
                0x0000ece0                aName0x607A
 *fill*         0x0000ecf2        0x2 
 .rodata.asEntryDesc0x607D
                0x0000ecf4       0x12 ./src/sample/src/Src/coeappl.o
                0x0000ecf4                asEntryDesc0x607D
 *fill*         0x0000ed06        0x2 
 .rodata.aName0x607D
                0x0000ed08       0x40 ./src/sample/src/Src/coeappl.o
                0x0000ed08                aName0x607D
 .rodata.sEntryDesc0x6085
                0x0000ed48        0x6 ./src/sample/src/Src/coeappl.o
                0x0000ed48                sEntryDesc0x6085
 *fill*         0x0000ed4e        0x2 
 .rodata.aName0x6085
                0x0000ed50       0x1a ./src/sample/src/Src/coeappl.o
                0x0000ed50                aName0x6085
 *fill*         0x0000ed6a        0x2 
 .rodata.asEntryDesc0x60C2
                0x0000ed6c       0x12 ./src/sample/src/Src/coeappl.o
                0x0000ed6c                asEntryDesc0x60C2
 *fill*         0x0000ed7e        0x2 
 .rodata.aName0x60C2
                0x0000ed80       0x55 ./src/sample/src/Src/coeappl.o
                0x0000ed80                aName0x60C2
 *fill*         0x0000edd5        0x3 
 .rodata.sEntryDesc0x60FF
                0x0000edd8        0x6 ./src/sample/src/Src/coeappl.o
                0x0000edd8                sEntryDesc0x60FF
 *fill*         0x0000edde        0x2 
 .rodata.aName0x60FF
                0x0000ede0       0x12 ./src/sample/src/Src/coeappl.o
                0x0000ede0                aName0x60FF
 *fill*         0x0000edf2        0x2 
 .rodata.sEntryDesc0x6464
                0x0000edf4        0x6 ./src/sample/src/Src/coeappl.o
                0x0000edf4                sEntryDesc0x6464
 *fill*         0x0000edfa        0x2 
 .rodata.aName0x6464
                0x0000edfc       0x1e ./src/sample/src/Src/coeappl.o
                0x0000edfc                aName0x6464
 *fill*         0x0000ee1a        0x2 
 .rodata.sEntryDesc0x647A
                0x0000ee1c        0x6 ./src/sample/src/Src/coeappl.o
                0x0000ee1c                sEntryDesc0x647A
 *fill*         0x0000ee22        0x2 
 .rodata.aName0x647A
                0x0000ee24       0x18 ./src/sample/src/Src/coeappl.o
                0x0000ee24                aName0x647A
 .rodata.sEntryDesc0x6502
                0x0000ee3c        0x6 ./src/sample/src/Src/coeappl.o
                0x0000ee3c                sEntryDesc0x6502
 *fill*         0x0000ee42        0x2 
 .rodata.aName0x6502
                0x0000ee44       0x18 ./src/sample/src/Src/coeappl.o
                0x0000ee44                aName0x6502
 .rodata.asEntryDesc0xF000
                0x0000ee5c       0x12 ./src/sample/src/Src/coeappl.o
                0x0000ee5c                asEntryDesc0xF000
 *fill*         0x0000ee6e        0x2 
 .rodata.aName0xF000
                0x0000ee70       0x44 ./src/sample/src/Src/coeappl.o
                0x0000ee70                aName0xF000
 .rodata.asEntryDesc0xF010
                0x0000eeb4        0xc ./src/sample/src/Src/coeappl.o
                0x0000eeb4                asEntryDesc0xF010
 .rodata.aName0xF010
                0x0000eec0       0x16 ./src/sample/src/Src/coeappl.o
                0x0000eec0                aName0xF010
 *fill*         0x0000eed6        0x2 
 .rodata.sEntryDesc0x1000
                0x0000eed8        0x6 ./src/sample/src/Src/coeappl.o
                0x0000eed8                sEntryDesc0x1000
 *fill*         0x0000eede        0x2 
 .rodata.aName0x1000
                0x0000eee0        0xc ./src/sample/src/Src/coeappl.o
                0x0000eee0                aName0x1000
 .rodata.sEntryDesc0x1001
                0x0000eeec        0x6 ./src/sample/src/Src/coeappl.o
                0x0000eeec                sEntryDesc0x1001
 *fill*         0x0000eef2        0x2 
 .rodata.aName0x1001
                0x0000eef4        0xf ./src/sample/src/Src/coeappl.o
                0x0000eef4                aName0x1001
 *fill*         0x0000ef03        0x1 
 .rodata.sEntryDesc0x1008
                0x0000ef04        0x6 ./src/sample/src/Src/coeappl.o
                0x0000ef04                sEntryDesc0x1008
 *fill*         0x0000ef0a        0x2 
 .rodata.aName0x1008
                0x0000ef0c        0xc ./src/sample/src/Src/coeappl.o
                0x0000ef0c                aName0x1008
 .rodata.sEntryDesc0x1009
                0x0000ef18        0x6 ./src/sample/src/Src/coeappl.o
                0x0000ef18                sEntryDesc0x1009
 *fill*         0x0000ef1e        0x2 
 .rodata.aName0x1009
                0x0000ef20       0x11 ./src/sample/src/Src/coeappl.o
                0x0000ef20                aName0x1009
 *fill*         0x0000ef31        0x3 
 .rodata.sEntryDesc0x100A
                0x0000ef34        0x6 ./src/sample/src/Src/coeappl.o
                0x0000ef34                sEntryDesc0x100A
 *fill*         0x0000ef3a        0x2 
 .rodata.aName0x100A
                0x0000ef3c       0x11 ./src/sample/src/Src/coeappl.o
                0x0000ef3c                aName0x100A
 *fill*         0x0000ef4d        0x3 
 .rodata.asEntryDesc0x1018
                0x0000ef50       0x1e ./src/sample/src/Src/coeappl.o
                0x0000ef50                asEntryDesc0x1018
 *fill*         0x0000ef6e        0x2 
 .rodata.aName0x1018
                0x0000ef70       0x39 ./src/sample/src/Src/coeappl.o
                0x0000ef70                aName0x1018
 *fill*         0x0000efa9        0x3 
 .rodata.asEntryDesc0x10F1
                0x0000efac       0x12 ./src/sample/src/Src/coeappl.o
                0x0000efac                asEntryDesc0x10F1
 *fill*         0x0000efbe        0x2 
 .rodata.aName0x10F1
                0x0000efc0       0x3f ./src/sample/src/Src/coeappl.o
                0x0000efc0                aName0x10F1
 *fill*         0x0000efff        0x1 
 .rodata.sEntryDesc0x10F8
                0x0000f000        0x6 ./src/sample/src/Src/coeappl.o
                0x0000f000                sEntryDesc0x10F8
 *fill*         0x0000f006        0x2 
 .rodata.aName0x10F8
                0x0000f008       0x13 ./src/sample/src/Src/coeappl.o
                0x0000f008                aName0x10F8
 *fill*         0x0000f01b        0x1 
 .rodata.asEntryDesc0x1C00
                0x0000f01c        0xc ./src/sample/src/Src/coeappl.o
                0x0000f01c                asEntryDesc0x1C00
 .rodata.aName0x1C00
                0x0000f028       0x12 ./src/sample/src/Src/coeappl.o
                0x0000f028                aName0x1C00
 *fill*         0x0000f03a        0x2 
 .rodata.asEntryDesc0x1C3x
                0x0000f03c       0xc6 ./src/sample/src/Src/coeappl.o
                0x0000f03c                asEntryDesc0x1C3x
 *fill*         0x0000f102        0x2 
 .rodata.aName0x1C32
                0x0000f104      0x100 ./src/sample/src/Src/coeappl.o
                0x0000f104                aName0x1C32
 .rodata.aName0x1C33
                0x0000f204       0xff ./src/sample/src/Src/coeappl.o
                0x0000f204                aName0x1C33
 *fill*         0x0000f303        0x1 
 .rodata.cBitMask
                0x0000f304       0x20 ./src/sample/src/Src/objdef.o
                0x0000f304                cBitMask
 .rodata.cAbortCode
                0x0000f324       0x78 ./src/sample/src/Src/sdoserv.o
                0x0000f324                cAbortCode
                0x0000f39c                _erodata = .

.rel.dyn        0x0000f39c        0x0 load address 0x300135e4
 .rel.iplt      0x0000f39c        0x0 ./src/sample/src/Src/CiA402Example.o

.eh_frame_hdr
 *(.eh_frame_hdr)

.eh_frame
 *(.eh_frame)

.jcr
 *(.jcr)

.tors           0x0000f39c        0x0
                0x0000f39c                __CTOR_LIST__ = .
                0x0000f39c                . = ALIGN (0x2)
                0x0000f39c                __ctors = .
 *(.ctors)
                0x0000f39c                __ctors_end = .
                0x0000f39c                __CTOR_END__ = .
                0x0000f39c                __DTOR_LIST__ = .
                0x0000f39c                ___dtors = .
 *(.dtors)
                0x0000f39c                ___dtors_end = .
                0x0000f39c                __DTOR_END__ = .
                0x0000f39c                . = ALIGN (0x2)
                0x0000f39c                _text_end = .

.data           0x0000f39c      0x81c load address 0x300135e4
                0x0000f39c                _data_start = .
 *(.data)
 *(.data.*)
 .data.RxPdoMappingCsp0x1600
                0x0000f39c       0x10 ./src/sample/src/Src/CiA402Example.o
                0x0000f39c                RxPdoMappingCsp0x1600
 .data.RxPdoMappingCspLarge0x1601
                0x0000f3ac       0x10 ./src/sample/src/Src/CiA402Example.o
                0x0000f3ac                RxPdoMappingCspLarge0x1601
 .data.RxPdoMappingCsv0x1602
                0x0000f3bc       0x10 ./src/sample/src/Src/CiA402Example.o
                0x0000f3bc                RxPdoMappingCsv0x1602
 .data.TxPdoMappingCsp0x1A00
                0x0000f3cc       0x10 ./src/sample/src/Src/CiA402Example.o
                0x0000f3cc                TxPdoMappingCsp0x1A00
 .data.TxPdoMappingCspLarge0x1A01
                0x0000f3dc       0x10 ./src/sample/src/Src/CiA402Example.o
                0x0000f3dc                TxPdoMappingCspLarge0x1A01
 .data.TxPdoMappingCsv0x1A02
                0x0000f3ec       0x10 ./src/sample/src/Src/CiA402Example.o
                0x0000f3ec                TxPdoMappingCsv0x1A02
 .data.sRxPDOassign
                0x0000f3fc        0x4 ./src/sample/src/Src/CiA402Example.o
                0x0000f3fc                sRxPDOassign
 .data.sTxPDOassign
                0x0000f400        0x4 ./src/sample/src/Src/CiA402Example.o
                0x0000f400                sTxPDOassign
 .data.SoftwarePositionLimit0x607D
                0x0000f404        0xc ./src/sample/src/Src/CiA402Example.o
                0x0000f404                SoftwarePositionLimit0x607D
 .data.InterpolationTimePeriod0x60C2
                0x0000f410        0x4 ./src/sample/src/Src/CiA402Example.o
                0x0000f410                InterpolationTimePeriod0x60C2
 .data.SupportedDriveModes0x6502
                0x0000f414        0x4 ./src/sample/src/Src/CiA402Example.o
                0x0000f414                SupportedDriveModes0x6502
 .data.ModularDeviceProfile0xF000
                0x0000f418        0x6 ./src/sample/src/Src/CiA402Example.o
                0x0000f418                ModularDeviceProfile0xF000
 *fill*         0x0000f41e        0x2 
 .data.ModuleProfileList0xF010
                0x0000f420        0x8 ./src/sample/src/Src/CiA402Example.o
                0x0000f420                ModuleProfileList0xF010
 .data.ApplicationObjDic
                0x0000f428      0x550 ./src/sample/src/Src/coeappl.o
                0x0000f428                ApplicationObjDic
 .data.u32Devicetype
                0x0000f978        0x4 ./src/sample/src/Src/coeappl.o
                0x0000f978                u32Devicetype
 .data.acDevicename
                0x0000f97c        0xa ./src/sample/src/Src/coeappl.o
                0x0000f97c                acDevicename
 *fill*         0x0000f986        0x2 
 .data.acHardwareversion
                0x0000f988        0x4 ./src/sample/src/Src/coeappl.o
                0x0000f988                acHardwareversion
 .data.acSoftwareversion
                0x0000f98c        0x5 ./src/sample/src/Src/coeappl.o
                0x0000f98c                acSoftwareversion
 *fill*         0x0000f991        0x3 
 .data.sIdentity
                0x0000f994       0x14 ./src/sample/src/Src/coeappl.o
                0x0000f994                sIdentity
 .data.sSyncmanagertype
                0x0000f9a8        0x6 ./src/sample/src/Src/coeappl.o
                0x0000f9a8                sSyncmanagertype
 *fill*         0x0000f9ae        0x2 
 .data.GenObjDic
                0x0000f9b0      0x1e0 ./src/sample/src/Src/coeappl.o
                0x0000f9b0                GenObjDic
 .data.sErrorSettings
                0x0000fb90        0xc ./src/sample/src/Src/objdef.o
                0x0000fb90                sErrorSettings
 .data.aSubindexDesc
                0x0000fb9c        0xd ./src/sample/src/Src/objdef.o
                0x0000fb9c                aSubindexDesc
 *fill*         0x0000fba9        0x3 
 .data.g_pcmd_reg_adrr
                0x0000fbac        0xc ./src/drv/r_ecm.o
                0x0000fbb8                _data_end = .

.igot.plt       0x0000fbb8        0x0 load address 0x30013e00
 .igot.plt      0x0000fbb8        0x0 ./src/sample/src/Src/CiA402Example.o

.bss            0x0000fbb8      0x2dd load address 0x30013e00
                0x0000fbb8                PROVIDE (__bss_start__, .)
                0x0000fbb8                _bss = .
 *(.bss)
 *(.bss.*)
 .bss.SdoData00x3500
                0x0000fbb8        0x4 ./src/sample/src/Src/CiA402Example.o
                0x0000fbb8                SdoData00x3500
 .bss.SdoData10x3501
                0x0000fbbc        0x4 ./src/sample/src/Src/CiA402Example.o
                0x0000fbbc                SdoData10x3501
 .bss.SdoData20x3502
                0x0000fbc0        0x4 ./src/sample/src/Src/CiA402Example.o
                0x0000fbc0                SdoData20x3502
 .bss.ErrorCode0x603F
                0x0000fbc4        0x2 ./src/sample/src/Src/CiA402Example.o
                0x0000fbc4                ErrorCode0x603F
 .bss.Controlword0x6040
                0x0000fbc6        0x2 ./src/sample/src/Src/CiA402Example.o
                0x0000fbc6                Controlword0x6040
 .bss.Statusword0x6041
                0x0000fbc8        0x2 ./src/sample/src/Src/CiA402Example.o
                0x0000fbc8                Statusword0x6041
 .bss.QuickStopOptionCode0x605A
                0x0000fbca        0x2 ./src/sample/src/Src/CiA402Example.o
                0x0000fbca                QuickStopOptionCode0x605A
 .bss.ShutdownOptionCode0x605B
                0x0000fbcc        0x2 ./src/sample/src/Src/CiA402Example.o
                0x0000fbcc                ShutdownOptionCode0x605B
 .bss.DisableOperationOptionCode0x605C
                0x0000fbce        0x2 ./src/sample/src/Src/CiA402Example.o
                0x0000fbce                DisableOperationOptionCode0x605C
 .bss.FaultReactionOptionCode0x605E
                0x0000fbd0        0x2 ./src/sample/src/Src/CiA402Example.o
                0x0000fbd0                FaultReactionOptionCode0x605E
 .bss.ModesOfOperation0x6060
                0x0000fbd2        0x1 ./src/sample/src/Src/CiA402Example.o
                0x0000fbd2                ModesOfOperation0x6060
 .bss.ModesOfOperationDisplay0x6061
                0x0000fbd3        0x1 ./src/sample/src/Src/CiA402Example.o
                0x0000fbd3                ModesOfOperationDisplay0x6061
 .bss.PositionActualValue0x6064
                0x0000fbd4        0x4 ./src/sample/src/Src/CiA402Example.o
                0x0000fbd4                PositionActualValue0x6064
 .bss.VelocityActualValue0x606C
                0x0000fbd8        0x4 ./src/sample/src/Src/CiA402Example.o
                0x0000fbd8                VelocityActualValue0x606C
 .bss.TorqueActualValue0x6077
                0x0000fbdc        0x4 ./src/sample/src/Src/CiA402Example.o
                0x0000fbdc                TorqueActualValue0x6077
 .bss.TargetPosition0x607A
                0x0000fbe0        0x4 ./src/sample/src/Src/CiA402Example.o
                0x0000fbe0                TargetPosition0x607A
 .bss.QuickStopDeceleration0x6085
                0x0000fbe4        0x4 ./src/sample/src/Src/CiA402Example.o
                0x0000fbe4                QuickStopDeceleration0x6085
 .bss.TargetVelocity0x60FF
                0x0000fbe8        0x4 ./src/sample/src/Src/CiA402Example.o
                0x0000fbe8                TargetVelocity0x60FF
 *fill*         0x0000fbec        0x4 
 .bss.PositionActualValueLarge0x6464
                0x0000fbf0        0x8 ./src/sample/src/Src/CiA402Example.o
                0x0000fbf0                PositionActualValueLarge0x6464
 .bss.TargetPositionLarge0x647A
                0x0000fbf8        0x8 ./src/sample/src/Src/CiA402Example.o
                0x0000fbf8                TargetPositionLarge0x647A
 .bss.state.6689
                0x0000fc00        0x1 ./src/sample/src/Src/CiA402Example.o
 *fill*         0x0000fc01        0x7 
 .bss.u64Timestamp
                0x0000fc08        0x8 ./src/sample/src/Src/coeappl.o
                0x0000fc08                u64Timestamp
 .bss.u16ErrorRegister
                0x0000fc10        0x2 ./src/sample/src/Src/coeappl.o
                0x0000fc10                u16ErrorRegister
 *fill*         0x0000fc12        0x2 
 .bss.ObjDicList
                0x0000fc14        0x4 ./src/sample/src/Src/coeappl.o
                0x0000fc14                ObjDicList
 .bss.bInitFinished
                0x0000fc18        0x1 ./src/sample/src/Src/ecatappl.o
                0x0000fc18                bInitFinished
 *fill*         0x0000fc19        0x1 
 .bss.ms.6924   0x0000fc1a        0x2 ./src/sample/src/Src/ecatappl.o
 .bss.u8PrevRunLed.6928
                0x0000fc1c        0x1 ./src/sample/src/Src/ecatappl.o
 *fill*         0x0000fc1d        0x1 
 .bss.RunCounter.6925
                0x0000fc1e        0x2 ./src/sample/src/Src/ecatappl.o
 .bss.u8PrevErrorLed.6927
                0x0000fc20        0x1 ./src/sample/src/Src/ecatappl.o
 *fill*         0x0000fc21        0x1 
 .bss.ErrorCounter.6926
                0x0000fc22        0x2 ./src/sample/src/Src/ecatappl.o
 .bss.SMActivate
                0x0000fc24        0x1 ./src/sample/src/Src/ecatslv.o
                0x0000fc24                SMActivate
 .bss.EepromLoaded
                0x0000fc25        0x1 ./src/sample/src/Src/ecatslv.o
                0x0000fc25                EepromLoaded
 *fill*         0x0000fc26        0x2 
 .bss.BaseTime  0x0000fc28        0x4 ./src/sample/src/Src/renesashw.o
                0x0000fc28                BaseTime
 .bss.bSdoInWork
                0x0000fc2c        0x1 ./src/sample/src/Src/sdoserv.o
                0x0000fc2c                bSdoInWork
 .bss.UART_AKTIV_HANDLER
                0x0000fc2d        0x1 ./src/sample/src/Src/uart.o
                0x0000fc2d                UART_AKTIV_HANDLER
 *fill*         0x0000fc2e        0x2 
 .bss.SDO_REQ_FLAG
                0x0000fc30        0x4 ./src/sample/src/Src/uart.o
                0x0000fc30                SDO_REQ_FLAG
 .bss.SDO_IND_FLAG
                0x0000fc34        0x4 ./src/sample/src/Src/uart.o
                0x0000fc34                SDO_IND_FLAG
 .bss.SDO_RES_FLAG
                0x0000fc38        0x4 ./src/sample/src/Src/uart.o
                0x0000fc38                SDO_RES_FLAG
 .bss.SDO_TIMEOUT
                0x0000fc3c        0x4 ./src/sample/src/Src/uart.o
                0x0000fc3c                SDO_TIMEOUT
 .bss.controlword
                0x0000fc40        0x2 ./src/sample/src/Src/uart.o
                0x0000fc40                controlword
 .bss.statusword
                0x0000fc42        0x2 ./src/sample/src/Src/uart.o
                0x0000fc42                statusword
 .bss.targetPosition
                0x0000fc44        0x4 ./src/sample/src/Src/uart.o
                0x0000fc44                targetPosition
 .bss.targetVelocity
                0x0000fc48        0x4 ./src/sample/src/Src/uart.o
                0x0000fc48                targetVelocity
 .bss.actuellePosition
                0x0000fc4c        0x4 ./src/sample/src/Src/uart.o
                0x0000fc4c                actuellePosition
 .bss.headerSDO
                0x0000fc50        0x4 ./src/sample/src/Src/uart.o
                0x0000fc50                headerSDO
 .bss.sdoData   0x0000fc54        0x4 ./src/sample/src/Src/uart.o
                0x0000fc54                sdoData
 .bss.sdo_res_data
                0x0000fc58        0x4 ./src/sample/src/Src/uart.o
                0x0000fc58                sdo_res_data
 .bss.state.45816
                0x0000fc5c        0x1 ./src/sample/src/Src/uart.o
 *fill*         0x0000fc5d        0x3 
 .bss.g_cmt_modes
                0x0000fc60       0x10 ./src/drv/cmt/cmt_userdef.o
 .bss.g_cmt_callbacks
                0x0000fc70       0x10 ./src/drv/cmt/cmt_userdef.o
 .bss._heap_of_memory
                0x0000fc80        0x4 ./src/drv/heapend.o
                0x0000fc80                _heap_of_memory
 .bss._last_heap_object
                0x0000fc84        0x4 ./src/drv/heapend.o
                0x0000fc84                _last_heap_object
 *(COMMON)
 COMMON         0x0000fc88        0x8 ./src/sample/src/Src/coeappl.o
                0x0000fc88                u32LastDc32Value
                0x0000fc8c                u32CheckForDcOverrunCnt
 COMMON         0x0000fc90       0x3d ./src/sample/src/Src/ecatappl.o
                0x0000fc90                bMinCycleTimeMeasurementStarted
                0x0000fc94                u32CycleTimeStartValue
                0x0000fc98                bRunApplication
                0x0000fc9c                u32SystemTimeReadFailure
                0x0000fca0                bEcatWaitForInputUpdate
                0x0000fca4                u32MinCycleTimeValue
                0x0000fca8                aPdOutputData
                0x0000fcb4                pAPPL_MainLoop
                0x0000fcb8                bEtherCATErrorLed
                0x0000fcbc                u32MinCycleTimeStartValue
                0x0000fcc0                aPdInputData
                0x0000fccc                bEtherCATRunLed
 *fill*         0x0000fccd        0x3 
 COMMON         0x0000fcd0        0x4 ./src/sample/src/Src/ecatcoe.o
                0x0000fcd0                pCoeSendStored
 COMMON         0x0000fcd4       0x4c ./src/sample/src/Src/ecatslv.o
                0x0000fcd4                b3BufferMode
                0x0000fcd6                nEcatStateTrans
                0x0000fcd8                bApplEsmPending
                0x0000fcd9                nAlStatus
                0x0000fcda                nPdOutputSize
                0x0000fcdc                u16LocalErrorCode
                0x0000fcde                Sync0WdCounter
                0x0000fce0                bLocalErrorFlag
                0x0000fce2                LatchInputSync0Counter
                0x0000fce4                i16WaitForPllRunningCnt
                0x0000fce6                nEscAddrOutputData
                0x0000fce8                Sync0WdValue
                0x0000fcea                u8EcatRunLed
                0x0000fcec                i16WaitForPllRunningTimeout
                0x0000fcee                Sync1WdValue
                0x0000fcf0                u8dummy
                0x0000fcf2                u16ALEventMask
                0x0000fcf4                bDcRunning
                0x0000fcf8                SyncManInfo
                0x0000fd00                b32BitDc
                0x0000fd02                LatchInputSync0Value
                0x0000fd04                bEcatWaitForAlControlRes
                0x0000fd06                nPdInputSize
                0x0000fd08                u16SmSync0Value
                0x0000fd0a                nMaxEscAddress
                0x0000fd0c                bEcatFirstOutputsReceived
                0x0000fd0d                bSmSyncSequenceValid
                0x0000fd0e                EsmTimeoutCounter
                0x0000fd10                bDcSyncActive
                0x0000fd11                bEcatOutputUpdateRunning
                0x0000fd12                Sync1WdCounter
                0x0000fd14                EcatWdValue
                0x0000fd16                bEcatInputUpdateRunning
                0x0000fd17                bEscIntEnabled
                0x0000fd18                bWdTrigger
                0x0000fd1a                u16SmSync0Counter
                0x0000fd1c                nMaxSyncMan
                0x0000fd1d                u8EcatErrorLed
                0x0000fd1e                nEscAddrInputData
 COMMON         0x0000fd20       0x94 ./src/sample/src/Src/mailbox.o
                0x0000fd20                u8MbxReadCounter
                0x0000fd24                sMbxSendQueue
                0x0000fd58                sMbxReceiveQueue
                0x0000fd8c                bNoMbxMemoryAvailable
                0x0000fd8d                bSendMbxIsFull
                0x0000fd8e                bMbxRunning
                0x0000fd90                u16EscAddrReceiveMbx
                0x0000fd94                psStoreMbx
                0x0000fd98                u16SendMbxSize
                0x0000fd9c                psReadMbx
                0x0000fda0                bReceiveMbxIsLocked
                0x0000fda2                u16EscAddrSendMbx
                0x0000fda4                psWriteMbx
                0x0000fda8                u8MbxWriteCounter
                0x0000fda9                u8MailboxSendReqStored
                0x0000fdaa                u16ReceiveMbxSize
                0x0000fdac                bMbxRepeatToggle
                0x0000fdb0                psRepeatMbx
 COMMON         0x0000fdb4       0x8e ./src/sample/src/Src/objdef.o
                0x0000fdb4                sSyncManInPar
                0x0000fdf8                sSyncManOutPar
                0x0000fe3c                bSyncSetByUser
                0x0000fe40                sCycleDiag
 *fill*         0x0000fe42        0x2 
 COMMON         0x0000fe44        0x4 ./src/sample/src/Src/renesashw.o
                0x0000fe44                pEsc
 COMMON         0x0000fe48       0x4d ./src/sample/src/Src/sdoserv.o
                0x0000fe48                nSdoInfoIndex
                0x0000fe4c                pStoreData
                0x0000fe50                nSdoSegBytesToHandle
                0x0000fe54                bSdoSegAccess
                0x0000fe55                bSdoSegFollows
                0x0000fe58                nSdoSegCompleteSize
                0x0000fe5c                pSdoPendFunc
                0x0000fe60                u8PendingSdo
                0x0000fe61                bStoreCompleteAccess
                0x0000fe62                bSdoSegLastToggle
                0x0000fe63                nSdoSegService
                0x0000fe64                pSdoInfoObjEntry
                0x0000fe68                nSdoInfoFragmentsLeft
                0x0000fe6c                pSdoResStored
                0x0000fe70                u32StoreDataSize
                0x0000fe74                pSdoSegData
                0x0000fe78                nSdoSegIndex
                0x0000fe7c                aSdoInfoHeader
                0x0000fe8c                pSdoSegObjEntry
                0x0000fe90                nSdoSegSubindex
                0x0000fe92                u16StoreIndex
                0x0000fe94                u8StoreSubindex
                0x0000fe95                PROVIDE (__bss_end__, .)
                0x0000fe95                _ebss = .
                0x0000fe95                _end = .

.heap           0x0000fe95     0x800b load address 0x300140dd
                0x0000fea0                . = ALIGN (0x10)
 *fill*         0x0000fe95        0xb 
                0x0000fea0                PROVIDE (end, .)
                0x0000fea0                _HeapStart = .
                0x00017ea0                . = (. + 0x8000)
 *fill*         0x0000fea0     0x8000 
                0x00017ea0                PROVIDE (_HeapEnd, .)

.sys_stack      0x00017ea0     0x2000 load address 0x3001c0e8
 *(.sys_stack)
                0x00017ea0                . = ALIGN (0x10)
                0x00017ea0                _sys_stack_start = .
                0x00019ea0                . = (. + 0x2000)
 *fill*         0x00017ea0     0x2000 
                0x00019ea0                _sys_stack = .

.svc_stack      0x00019ea0     0x2000 load address 0x3001e0e8
 *(.svc_stack)
                0x00019ea0                . = ALIGN (0x10)
                0x00019ea0                _svc_stack_start = .
                0x0001bea0                . = (. + 0x2000)
 *fill*         0x00019ea0     0x2000 
                0x0001bea0                _svc_stack = .

.irq_stack      0x0001bea0     0x1000 load address 0x300200e8
 *(.irq_stack)
                0x0001bea0                . = ALIGN (0x10)
                0x0001bea0                _irq_stack_start = .
                0x0001cea0                . = (. + 0x1000)
 *fill*         0x0001bea0     0x1000 
                0x0001cea0                _irq_stack = .

.fiq_stack      0x0001cea0     0x1000 load address 0x300210e8
 *(.fiq_stack)
                0x0001cea0                . = ALIGN (0x10)
                0x0001cea0                _fiq_stack_start = .
                0x0001dea0                . = (. + 0x1000)
 *fill*         0x0001cea0     0x1000 
                0x0001dea0                _fiq_stack = .

.und_stack      0x0001dea0     0x1000 load address 0x300220e8
 *(.und_stack)
                0x0001dea0                . = ALIGN (0x10)
                0x0001dea0                _und_stack_start = .
                0x0001eea0                . = (. + 0x1000)
 *fill*         0x0001dea0     0x1000 
                0x0001eea0                _und_stack = .

.abt_stack      0x0001eea0     0x1000 load address 0x300230e8
 *(.und_stack)
                0x0001eea0                . = ALIGN (0x10)
                0x0001eea0                _abt_stack_start = .
                0x0001fea0                . = (. + 0x1000)
 *fill*         0x0001eea0     0x1000 
                0x0001fea0                _abt_stack = .
OUTPUT(RZ_T_sflash_sample.x elf32-littlearm)

.debug_info     0x00000000    0xe0f26
 .debug_info    0x00000000     0x17f6 ./src/sample/src/Src/CiA402Example.o
 .debug_info    0x000017f6     0x20f7 ./src/sample/src/Src/coeappl.o
 .debug_info    0x000038ed     0x16bf ./src/sample/src/Src/ecatappl.o
 .debug_info    0x00004fac      0xe1f ./src/sample/src/Src/ecatcoe.o
 .debug_info    0x00005dcb     0x1a03 ./src/sample/src/Src/ecatslv.o
 .debug_info    0x000077ce     0x115a ./src/sample/src/Src/mailbox.o
 .debug_info    0x00008928     0x1832 ./src/sample/src/Src/objdef.o
 .debug_info    0x0000a15a     0x1c92 ./src/sample/src/Src/renesashw.o
 .debug_info    0x0000bdec     0x19ae ./src/sample/src/Src/sdoserv.o
 .debug_info    0x0000d79a    0x1c9ce ./src/sample/src/Src/uart.o
 .debug_info    0x0002a168     0x799a ./src/sample/board_RenesasEva.o
 .debug_info    0x00031b02    0x18f11 ./src/sample/main.o
 .debug_info    0x0004aa13    0x1eaa5 ./src/drv/ether/r_ether.o
 .debug_info    0x000694b8    0x161b6 ./src/drv/cmt/cmt_userdef.o
 .debug_info    0x0007f66e      0x1e7 ./src/drv/cmt/r_cmt.o
 .debug_info    0x0007f855      0x8e9 ./src/drv/heapend.o
 .debug_info    0x0008013e    0x17c38 ./src/drv/r_ecm.o
 .debug_info    0x00097d76    0x16b3f ./src/drv/r_icu_init.o
 .debug_info    0x000ae8b5      0xec6 ./src/drv/r_reset2.o
 .debug_info    0x000af77b     0xa028 ./src/common/sflash_boot/bus_init_serial_boot.o
 .debug_info    0x000b97a3       0x57 ./src/common/sflash_boot/loader_param.o
 .debug_info    0x000b97fa      0x35f ./src/common/sflash_boot/spibsc_flash_api.o
 .debug_info    0x000b9b59      0xef9 ./src/common/sflash_boot/spibsc_flash_userdef.o
 .debug_info    0x000baa52      0x331 ./src/common/sflash_boot/spibsc_ioset_api.o
 .debug_info    0x000bad83     0x5efa ./src/common/sflash_boot/spibsc_ioset_drv.o
 .debug_info    0x000c0c7d      0xb7e ./src/common/sflash_boot/spibsc_ioset_userdef.o
 .debug_info    0x000c17fb       0x51 ./src/common/exit.o
 .debug_info    0x000c184c      0x18e ./src/common/loader_init.o
 .debug_info    0x000c19da     0x1bea ./src/common/loader_init2.o
 .debug_info    0x000c35c4      0xeb0 ./src/common/r_atcm_init.o
 .debug_info    0x000c4474    0x16e01 ./src/common/r_cpg.o
 .debug_info    0x000db275     0x4c62 ./src/common/r_mpc.o
 .debug_info    0x000dfed7      0xec6 ./src/common/r_reset.o
 .debug_info    0x000e0d9d      0x189 ./src/common/vector.o

.debug_abbrev   0x00000000     0x3a8e
 .debug_abbrev  0x00000000      0x2e8 ./src/sample/src/Src/CiA402Example.o
 .debug_abbrev  0x000002e8      0x2b4 ./src/sample/src/Src/coeappl.o
 .debug_abbrev  0x0000059c      0x2a9 ./src/sample/src/Src/ecatappl.o
 .debug_abbrev  0x00000845      0x214 ./src/sample/src/Src/ecatcoe.o
 .debug_abbrev  0x00000a59      0x2e8 ./src/sample/src/Src/ecatslv.o
 .debug_abbrev  0x00000d41      0x28b ./src/sample/src/Src/mailbox.o
 .debug_abbrev  0x00000fcc      0x2ad ./src/sample/src/Src/objdef.o
 .debug_abbrev  0x00001279      0x2d9 ./src/sample/src/Src/renesashw.o
 .debug_abbrev  0x00001552      0x2d3 ./src/sample/src/Src/sdoserv.o
 .debug_abbrev  0x00001825      0x1f1 ./src/sample/src/Src/uart.o
 .debug_abbrev  0x00001a16      0x121 ./src/sample/board_RenesasEva.o
 .debug_abbrev  0x00001b37      0x2e1 ./src/sample/main.o
 .debug_abbrev  0x00001e18      0x32e ./src/drv/ether/r_ether.o
 .debug_abbrev  0x00002146      0x204 ./src/drv/cmt/cmt_userdef.o
 .debug_abbrev  0x0000234a       0xb4 ./src/drv/cmt/r_cmt.o
 .debug_abbrev  0x000023fe      0x1bb ./src/drv/heapend.o
 .debug_abbrev  0x000025b9      0x1f7 ./src/drv/r_ecm.o
 .debug_abbrev  0x000027b0      0x16b ./src/drv/r_icu_init.o
 .debug_abbrev  0x0000291b      0x144 ./src/drv/r_reset2.o
 .debug_abbrev  0x00002a5f      0x207 ./src/common/sflash_boot/bus_init_serial_boot.o
 .debug_abbrev  0x00002c66       0x46 ./src/common/sflash_boot/loader_param.o
 .debug_abbrev  0x00002cac       0xf2 ./src/common/sflash_boot/spibsc_flash_api.o
 .debug_abbrev  0x00002d9e      0x1ed ./src/common/sflash_boot/spibsc_flash_userdef.o
 .debug_abbrev  0x00002f8b       0xd6 ./src/common/sflash_boot/spibsc_ioset_api.o
 .debug_abbrev  0x00003061      0x254 ./src/common/sflash_boot/spibsc_ioset_drv.o
 .debug_abbrev  0x000032b5      0x123 ./src/common/sflash_boot/spibsc_ioset_userdef.o
 .debug_abbrev  0x000033d8       0x49 ./src/common/exit.o
 .debug_abbrev  0x00003421       0x14 ./src/common/loader_init.o
 .debug_abbrev  0x00003435      0x153 ./src/common/loader_init2.o
 .debug_abbrev  0x00003588      0x139 ./src/common/r_atcm_init.o
 .debug_abbrev  0x000036c1      0x16d ./src/common/r_cpg.o
 .debug_abbrev  0x0000382e      0x108 ./src/common/r_mpc.o
 .debug_abbrev  0x00003936      0x144 ./src/common/r_reset.o
 .debug_abbrev  0x00003a7a       0x14 ./src/common/vector.o

.debug_aranges  0x00000000      0x9a0
 .debug_aranges
                0x00000000       0x80 ./src/sample/src/Src/CiA402Example.o
 .debug_aranges
                0x00000080       0x70 ./src/sample/src/Src/coeappl.o
 .debug_aranges
                0x000000f0       0x78 ./src/sample/src/Src/ecatappl.o
 .debug_aranges
                0x00000168       0x30 ./src/sample/src/Src/ecatcoe.o
 .debug_aranges
                0x00000198       0xb8 ./src/sample/src/Src/ecatslv.o
 .debug_aranges
                0x00000250       0x80 ./src/sample/src/Src/mailbox.o
 .debug_aranges
                0x000002d0       0x78 ./src/sample/src/Src/objdef.o
 .debug_aranges
                0x00000348       0x50 ./src/sample/src/Src/renesashw.o
 .debug_aranges
                0x00000398       0x50 ./src/sample/src/Src/sdoserv.o
 .debug_aranges
                0x000003e8       0x68 ./src/sample/src/Src/uart.o
 .debug_aranges
                0x00000450       0x20 ./src/sample/board_RenesasEva.o
 .debug_aranges
                0x00000470       0x60 ./src/sample/main.o
 .debug_aranges
                0x000004d0       0x60 ./src/drv/ether/r_ether.o
 .debug_aranges
                0x00000530       0x58 ./src/drv/cmt/cmt_userdef.o
 .debug_aranges
                0x00000588       0x38 ./src/drv/cmt/r_cmt.o
 .debug_aranges
                0x000005c0       0x20 ./src/drv/heapend.o
 .debug_aranges
                0x000005e0       0x38 ./src/drv/r_ecm.o
 .debug_aranges
                0x00000618       0x38 ./src/drv/r_icu_init.o
 .debug_aranges
                0x00000650       0x28 ./src/drv/r_reset2.o
 .debug_aranges
                0x00000678       0x38 ./src/common/sflash_boot/bus_init_serial_boot.o
 .debug_aranges
                0x000006b0       0x18 ./src/common/sflash_boot/loader_param.o
 .debug_aranges
                0x000006c8       0x38 ./src/common/sflash_boot/spibsc_flash_api.o
 .debug_aranges
                0x00000700       0x68 ./src/common/sflash_boot/spibsc_flash_userdef.o
 .debug_aranges
                0x00000768       0x60 ./src/common/sflash_boot/spibsc_ioset_api.o
 .debug_aranges
                0x000007c8       0x88 ./src/common/sflash_boot/spibsc_ioset_drv.o
 .debug_aranges
                0x00000850       0x20 ./src/common/sflash_boot/spibsc_ioset_userdef.o
 .debug_aranges
                0x00000870       0x20 ./src/common/exit.o
 .debug_aranges
                0x00000890       0x20 ./src/common/loader_init.o
 .debug_aranges
                0x000008b0       0x30 ./src/common/loader_init2.o
 .debug_aranges
                0x000008e0       0x20 ./src/common/r_atcm_init.o
 .debug_aranges
                0x00000900       0x30 ./src/common/r_cpg.o
 .debug_aranges
                0x00000930       0x28 ./src/common/r_mpc.o
 .debug_aranges
                0x00000958       0x28 ./src/common/r_reset.o
 .debug_aranges
                0x00000980       0x20 ./src/common/vector.o

.debug_ranges   0x00000000      0x7b0
 .debug_ranges  0x00000000       0x70 ./src/sample/src/Src/CiA402Example.o
 .debug_ranges  0x00000070       0x78 ./src/sample/src/Src/coeappl.o
 .debug_ranges  0x000000e8       0x80 ./src/sample/src/Src/ecatappl.o
 .debug_ranges  0x00000168       0x20 ./src/sample/src/Src/ecatcoe.o
 .debug_ranges  0x00000188       0xa8 ./src/sample/src/Src/ecatslv.o
 .debug_ranges  0x00000230       0x70 ./src/sample/src/Src/mailbox.o
 .debug_ranges  0x000002a0       0x68 ./src/sample/src/Src/objdef.o
 .debug_ranges  0x00000308       0x40 ./src/sample/src/Src/renesashw.o
 .debug_ranges  0x00000348       0x68 ./src/sample/src/Src/sdoserv.o
 .debug_ranges  0x000003b0       0x58 ./src/sample/src/Src/uart.o
 .debug_ranges  0x00000408       0x10 ./src/sample/board_RenesasEva.o
 .debug_ranges  0x00000418       0x50 ./src/sample/main.o
 .debug_ranges  0x00000468       0x50 ./src/drv/ether/r_ether.o
 .debug_ranges  0x000004b8       0x48 ./src/drv/cmt/cmt_userdef.o
 .debug_ranges  0x00000500       0x28 ./src/drv/cmt/r_cmt.o
 .debug_ranges  0x00000528       0x10 ./src/drv/heapend.o
 .debug_ranges  0x00000538       0x28 ./src/drv/r_ecm.o
 .debug_ranges  0x00000560       0x28 ./src/drv/r_icu_init.o
 .debug_ranges  0x00000588       0x18 ./src/drv/r_reset2.o
 .debug_ranges  0x000005a0       0x28 ./src/common/sflash_boot/bus_init_serial_boot.o
 .debug_ranges  0x000005c8       0x28 ./src/common/sflash_boot/spibsc_flash_api.o
 .debug_ranges  0x000005f0       0x58 ./src/common/sflash_boot/spibsc_flash_userdef.o
 .debug_ranges  0x00000648       0x50 ./src/common/sflash_boot/spibsc_ioset_api.o
 .debug_ranges  0x00000698       0x78 ./src/common/sflash_boot/spibsc_ioset_drv.o
 .debug_ranges  0x00000710       0x10 ./src/common/sflash_boot/spibsc_ioset_userdef.o
 .debug_ranges  0x00000720       0x10 ./src/common/exit.o
 .debug_ranges  0x00000730       0x20 ./src/common/loader_init2.o
 .debug_ranges  0x00000750       0x10 ./src/common/r_atcm_init.o
 .debug_ranges  0x00000760       0x20 ./src/common/r_cpg.o
 .debug_ranges  0x00000780       0x18 ./src/common/r_mpc.o
 .debug_ranges  0x00000798       0x18 ./src/common/r_reset.o

.debug_macro    0x00000000     0x809e
 .debug_macro   0x00000000      0x1b9 ./src/sample/src/Src/CiA402Example.o
 .debug_macro   0x000001b9      0x8b0 ./src/sample/src/Src/CiA402Example.o
 .debug_macro   0x00000a69       0x22 ./src/sample/src/Src/CiA402Example.o
 .debug_macro   0x00000a8b       0x52 ./src/sample/src/Src/CiA402Example.o
 .debug_macro   0x00000add       0x8d ./src/sample/src/Src/CiA402Example.o
 .debug_macro   0x00000b6a       0x35 ./src/sample/src/Src/CiA402Example.o
 .debug_macro   0x00000b9f       0x9c ./src/sample/src/Src/CiA402Example.o
 .debug_macro   0x00000c3b       0x16 ./src/sample/src/Src/CiA402Example.o
 .debug_macro   0x00000c51      0x10e ./src/sample/src/Src/CiA402Example.o
 .debug_macro   0x00000d5f       0x8d ./src/sample/src/Src/CiA402Example.o
 .debug_macro   0x00000dec       0x57 ./src/sample/src/Src/CiA402Example.o
 .debug_macro   0x00000e43       0x58 ./src/sample/src/Src/CiA402Example.o
 .debug_macro   0x00000e9b       0x1f ./src/sample/src/Src/CiA402Example.o
 .debug_macro   0x00000eba       0x43 ./src/sample/src/Src/CiA402Example.o
 .debug_macro   0x00000efd       0x20 ./src/sample/src/Src/CiA402Example.o
 .debug_macro   0x00000f1d      0x187 ./src/sample/src/Src/CiA402Example.o
 .debug_macro   0x000010a4      0x330 ./src/sample/src/Src/CiA402Example.o
 .debug_macro   0x000013d4       0x16 ./src/sample/src/Src/CiA402Example.o
 .debug_macro   0x000013ea       0x29 ./src/sample/src/Src/CiA402Example.o
 .debug_macro   0x00001413       0x16 ./src/sample/src/Src/CiA402Example.o
 .debug_macro   0x00001429       0x35 ./src/sample/src/Src/CiA402Example.o
 .debug_macro   0x0000145e      0x446 ./src/sample/src/Src/CiA402Example.o
 .debug_macro   0x000018a4      0x1bf ./src/sample/src/Src/CiA402Example.o
 .debug_macro   0x00001a63       0xec ./src/sample/src/Src/CiA402Example.o
 .debug_macro   0x00001b4f      0x4ad ./src/sample/src/Src/CiA402Example.o
 .debug_macro   0x00001ffc       0xde ./src/sample/src/Src/CiA402Example.o
 .debug_macro   0x000020da       0x64 ./src/sample/src/Src/CiA402Example.o
 .debug_macro   0x0000213e      0x4b4 ./src/sample/src/Src/CiA402Example.o
 .debug_macro   0x000025f2      0x1f0 ./src/sample/src/Src/CiA402Example.o
 .debug_macro   0x000027e2       0xad ./src/sample/src/Src/CiA402Example.o
 .debug_macro   0x0000288f       0x10 ./src/sample/src/Src/CiA402Example.o
 .debug_macro   0x0000289f       0x11 ./src/sample/src/Src/CiA402Example.o
 .debug_macro   0x000028b0       0x18 ./src/sample/src/Src/CiA402Example.o
 .debug_macro   0x000028c8       0x10 ./src/sample/src/Src/CiA402Example.o
 .debug_macro   0x000028d8      0x1b3 ./src/sample/src/Src/coeappl.o
 .debug_macro   0x00002a8b       0x1c ./src/sample/src/Src/coeappl.o
 .debug_macro   0x00002aa7       0x18 ./src/sample/src/Src/coeappl.o
 .debug_macro   0x00002abf       0x10 ./src/sample/src/Src/coeappl.o
 .debug_macro   0x00002acf      0x220 ./src/sample/src/Src/ecatappl.o
 .debug_macro   0x00002cef       0xad ./src/sample/src/Src/ecatappl.o
 .debug_macro   0x00002d9c       0x1c ./src/sample/src/Src/ecatappl.o
 .debug_macro   0x00002db8       0xa4 ./src/sample/src/Src/ecatappl.o
 .debug_macro   0x00002e5c       0x19 ./src/sample/src/Src/ecatappl.o
 .debug_macro   0x00002e75       0x12 ./src/sample/src/Src/ecatappl.o
 .debug_macro   0x00002e87       0x10 ./src/sample/src/Src/ecatappl.o
 .debug_macro   0x00002e97       0x12 ./src/sample/src/Src/ecatappl.o
 .debug_macro   0x00002ea9       0x12 ./src/sample/src/Src/ecatappl.o
 .debug_macro   0x00002ebb       0x10 ./src/sample/src/Src/ecatappl.o
 .debug_macro   0x00002ecb      0x16c ./src/sample/src/Src/ecatcoe.o
 .debug_macro   0x00003037       0x10 ./src/sample/src/Src/ecatcoe.o
 .debug_macro   0x00003047      0x1c9 ./src/sample/src/Src/ecatslv.o
 .debug_macro   0x00003210      0x4ad ./src/sample/src/Src/ecatslv.o
 .debug_macro   0x000036bd      0x195 ./src/sample/src/Src/mailbox.o
 .debug_macro   0x00003852       0xde ./src/sample/src/Src/mailbox.o
 .debug_macro   0x00003930      0x1b8 ./src/sample/src/Src/objdef.o
 .debug_macro   0x00003ae8       0x12 ./src/sample/src/Src/objdef.o
 .debug_macro   0x00003afa      0x1d4 ./src/sample/src/Src/renesashw.o
 .debug_macro   0x00003cce       0x87 ./src/sample/src/Src/renesashw.o
 .debug_macro   0x00003d55       0x51 ./src/sample/src/Src/renesashw.o
 .debug_macro   0x00003da6       0xef ./src/sample/src/Src/renesashw.o
 .debug_macro   0x00003e95       0x6a ./src/sample/src/Src/renesashw.o
 .debug_macro   0x00003eff      0x1df ./src/sample/src/Src/renesashw.o
 .debug_macro   0x000040de       0x22 ./src/sample/src/Src/renesashw.o
 .debug_macro   0x00004100      0x3a2 ./src/sample/src/Src/renesashw.o
 .debug_macro   0x000044a2       0x16 ./src/sample/src/Src/renesashw.o
 .debug_macro   0x000044b8      0x87c ./src/sample/src/Src/renesashw.o
 .debug_macro   0x00004d34       0x58 ./src/sample/src/Src/renesashw.o
 .debug_macro   0x00004d8c       0xec ./src/sample/src/Src/renesashw.o
 .debug_macro   0x00004e78       0x16 ./src/sample/src/Src/renesashw.o
 .debug_macro   0x00004e8e      0x17c ./src/sample/src/Src/sdoserv.o
 .debug_macro   0x0000500a      0x4b4 ./src/sample/src/Src/sdoserv.o
 .debug_macro   0x000054be       0x58 ./src/sample/src/Src/uart.o
 .debug_macro   0x00005516       0x10 ./src/sample/src/Src/uart.o
 .debug_macro   0x00005526      0x622 ./src/sample/src/Src/uart.o
 .debug_macro   0x00005b48      0x14a ./src/sample/src/Src/uart.o
 .debug_macro   0x00005c92       0x6c ./src/sample/board_RenesasEva.o
 .debug_macro   0x00005cfe      0x282 ./src/sample/main.o
 .debug_macro   0x00005f80       0x5e ./src/sample/main.o
 .debug_macro   0x00005fde      0x15a ./src/sample/main.o
 .debug_macro   0x00006138       0x1c ./src/sample/main.o
 .debug_macro   0x00006154       0x52 ./src/sample/main.o
 .debug_macro   0x000061a6       0x10 ./src/sample/main.o
 .debug_macro   0x000061b6       0x16 ./src/sample/main.o
 .debug_macro   0x000061cc      0x174 ./src/sample/main.o
 .debug_macro   0x00006340       0x10 ./src/sample/main.o
 .debug_macro   0x00006350       0x10 ./src/sample/main.o
 .debug_macro   0x00006360       0x10 ./src/sample/main.o
 .debug_macro   0x00006370      0x5c8 ./src/sample/main.o
 .debug_macro   0x00006938      0x197 ./src/drv/ether/r_ether.o
 .debug_macro   0x00006acf       0xaf ./src/drv/cmt/cmt_userdef.o
 .debug_macro   0x00006b7e       0x91 ./src/drv/cmt/r_cmt.o
 .debug_macro   0x00006c0f       0xf7 ./src/drv/heapend.o
 .debug_macro   0x00006d06       0xd0 ./src/drv/r_ecm.o
 .debug_macro   0x00006dd6       0xa3 ./src/drv/r_icu_init.o
 .debug_macro   0x00006e79       0xa6 ./src/drv/r_reset2.o
 .debug_macro   0x00006f1f       0xf6 ./src/common/sflash_boot/bus_init_serial_boot.o
 .debug_macro   0x00007015      0x15a ./src/common/sflash_boot/bus_init_serial_boot.o
 .debug_macro   0x0000716f      0x298 ./src/common/sflash_boot/bus_init_serial_boot.o
 .debug_macro   0x00007407      0x209 ./src/common/sflash_boot/bus_init_serial_boot.o
 .debug_macro   0x00007610      0x1e0 ./src/common/sflash_boot/bus_init_serial_boot.o
 .debug_macro   0x000077f0       0xa6 ./src/common/sflash_boot/bus_init_serial_boot.o
 .debug_macro   0x00007896       0x1c ./src/common/sflash_boot/bus_init_serial_boot.o
 .debug_macro   0x000078b2       0x17 ./src/common/sflash_boot/loader_param.o
 .debug_macro   0x000078c9       0xb9 ./src/common/sflash_boot/spibsc_flash_api.o
 .debug_macro   0x00007982       0xbd ./src/common/sflash_boot/spibsc_flash_userdef.o
 .debug_macro   0x00007a3f       0xaf ./src/common/sflash_boot/spibsc_ioset_api.o
 .debug_macro   0x00007aee       0xb9 ./src/common/sflash_boot/spibsc_ioset_drv.o
 .debug_macro   0x00007ba7       0xbf ./src/common/sflash_boot/spibsc_ioset_userdef.o
 .debug_macro   0x00007c66       0x11 ./src/common/exit.o
 .debug_macro   0x00007c77       0xc7 ./src/common/loader_init2.o
 .debug_macro   0x00007d3e       0x70 ./src/common/loader_init2.o
 .debug_macro   0x00007dae       0x1c ./src/common/loader_init2.o
 .debug_macro   0x00007dca       0xa6 ./src/common/r_atcm_init.o
 .debug_macro   0x00007e70       0xdc ./src/common/r_cpg.o
 .debug_macro   0x00007f4c       0xac ./src/common/r_mpc.o
 .debug_macro   0x00007ff8       0xa6 ./src/common/r_reset.o

.debug_line     0x00000000     0x96a3
 .debug_line    0x00000000      0x5a1 ./src/sample/src/Src/CiA402Example.o
 .debug_line    0x000005a1      0x559 ./src/sample/src/Src/coeappl.o
 .debug_line    0x00000afa      0x670 ./src/sample/src/Src/ecatappl.o
 .debug_line    0x0000116a      0x3b0 ./src/sample/src/Src/ecatcoe.o
 .debug_line    0x0000151a      0xa73 ./src/sample/src/Src/ecatslv.o
 .debug_line    0x00001f8d      0x596 ./src/sample/src/Src/mailbox.o
 .debug_line    0x00002523      0x810 ./src/sample/src/Src/objdef.o
 .debug_line    0x00002d33      0x51a ./src/sample/src/Src/renesashw.o
 .debug_line    0x0000324d      0x655 ./src/sample/src/Src/sdoserv.o
 .debug_line    0x000038a2      0x4b9 ./src/sample/src/Src/uart.o
 .debug_line    0x00003d5b      0x3c0 ./src/sample/board_RenesasEva.o
 .debug_line    0x0000411b      0x694 ./src/sample/main.o
 .debug_line    0x000047af      0x618 ./src/drv/ether/r_ether.o
 .debug_line    0x00004dc7      0x487 ./src/drv/cmt/cmt_userdef.o
 .debug_line    0x0000524e      0x3b4 ./src/drv/cmt/r_cmt.o
 .debug_line    0x00005602      0x311 ./src/drv/heapend.o
 .debug_line    0x00005913      0x413 ./src/drv/r_ecm.o
 .debug_line    0x00005d26      0x405 ./src/drv/r_icu_init.o
 .debug_line    0x0000612b      0x39b ./src/drv/r_reset2.o
 .debug_line    0x000064c6      0x54b ./src/common/sflash_boot/bus_init_serial_boot.o
 .debug_line    0x00006a11       0xd7 ./src/common/sflash_boot/loader_param.o
 .debug_line    0x00006ae8      0x40e ./src/common/sflash_boot/spibsc_flash_api.o
 .debug_line    0x00006ef6      0x497 ./src/common/sflash_boot/spibsc_flash_userdef.o
 .debug_line    0x0000738d      0x43f ./src/common/sflash_boot/spibsc_ioset_api.o
 .debug_line    0x000077cc      0x4f8 ./src/common/sflash_boot/spibsc_ioset_drv.o
 .debug_line    0x00007cc4      0x3e2 ./src/common/sflash_boot/spibsc_ioset_userdef.o
 .debug_line    0x000080a6       0xd8 ./src/common/exit.o
 .debug_line    0x0000817e      0x1bc ./src/common/loader_init.o
 .debug_line    0x0000833a      0x40b ./src/common/loader_init2.o
 .debug_line    0x00008745      0x394 ./src/common/r_atcm_init.o
 .debug_line    0x00008ad9      0x3ce ./src/common/r_cpg.o
 .debug_line    0x00008ea7      0x38d ./src/common/r_mpc.o
 .debug_line    0x00009234      0x38f ./src/common/r_reset.o
 .debug_line    0x000095c3       0xe0 ./src/common/vector.o

.debug_str      0x00000000    0x20af4
 .debug_str     0x00000000     0xc1ff ./src/sample/src/Src/CiA402Example.o
                               0xc47f (size before relaxing)
 .debug_str     0x0000c1ff      0x82f ./src/sample/src/Src/coeappl.o
                               0xc9fe (size before relaxing)
 .debug_str     0x0000ca2e      0x345 ./src/sample/src/Src/ecatappl.o
                               0xc4c6 (size before relaxing)
 .debug_str     0x0000cd73      0x1c0 ./src/sample/src/Src/ecatcoe.o
                               0x897d (size before relaxing)
 .debug_str     0x0000cf33      0x38a ./src/sample/src/Src/ecatslv.o
                               0xc504 (size before relaxing)
 .debug_str     0x0000d2bd      0x1f9 ./src/sample/src/Src/mailbox.o
                               0xb35f (size before relaxing)
 .debug_str     0x0000d4b6      0x2cf ./src/sample/src/Src/objdef.o
                               0xbe95 (size before relaxing)
 .debug_str     0x0000d785     0x4426 ./src/sample/src/Src/renesashw.o
                               0xdb73 (size before relaxing)
 .debug_str     0x00011bab      0x366 ./src/sample/src/Src/sdoserv.o
                               0xbfd2 (size before relaxing)
 .debug_str     0x00011f11     0x7c25 ./src/sample/src/Src/uart.o
                               0xc649 (size before relaxing)
 .debug_str     0x00019b36      0x130 ./src/sample/board_RenesasEva.o
                               0x5701 (size before relaxing)
 .debug_str     0x00019c66      0x9ba ./src/sample/main.o
                              0x167cd (size before relaxing)
 .debug_str     0x0001a620     0x210c ./src/drv/ether/r_ether.o
                              0x128cc (size before relaxing)
 .debug_str     0x0001c72c      0x18e ./src/drv/cmt/cmt_userdef.o
                               0xc58a (size before relaxing)
 .debug_str     0x0001c8ba       0xee ./src/drv/cmt/r_cmt.o
                               0x528f (size before relaxing)
 .debug_str     0x0001c9a8       0xdb ./src/drv/heapend.o
                               0x59f1 (size before relaxing)
 .debug_str     0x0001ca83      0x75f ./src/drv/r_ecm.o
                               0xce7a (size before relaxing)
 .debug_str     0x0001d1e2      0x3ee ./src/drv/r_icu_init.o
                               0xc6d0 (size before relaxing)
 .debug_str     0x0001d5d0      0x106 ./src/drv/r_reset2.o
                               0x5db0 (size before relaxing)
 .debug_str     0x0001d6d6     0x23e4 ./src/common/sflash_boot/bus_init_serial_boot.o
                               0x8d79 (size before relaxing)
 .debug_str     0x0001faba       0xce ./src/common/sflash_boot/loader_param.o